[INFO] Error stacktraces are turned on.
[INFO] Scanning for projects...
[INFO] 
[INFO] --------------------< com.scaler:catalog-sqldb-poc >--------------------
[INFO] Building catalog-sqldb-poc 0.0.1-SNAPSHOT
[INFO]   from pom.xml
[INFO] --------------------------------[ jar ]---------------------------------
[INFO] 
[INFO] --- clean:3.3.2:clean (default-clean) @ catalog-sqldb-poc ---
[INFO] Deleting /Users/pponali/Library/CloudStorage/OneDrive-TataCLiQ/practice/TCS_PCM_REPO/bin/custom/catalog-sql/target
[INFO] 
[INFO] --- resources:3.3.1:resources (default-resources) @ catalog-sqldb-poc ---
[INFO] Copying 1 resource from src/main/resources to target/classes
[INFO] Copying 41 resources from src/main/resources to target/classes
[INFO] 
[INFO] --- compiler:3.11.0:compile (default-compile) @ catalog-sqldb-poc ---
[INFO] Changes detected - recompiling the module! :source
[INFO] Compiling 268 source files with javac [debug release 17] to target/classes
[INFO] MapStruct: Using accessor naming strategy: org.mapstruct.ap.spi.DefaultAccessorNamingStrategy
[INFO] MapStruct: Using builder provider: org.mapstruct.ap.spi.DefaultBuilderProvider
[INFO] MapStruct: Using enum naming strategy: org.mapstruct.ap.spi.DefaultEnumMappingStrategy
[INFO]  MapStruct: processing: com.scaler.mapper.ProductCategoryMapper.
[INFO] - MapStruct: creating bean mapping method implementation for com.scaler.dto.ProductCategoryDTO toDTO(com.scaler.entity.ProductCategory entity).
[INFO] -- MapStruct: mapping property: entityProductId( entity ) to: productId(java.util.UUID).
[INFO] -- MapStruct: selecting property mapping: entityProductId( entity ).
[INFO] -- MapStruct: mapping property: entityCategoryId( entity ) to: categoryId(java.util.UUID).
[INFO] -- MapStruct: selecting property mapping: entityCategoryId( entity ).
[INFO] -- MapStruct: mapping property: entityMerchantId( entity ) to: merchantId(java.util.UUID).
[INFO] -- MapStruct: selecting property mapping: entityMerchantId( entity ).
[INFO] -- MapStruct: mapping property: entity.getId() to: id(java.util.UUID).
[INFO] -- MapStruct: selecting property mapping: entity.getId().
[INFO] -- MapStruct: mapping property: entity.getCreatedDate() to: createdDate(java.lang.String).
[INFO] -- MapStruct: selecting property mapping: DateTimeFormatter.ISO_LOCAL_DATE_TIME.format( entity.getCreatedDate() ).
[INFO] -- MapStruct: mapping property: entity.getLastModifiedDate() to: lastModifiedDate(java.lang.String).
[INFO] -- MapStruct: selecting property mapping: DateTimeFormatter.ISO_LOCAL_DATE_TIME.format( entity.getLastModifiedDate() ).
[INFO] -- MapStruct: mapping property: entity.getCreatedBy() to: createdBy(java.lang.String).
[INFO] -- MapStruct: selecting property mapping: entity.getCreatedBy().
[INFO] -- MapStruct: mapping property: entity.getLastModifiedBy() to: lastModifiedBy(java.lang.String).
[INFO] -- MapStruct: selecting property mapping: entity.getLastModifiedBy().
[INFO] -- MapStruct: mapping property: entity.getIsPrimary() to: isPrimary(java.lang.Boolean).
[INFO] -- MapStruct: selecting property mapping: entity.getIsPrimary().
[INFO] -- MapStruct: mapping property: entity.getDisplayOrder() to: displayOrder(java.lang.Integer).
[INFO] -- MapStruct: selecting property mapping: entity.getDisplayOrder().
[INFO] -- MapStruct: mapping property: entity.getEffectiveFrom() to: effectiveFrom(java.time.LocalDateTime).
[INFO] -- MapStruct: selecting property mapping: entity.getEffectiveFrom().
[INFO] -- MapStruct: mapping property: entity.getEffectiveTo() to: effectiveTo(java.time.LocalDateTime).
[INFO] -- MapStruct: selecting property mapping: entity.getEffectiveTo().
[INFO] - MapStruct: creating bean mapping method implementation for com.scaler.entity.ProductCategory toEntity(com.scaler.dto.ProductCategoryDTO dto).
[INFO] -- MapStruct: mapping property: dto.getId() to: id(java.util.UUID).
[INFO] -- MapStruct: selecting property mapping: dto.getId().
[INFO] -- MapStruct: mapping property: dto.getCreatedDate() to: createdDate(java.time.LocalDateTime).
[INFO] -- MapStruct: selecting property mapping: LocalDateTime.parse( dto.getCreatedDate() ).
[INFO] -- MapStruct: mapping property: dto.getLastModifiedDate() to: lastModifiedDate(java.time.LocalDateTime).
[INFO] -- MapStruct: selecting property mapping: LocalDateTime.parse( dto.getLastModifiedDate() ).
[INFO] -- MapStruct: mapping property: dto.getCreatedBy() to: createdBy(java.lang.String).
[INFO] -- MapStruct: selecting property mapping: dto.getCreatedBy().
[INFO] -- MapStruct: mapping property: dto.getLastModifiedBy() to: lastModifiedBy(java.lang.String).
[INFO] -- MapStruct: selecting property mapping: dto.getLastModifiedBy().
[INFO] -- MapStruct: mapping property: dto.getIsPrimary() to: isPrimary(java.lang.Boolean).
[INFO] -- MapStruct: selecting property mapping: dto.getIsPrimary().
[INFO] -- MapStruct: mapping property: dto.getDisplayOrder() to: displayOrder(java.lang.Integer).
[INFO] -- MapStruct: selecting property mapping: dto.getDisplayOrder().
[INFO] -- MapStruct: mapping property: dto.getEffectiveFrom() to: effectiveFrom(java.time.LocalDateTime).
[INFO] -- MapStruct: selecting property mapping: dto.getEffectiveFrom().
[INFO] -- MapStruct: mapping property: dto.getEffectiveTo() to: effectiveTo(java.time.LocalDateTime).
[INFO] -- MapStruct: selecting property mapping: dto.getEffectiveTo().
[INFO] - MapStruct: creating bean mapping method implementation for void updateEntityFromDTO(com.scaler.dto.ProductCategoryDTO dto, @MappingTarget com.scaler.entity.ProductCategory entity).
[INFO] -- MapStruct: mapping property: dto.getId() to: setId(java.util.UUID).
[INFO] -- MapStruct: selecting property mapping: dto.getId().
[INFO] -- MapStruct: mapping property: dto.getCreatedDate() to: setCreatedDate(java.time.LocalDateTime).
[INFO] -- MapStruct: selecting property mapping: LocalDateTime.parse( dto.getCreatedDate() ).
[INFO] -- MapStruct: mapping property: dto.getLastModifiedDate() to: setLastModifiedDate(java.time.LocalDateTime).
[INFO] -- MapStruct: selecting property mapping: LocalDateTime.parse( dto.getLastModifiedDate() ).
[INFO] -- MapStruct: mapping property: dto.getCreatedBy() to: setCreatedBy(java.lang.String).
[INFO] -- MapStruct: selecting property mapping: dto.getCreatedBy().
[INFO] -- MapStruct: mapping property: dto.getLastModifiedBy() to: setLastModifiedBy(java.lang.String).
[INFO] -- MapStruct: selecting property mapping: dto.getLastModifiedBy().
[INFO] -- MapStruct: mapping property: dto.getIsPrimary() to: setIsPrimary(java.lang.Boolean).
[INFO] -- MapStruct: selecting property mapping: dto.getIsPrimary().
[INFO] -- MapStruct: mapping property: dto.getDisplayOrder() to: setDisplayOrder(java.lang.Integer).
[INFO] -- MapStruct: selecting property mapping: dto.getDisplayOrder().
[INFO] -- MapStruct: mapping property: dto.getEffectiveFrom() to: setEffectiveFrom(java.time.LocalDateTime).
[INFO] -- MapStruct: selecting property mapping: dto.getEffectiveFrom().
[INFO] -- MapStruct: mapping property: dto.getEffectiveTo() to: setEffectiveTo(java.time.LocalDateTime).
[INFO] -- MapStruct: selecting property mapping: dto.getEffectiveTo().
[INFO]  MapStruct: processing: com.scaler.mapper.CategoryFeatureTemplateMapper.
[INFO] - MapStruct: creating bean mapping method implementation for com.scaler.dto.CategoryFeatureTemplateDTO toDTO(com.scaler.entity.CategoryFeatureTemplate entity).
[INFO] -- MapStruct: mapping property: entityCategoryId( entity ) to: categoryId(java.util.UUID).
[INFO] -- MapStruct: selecting property mapping: entityCategoryId( entity ).
[INFO] -- MapStruct: mapping property: entity.getCode() to: code(java.lang.String).
[INFO] -- MapStruct: selecting property mapping: entity.getCode().
[INFO] -- MapStruct: mapping property: entity.getAttributeType() to: attributeType(java.lang.String).
[INFO] -- MapStruct: selecting property mapping: entity.getAttributeType().
[INFO] -- MapStruct: mapping property: entity.getName() to: name(java.lang.String).
[INFO] -- MapStruct: selecting property mapping: entity.getName().
[INFO] -- MapStruct: mapping property: entity.getDescription() to: description(java.lang.String).
[INFO] -- MapStruct: selecting property mapping: entity.getDescription().
[INFO] -- MapStruct: mapping property: entity.getFeatureType() to: featureType(java.lang.String).
[INFO] -- MapStruct: selecting property mapping: entity.getFeatureType().name().
[INFO] -- MapStruct: mapping property: entity.getMetadata() to: metadata(java.lang.String).
[INFO] -- MapStruct: selecting property mapping: java.lang.String CommonMapper#jsonNodeToString(entity.getMetadata()).
[INFO] -- MapStruct: mapping property: entity.getId() to: id(java.util.UUID).
[INFO] -- MapStruct: selecting property mapping: entity.getId().
[INFO] -- MapStruct: mapping property: entity.getCreatedDate() to: createdDate(java.lang.String).
[INFO] -- MapStruct: selecting property mapping: DateTimeFormatter.ISO_LOCAL_DATE_TIME.format( entity.getCreatedDate() ).
[INFO] -- MapStruct: mapping property: entity.getLastModifiedDate() to: lastModifiedDate(java.lang.String).
[INFO] -- MapStruct: selecting property mapping: DateTimeFormatter.ISO_LOCAL_DATE_TIME.format( entity.getLastModifiedDate() ).
[INFO] -- MapStruct: mapping property: entity.getCreatedBy() to: createdBy(java.lang.String).
[INFO] -- MapStruct: selecting property mapping: entity.getCreatedBy().
[INFO] -- MapStruct: mapping property: entity.getLastModifiedBy() to: lastModifiedBy(java.lang.String).
[INFO] -- MapStruct: selecting property mapping: entity.getLastModifiedBy().
[INFO] -- MapStruct: mapping property: entity.getValidationPattern() to: validationPattern(java.lang.String).
[INFO] -- MapStruct: selecting property mapping: entity.getValidationPattern().
[INFO] -- MapStruct: mapping property: entity.getMinValue() to: minValue(java.lang.String).
[INFO] -- MapStruct: selecting property mapping: entity.getMinValue().
[INFO] -- MapStruct: mapping property: entity.getMaxValue() to: maxValue(java.lang.String).
[INFO] -- MapStruct: selecting property mapping: entity.getMaxValue().
[INFO] -- MapStruct: mapping property: entity.getAllowedValues() to: allowedValues(java.lang.String).
[INFO] -- MapStruct: selecting property mapping: entity.getAllowedValues().
[INFO] -- MapStruct: mapping property: entity.getDefaultValue() to: defaultValue(java.lang.String).
[INFO] -- MapStruct: selecting property mapping: entity.getDefaultValue().
[INFO] -- MapStruct: mapping property: entity.getDataType() to: dataType(java.lang.String).
[INFO] -- MapStruct: selecting property mapping: entity.getDataType().
[INFO] -- MapStruct: mapping property: entity.getInputType() to: inputType(java.lang.String).
[INFO] -- MapStruct: selecting property mapping: entity.getInputType().
[INFO] -- MapStruct: mapping property: entity.getVisible() to: visible(boolean).
[INFO] -- MapStruct: selecting property mapping: entity.getVisible().
[INFO] -- MapStruct: mapping property: entity.getEditable() to: editable(boolean).
[INFO] -- MapStruct: selecting property mapping: entity.getEditable().
[INFO] -- MapStruct: mapping property: entity.getSearchable() to: searchable(boolean).
[INFO] -- MapStruct: selecting property mapping: entity.getSearchable().
[INFO] -- MapStruct: mapping property: entity.getComparable() to: comparable(boolean).
[INFO] -- MapStruct: selecting property mapping: entity.getComparable().
[INFO] -- MapStruct: mapping property: entity.isMandatory() to: mandatory(boolean).
[INFO] -- MapStruct: selecting property mapping: entity.isMandatory().
[INFO] -- MapStruct: mapping property: entity.getMultiValued() to: multiValued(boolean).
[INFO] -- MapStruct: selecting property mapping: entity.getMultiValued().
[INFO] -- MapStruct: mapping property: entity.getFilterable() to: filterable(boolean).
[INFO] -- MapStruct: selecting property mapping: entity.getFilterable().
[INFO] -- MapStruct: mapping property: entity.getHidden() to: hidden(boolean).
[INFO] -- MapStruct: selecting property mapping: entity.getHidden().
[INFO] -- MapStruct: mapping property: entity.isInherited() to: inherited(boolean).
[INFO] -- MapStruct: selecting property mapping: entity.isInherited().
[INFO] -- MapStruct: mapping property: entity.getFeatures() to: features(java.util.Set<com.scaler.dto.ProductFeatureDTO>).
[INFO] -- MapStruct: mapping property: productFeature.getId() to: id(java.util.UUID).
[INFO] -- MapStruct: selecting property mapping: productFeature.getId().
[INFO] -- MapStruct: mapping property: productFeature.getCreatedDate() to: createdDate(java.lang.String).
[INFO] -- MapStruct: selecting property mapping: DateTimeFormatter.ISO_LOCAL_DATE_TIME.format( productFeature.getCreatedDate() ).
[INFO] -- MapStruct: mapping property: productFeature.getLastModifiedDate() to: lastModifiedDate(java.lang.String).
[INFO] -- MapStruct: selecting property mapping: DateTimeFormatter.ISO_LOCAL_DATE_TIME.format( productFeature.getLastModifiedDate() ).
[INFO] -- MapStruct: mapping property: productFeature.getCreatedBy() to: createdBy(java.lang.String).
[INFO] -- MapStruct: selecting property mapping: productFeature.getCreatedBy().
[INFO] -- MapStruct: mapping property: productFeature.getLastModifiedBy() to: lastModifiedBy(java.lang.String).
[INFO] -- MapStruct: selecting property mapping: productFeature.getLastModifiedBy().
[INFO] -- MapStruct: mapping property: productFeature.getCode() to: code(java.lang.String).
[INFO] -- MapStruct: selecting property mapping: productFeature.getCode().
[INFO] -- MapStruct: mapping property: productFeature.getName() to: name(java.lang.String).
[INFO] -- MapStruct: selecting property mapping: productFeature.getName().
[INFO] -- MapStruct: mapping property: productFeature.getDescription() to: description(java.lang.String).
[INFO] -- MapStruct: selecting property mapping: productFeature.getDescription().
[INFO] -- MapStruct: mapping property: productFeature.getAttributeType() to: attributeType(java.lang.String).
[INFO] -- MapStruct: selecting property mapping: productFeature.getAttributeType().
[INFO] -- MapStruct: mapping property: productFeature.getValidationPattern() to: validationPattern(java.lang.String).
[INFO] -- MapStruct: selecting property mapping: productFeature.getValidationPattern().
[INFO] -- MapStruct: mapping property: productFeature.getMinValue() to: minValue(java.lang.String).
[INFO] -- MapStruct: selecting property mapping: productFeature.getMinValue().
[INFO] -- MapStruct: mapping property: productFeature.getMaxValue() to: maxValue(java.lang.String).
[INFO] -- MapStruct: selecting property mapping: productFeature.getMaxValue().
[INFO] -- MapStruct: mapping property: productFeature.getAllowedValues() to: allowedValues(java.lang.String).
[INFO] -- MapStruct: selecting property mapping: productFeature.getAllowedValues().
[INFO] -- MapStruct: mapping property: productFeature.getDefaultValue() to: defaultValue(java.lang.String).
[INFO] -- MapStruct: selecting property mapping: productFeature.getDefaultValue().
[INFO] -- MapStruct: mapping property: productFeature.getFeatureType() to: featureType(com.scaler.entity.FeatureType).
[INFO] -- MapStruct: selecting property mapping: productFeature.getFeatureType().
[INFO] -- MapStruct: mapping property: productFeature.isVisible() to: visible(boolean).
[INFO] -- MapStruct: selecting property mapping: productFeature.isVisible().
[INFO] -- MapStruct: mapping property: productFeature.isEditable() to: editable(boolean).
[INFO] -- MapStruct: selecting property mapping: productFeature.isEditable().
[INFO] -- MapStruct: mapping property: productFeature.isSearchable() to: searchable(boolean).
[INFO] -- MapStruct: selecting property mapping: productFeature.isSearchable().
[INFO] -- MapStruct: mapping property: productFeature.isComparable() to: comparable(boolean).
[INFO] -- MapStruct: selecting property mapping: productFeature.isComparable().
[INFO] -- MapStruct: mapping property: productFeature.isRequired() to: required(boolean).
[INFO] -- MapStruct: selecting property mapping: productFeature.isRequired().
[INFO] -- MapStruct: mapping property: productFeature.isMultiValued() to: multiValued(boolean).
[INFO] -- MapStruct: selecting property mapping: productFeature.isMultiValued().
[INFO] -- MapStruct: mapping property: productFeature.getMetadata() to: metadata(java.lang.String).
[INFO] -- MapStruct: selecting property mapping: java.lang.String MapperUtils#mapJsonNodeToString(productFeature.getMetadata()).
[INFO] -- MapStruct: creating element mapping: com.scaler.dto.ProductFeatureDTO #productFeatureToProductFeatureDTO(productFeature).
[INFO] -- MapStruct: selecting element mapping: com.scaler.dto.ProductFeatureDTO #productFeatureToProductFeatureDTO(productFeature).
[INFO] -- MapStruct: creating property mapping: java.util.Set<com.scaler.dto.ProductFeatureDTO> #productFeatureSetToProductFeatureDTOSet(entity.getFeatures()).
[INFO] -- MapStruct: selecting property mapping: java.util.Set<com.scaler.dto.ProductFeatureDTO> #productFeatureSetToProductFeatureDTOSet(entity.getFeatures()).
[INFO] - MapStruct: creating bean mapping method implementation for void updateEntityFromDTO(com.scaler.dto.CategoryFeatureTemplateDTO dto, @MappingTarget com.scaler.entity.CategoryFeatureTemplate entity).
[INFO] -- MapStruct: mapping property: dto.getId() to: setId(java.util.UUID).
[INFO] -- MapStruct: selecting property mapping: dto.getId().
[INFO] -- MapStruct: mapping property: dto.getCreatedDate() to: setCreatedDate(java.time.LocalDateTime).
[INFO] -- MapStruct: selecting property mapping: LocalDateTime.parse( dto.getCreatedDate() ).
[INFO] -- MapStruct: mapping property: dto.getLastModifiedDate() to: setLastModifiedDate(java.time.LocalDateTime).
[INFO] -- MapStruct: selecting property mapping: LocalDateTime.parse( dto.getLastModifiedDate() ).
[INFO] -- MapStruct: mapping property: dto.getCreatedBy() to: setCreatedBy(java.lang.String).
[INFO] -- MapStruct: selecting property mapping: dto.getCreatedBy().
[INFO] -- MapStruct: mapping property: dto.getLastModifiedBy() to: setLastModifiedBy(java.lang.String).
[INFO] -- MapStruct: selecting property mapping: dto.getLastModifiedBy().
[INFO] -- MapStruct: mapping property: dto.getName() to: setName(java.lang.String).
[INFO] -- MapStruct: selecting property mapping: dto.getName().
[INFO] -- MapStruct: mapping property: dto.getDescription() to: setDescription(java.lang.String).
[INFO] -- MapStruct: selecting property mapping: dto.getDescription().
[INFO] -- MapStruct: mapping property: dto.getFeatureType() to: setFeatureType(com.scaler.entity.FeatureType).
[INFO] -- MapStruct: selecting property mapping: Enum.valueOf( FeatureType.class, dto.getFeatureType() ).
[INFO] -- MapStruct: mapping property: dto.getDataType() to: setDataType(java.lang.String).
[INFO] -- MapStruct: selecting property mapping: dto.getDataType().
[INFO] -- MapStruct: mapping property: dto.getInputType() to: setInputType(java.lang.String).
[INFO] -- MapStruct: selecting property mapping: dto.getInputType().
[INFO] -- MapStruct: mapping property: dto.getValidationPattern() to: setValidationPattern(java.lang.String).
[INFO] -- MapStruct: selecting property mapping: dto.getValidationPattern().
[INFO] -- MapStruct: mapping property: dto.getMinValue() to: setMinValue(java.lang.String).
[INFO] -- MapStruct: selecting property mapping: dto.getMinValue().
[INFO] -- MapStruct: mapping property: dto.getMaxValue() to: setMaxValue(java.lang.String).
[INFO] -- MapStruct: selecting property mapping: dto.getMaxValue().
[INFO] -- MapStruct: mapping property: dto.getAllowedValues() to: setAllowedValues(java.lang.String).
[INFO] -- MapStruct: selecting property mapping: dto.getAllowedValues().
[INFO] -- MapStruct: mapping property: dto.getDefaultValue() to: setDefaultValue(java.lang.String).
[INFO] -- MapStruct: selecting property mapping: dto.getDefaultValue().
[INFO] -- MapStruct: mapping property: dto.isFilterable() to: setFilterable(java.lang.Boolean).
[INFO] -- MapStruct: selecting property mapping: dto.isFilterable().
[INFO] -- MapStruct: mapping property: dto.isHidden() to: setHidden(java.lang.Boolean).
[INFO] -- MapStruct: selecting property mapping: dto.isHidden().
[INFO] -- MapStruct: mapping property: dto.isMultiValued() to: setMultiValued(java.lang.Boolean).
[INFO] -- MapStruct: selecting property mapping: dto.isMultiValued().
[INFO] -- MapStruct: mapping property: dto.isSearchable() to: setSearchable(java.lang.Boolean).
[INFO] -- MapStruct: selecting property mapping: dto.isSearchable().
[INFO] -- MapStruct: mapping property: dto.isComparable() to: setComparable(java.lang.Boolean).
[INFO] -- MapStruct: selecting property mapping: dto.isComparable().
[INFO] -- MapStruct: mapping property: dto.isVisible() to: setVisible(java.lang.Boolean).
[INFO] -- MapStruct: selecting property mapping: dto.isVisible().
[INFO] -- MapStruct: mapping property: dto.isEditable() to: setEditable(java.lang.Boolean).
[INFO] -- MapStruct: selecting property mapping: dto.isEditable().
[INFO] -- MapStruct: mapping property: dto.getMetadata() to: setMetadata(com.fasterxml.jackson.databind.JsonNode).
[INFO] -- MapStruct: selecting property mapping: com.fasterxml.jackson.databind.JsonNode MapperUtils#mapStringToJsonNode(dto.getMetadata()).
[INFO] -- MapStruct: mapping property: dto.getCode() to: setCode(java.lang.String).
[INFO] -- MapStruct: selecting property mapping: dto.getCode().
[INFO] -- MapStruct: mapping property: dto.getAttributeType() to: setAttributeType(java.lang.String).
[INFO] -- MapStruct: selecting property mapping: dto.getAttributeType().
[INFO] -- MapStruct: mapping property: dto.isInherited() to: setInherited(boolean).
[INFO] -- MapStruct: selecting property mapping: dto.isInherited().
[INFO] -- MapStruct: mapping property: dto.isMandatory() to: setMandatory(boolean).
[INFO] -- MapStruct: selecting property mapping: dto.isMandatory().
[INFO] - MapStruct: creating iterable mapping method implementation for java.util.List<com.scaler.dto.CategoryFeatureTemplateDTO> toDTOList(java.util.List<com.scaler.entity.CategoryFeatureTemplate> entities).
[INFO] -- MapStruct: selecting element mapping: com.scaler.dto.CategoryFeatureTemplateDTO #toDTO(categoryFeatureTemplate).
[INFO] - MapStruct: creating iterable mapping method implementation for java.util.Set<com.scaler.dto.CategoryFeatureTemplateDTO> toDTOSet(java.util.Set<com.scaler.entity.CategoryFeatureTemplate> entities).
[INFO] -- MapStruct: selecting element mapping: com.scaler.dto.CategoryFeatureTemplateDTO #toDTO(categoryFeatureTemplate).
[INFO]  MapStruct: processing: com.scaler.mapper.SiteMapper.
[INFO] - MapStruct: creating bean mapping method implementation for com.scaler.dto.SiteDTO toDTO(com.scaler.entity.Store site).
[INFO] -- MapStruct: mapping property: site.getId() to: id(java.util.UUID).
[INFO] -- MapStruct: selecting property mapping: site.getId().
[INFO] -- MapStruct: mapping property: siteMerchantId( site ) to: merchantId(java.util.UUID).
[INFO] -- MapStruct: selecting property mapping: siteMerchantId( site ).
[INFO] -- MapStruct: mapping property: site.getName() to: name(java.lang.String).
[INFO] -- MapStruct: selecting property mapping: site.getName().
[INFO] -- MapStruct: mapping property: site.getDomain() to: domain(java.lang.String).
[INFO] -- MapStruct: selecting property mapping: site.getDomain().
[INFO] -- MapStruct: mapping property: site.getLocale() to: locale(java.lang.String).
[INFO] -- MapStruct: selecting property mapping: site.getLocale().
[INFO] -- MapStruct: mapping property: site.getCurrency() to: currency(java.lang.String).
[INFO] -- MapStruct: selecting property mapping: site.getCurrency().
[INFO] -- MapStruct: mapping property: site.getDescription() to: description(java.lang.String).
[INFO] -- MapStruct: selecting property mapping: site.getDescription().
[INFO] -- MapStruct: mapping property: site.isActive() to: active(boolean).
[INFO] -- MapStruct: selecting property mapping: site.isActive().
[INFO] -- MapStruct: mapping property: site.getTimezone() to: timezone(java.lang.String).
[INFO] -- MapStruct: selecting property mapping: site.getTimezone().
[INFO] -- MapStruct: mapping property: site.getStatus() to: status(java.lang.String).
[INFO] -- MapStruct: selecting property mapping: site.getStatus().
[INFO] -- MapStruct: mapping property: site.getCreatedDate() to: createdDate(java.lang.String).
[INFO] -- MapStruct: selecting property mapping: DateTimeFormatter.ISO_LOCAL_DATE_TIME.format( site.getCreatedDate() ).
[INFO] -- MapStruct: mapping property: site.getLastModifiedDate() to: lastModifiedDate(java.lang.String).
[INFO] -- MapStruct: selecting property mapping: DateTimeFormatter.ISO_LOCAL_DATE_TIME.format( site.getLastModifiedDate() ).
[INFO] -- MapStruct: mapping property: site.getCreatedBy() to: createdBy(java.lang.String).
[INFO] -- MapStruct: selecting property mapping: site.getCreatedBy().
[INFO] -- MapStruct: mapping property: site.getLastModifiedBy() to: lastModifiedBy(java.lang.String).
[INFO] -- MapStruct: selecting property mapping: site.getLastModifiedBy().
[INFO] - MapStruct: creating bean mapping method implementation for com.scaler.entity.Store toEntity(com.scaler.dto.SiteDTO dto).
[INFO] MapStruct: referred types not available (yet), deferring mapper: com.scaler.mapper.SiteMapper
[INFO]  MapStruct: processing: com.scaler.mapper.ProductFeatureMappingMapper.
[INFO] - MapStruct: creating bean mapping method implementation for com.scaler.dto.ProductFeatureMappingDTO toDTO(com.scaler.entity.ProductFeatureMapping entity).
[INFO] MapStruct: referred types not available (yet), deferring mapper: com.scaler.mapper.ProductFeatureMappingMapper
[INFO]  MapStruct: processing: com.scaler.mapper.MerchantMapper.
[INFO] - MapStruct: creating bean mapping method implementation for com.scaler.dto.MerchantDTO toDTO(com.scaler.entity.Merchant entity).
[INFO] -- MapStruct: mapping property: entity.getName() to: name(java.lang.String).
[INFO] -- MapStruct: selecting property mapping: entity.getName().
[INFO] -- MapStruct: mapping property: entity.getCode() to: code(java.lang.String).
[INFO] -- MapStruct: selecting property mapping: entity.getCode().
[INFO] -- MapStruct: mapping property: entity.getDescription() to: description(java.lang.String).
[INFO] -- MapStruct: selecting property mapping: entity.getDescription().
[INFO] -- MapStruct: mapping property: entity.getCatalogs() to: catalogs(java.util.List<com.scaler.dto.CatalogDTO>).
[INFO] -- MapStruct: selecting element mapping: com.scaler.dto.CatalogDTO CatalogMapper#toDTO(catalog).
[INFO] -- MapStruct: creating property mapping: java.util.List<com.scaler.dto.CatalogDTO> #catalogSetToCatalogDTOList(entity.getCatalogs()).
[INFO] -- MapStruct: selecting property mapping: java.util.List<com.scaler.dto.CatalogDTO> #catalogSetToCatalogDTOList(entity.getCatalogs()).
[INFO] -- MapStruct: mapping property: entity.getId() to: id(java.util.UUID).
[INFO] -- MapStruct: selecting property mapping: entity.getId().
[INFO] -- MapStruct: mapping property: entity.getCreatedDate() to: createdDate(java.lang.String).
[INFO] -- MapStruct: selecting property mapping: DateTimeFormatter.ISO_LOCAL_DATE_TIME.format( entity.getCreatedDate() ).
[INFO] -- MapStruct: mapping property: entity.getLastModifiedDate() to: lastModifiedDate(java.lang.String).
[INFO] -- MapStruct: selecting property mapping: DateTimeFormatter.ISO_LOCAL_DATE_TIME.format( entity.getLastModifiedDate() ).
[INFO] -- MapStruct: mapping property: entity.getCreatedBy() to: createdBy(java.lang.String).
[INFO] -- MapStruct: selecting property mapping: entity.getCreatedBy().
[INFO] -- MapStruct: mapping property: entity.getLastModifiedBy() to: lastModifiedBy(java.lang.String).
[INFO] -- MapStruct: selecting property mapping: entity.getLastModifiedBy().
[INFO] -- MapStruct: mapping property: entity.getContactEmail() to: contactEmail(java.lang.String).
[INFO] -- MapStruct: selecting property mapping: entity.getContactEmail().
[INFO] -- MapStruct: mapping property: entity.getStatus() to: status(java.lang.String).
[INFO] -- MapStruct: selecting property mapping: entity.getStatus().
[INFO] - MapStruct: creating bean mapping method implementation for com.scaler.entity.Merchant toEntity(com.scaler.dto.MerchantDTO dto).
[INFO] -- MapStruct: mapping property: dto.getName() to: name(java.lang.String).
[INFO] -- MapStruct: selecting property mapping: dto.getName().
[INFO] -- MapStruct: mapping property: dto.getCode() to: code(java.lang.String).
[INFO] -- MapStruct: selecting property mapping: dto.getCode().
[INFO] -- MapStruct: mapping property: dto.getDescription() to: description(java.lang.String).
[INFO] -- MapStruct: selecting property mapping: dto.getDescription().
[INFO] -- MapStruct: mapping property: dto.getId() to: id(java.util.UUID).
[INFO] -- MapStruct: selecting property mapping: dto.getId().
[INFO] -- MapStruct: mapping property: dto.getCreatedDate() to: createdDate(java.time.LocalDateTime).
[INFO] -- MapStruct: selecting property mapping: LocalDateTime.parse( dto.getCreatedDate() ).
[INFO] -- MapStruct: mapping property: dto.getLastModifiedDate() to: lastModifiedDate(java.time.LocalDateTime).
[INFO] -- MapStruct: selecting property mapping: LocalDateTime.parse( dto.getLastModifiedDate() ).
[INFO] -- MapStruct: mapping property: dto.getCreatedBy() to: createdBy(java.lang.String).
[INFO] -- MapStruct: selecting property mapping: dto.getCreatedBy().
[INFO] -- MapStruct: mapping property: dto.getLastModifiedBy() to: lastModifiedBy(java.lang.String).
[INFO] -- MapStruct: selecting property mapping: dto.getLastModifiedBy().
[INFO] -- MapStruct: mapping property: dto.getStatus() to: status(java.lang.String).
[INFO] -- MapStruct: selecting property mapping: dto.getStatus().
[INFO] -- MapStruct: mapping property: dto.getContactEmail() to: contactEmail(java.lang.String).
[INFO] -- MapStruct: selecting property mapping: dto.getContactEmail().
[INFO] - MapStruct: creating bean mapping method implementation for void updateEntity(@MappingTarget com.scaler.entity.Merchant entity, com.scaler.dto.MerchantDTO dto).
[INFO] -- MapStruct: mapping property: dto.getId() to: setId(java.util.UUID).
[INFO] -- MapStruct: selecting property mapping: dto.getId().
[INFO] -- MapStruct: mapping property: dto.getCreatedDate() to: setCreatedDate(java.time.LocalDateTime).
[INFO] -- MapStruct: selecting property mapping: LocalDateTime.parse( dto.getCreatedDate() ).
[INFO] -- MapStruct: mapping property: dto.getLastModifiedDate() to: setLastModifiedDate(java.time.LocalDateTime).
[INFO] -- MapStruct: selecting property mapping: LocalDateTime.parse( dto.getLastModifiedDate() ).
[INFO] -- MapStruct: mapping property: dto.getCreatedBy() to: setCreatedBy(java.lang.String).
[INFO] -- MapStruct: selecting property mapping: dto.getCreatedBy().
[INFO] -- MapStruct: mapping property: dto.getLastModifiedBy() to: setLastModifiedBy(java.lang.String).
[INFO] -- MapStruct: selecting property mapping: dto.getLastModifiedBy().
[INFO] -- MapStruct: mapping property: dto.getCode() to: setCode(java.lang.String).
[INFO] -- MapStruct: selecting property mapping: dto.getCode().
[INFO] -- MapStruct: mapping property: dto.getName() to: setName(java.lang.String).
[INFO] -- MapStruct: selecting property mapping: dto.getName().
[INFO] -- MapStruct: mapping property: dto.getDescription() to: setDescription(java.lang.String).
[INFO] -- MapStruct: selecting property mapping: dto.getDescription().
[INFO] -- MapStruct: mapping property: dto.getStatus() to: setStatus(java.lang.String).
[INFO] -- MapStruct: selecting property mapping: dto.getStatus().
[INFO] -- MapStruct: mapping property: dto.getContactEmail() to: setContactEmail(java.lang.String).
[INFO] -- MapStruct: selecting property mapping: dto.getContactEmail().
[INFO] -- MapStruct: mapping property: dto.getCatalogs() to: setCatalogs(java.util.Set<com.scaler.entity.Catalog>).
[INFO] -- MapStruct: selecting element mapping: com.scaler.entity.Catalog CatalogMapper#toEntity(catalogDTO).
[INFO] -- MapStruct: creating property mapping: java.util.Set<com.scaler.entity.Catalog> #catalogDTOListToCatalogSet(dto.getCatalogs()).
[INFO] -- MapStruct: selecting property mapping: java.util.Set<com.scaler.entity.Catalog> #catalogDTOListToCatalogSet(dto.getCatalogs()).
[INFO] - MapStruct: creating iterable mapping method implementation for java.util.List<com.scaler.dto.MerchantDTO> toDTOList(java.util.List<com.scaler.entity.Merchant> entities).
[INFO] -- MapStruct: selecting element mapping: com.scaler.dto.MerchantDTO #toDTO(merchant).
[INFO]  MapStruct: processing: com.scaler.mapper.ProductChannelMapper.
[INFO] - MapStruct: creating bean mapping method implementation for com.scaler.dto.ProductChannelDTO toDTO(com.scaler.entity.ProductChannel entity).
[INFO] -- MapStruct: mapping property: entityProductId( entity ) to: productId(java.util.UUID).
[INFO] -- MapStruct: selecting property mapping: entityProductId( entity ).
[INFO] -- MapStruct: mapping property: entityChannelId( entity ) to: channelId(java.util.UUID).
[INFO] -- MapStruct: selecting property mapping: entityChannelId( entity ).
[INFO] -- MapStruct: mapping property: entity.getId() to: id(java.util.UUID).
[INFO] -- MapStruct: selecting property mapping: entity.getId().
[INFO] -- MapStruct: mapping property: entity.getCreatedDate() to: createdDate(java.lang.String).
[INFO] -- MapStruct: selecting property mapping: DateTimeFormatter.ISO_LOCAL_DATE_TIME.format( entity.getCreatedDate() ).
[INFO] -- MapStruct: mapping property: entity.getLastModifiedDate() to: lastModifiedDate(java.lang.String).
[INFO] -- MapStruct: selecting property mapping: DateTimeFormatter.ISO_LOCAL_DATE_TIME.format( entity.getLastModifiedDate() ).
[INFO] -- MapStruct: mapping property: entity.getCreatedBy() to: createdBy(java.lang.String).
[INFO] -- MapStruct: selecting property mapping: entity.getCreatedBy().
[INFO] -- MapStruct: mapping property: entity.getLastModifiedBy() to: lastModifiedBy(java.lang.String).
[INFO] -- MapStruct: selecting property mapping: entity.getLastModifiedBy().
[INFO] -- MapStruct: mapping property: entity.getIsEnabled() to: isEnabled(java.lang.Boolean).
[INFO] -- MapStruct: selecting property mapping: entity.getIsEnabled().
[INFO] -- MapStruct: mapping property: entity.getIsVisible() to: isVisible(java.lang.Boolean).
[INFO] -- MapStruct: selecting property mapping: entity.getIsVisible().
[INFO] -- MapStruct: mapping property: entity.getEffectiveFrom() to: effectiveFrom(java.time.LocalDateTime).
[INFO] -- MapStruct: selecting property mapping: entity.getEffectiveFrom().
[INFO] -- MapStruct: mapping property: entity.getEffectiveTo() to: effectiveTo(java.time.LocalDateTime).
[INFO] -- MapStruct: selecting property mapping: entity.getEffectiveTo().
[INFO] -- MapStruct: mapping property: entity.getChannelMetadata() to: channelMetadata(java.lang.String).
[INFO] -- MapStruct: selecting property mapping: entity.getChannelMetadata().
[INFO] - MapStruct: creating bean mapping method implementation for com.scaler.entity.ProductChannel toEntity(com.scaler.dto.ProductChannelDTO dto).
[INFO] -- MapStruct: mapping property: dto.getId() to: id(java.util.UUID).
[INFO] -- MapStruct: selecting property mapping: dto.getId().
[INFO] -- MapStruct: mapping property: dto.getCreatedDate() to: createdDate(java.time.LocalDateTime).
[INFO] -- MapStruct: selecting property mapping: LocalDateTime.parse( dto.getCreatedDate() ).
[INFO] -- MapStruct: mapping property: dto.getLastModifiedDate() to: lastModifiedDate(java.time.LocalDateTime).
[INFO] -- MapStruct: selecting property mapping: LocalDateTime.parse( dto.getLastModifiedDate() ).
[INFO] -- MapStruct: mapping property: dto.getCreatedBy() to: createdBy(java.lang.String).
[INFO] -- MapStruct: selecting property mapping: dto.getCreatedBy().
[INFO] -- MapStruct: mapping property: dto.getLastModifiedBy() to: lastModifiedBy(java.lang.String).
[INFO] -- MapStruct: selecting property mapping: dto.getLastModifiedBy().
[INFO] -- MapStruct: mapping property: dto.getIsEnabled() to: isEnabled(java.lang.Boolean).
[INFO] -- MapStruct: selecting property mapping: dto.getIsEnabled().
[INFO] -- MapStruct: mapping property: dto.getIsVisible() to: isVisible(java.lang.Boolean).
[INFO] -- MapStruct: selecting property mapping: dto.getIsVisible().
[INFO] -- MapStruct: mapping property: dto.getEffectiveFrom() to: effectiveFrom(java.time.LocalDateTime).
[INFO] -- MapStruct: selecting property mapping: dto.getEffectiveFrom().
[INFO] -- MapStruct: mapping property: dto.getEffectiveTo() to: effectiveTo(java.time.LocalDateTime).
[INFO] -- MapStruct: selecting property mapping: dto.getEffectiveTo().
[INFO] -- MapStruct: mapping property: dto.getChannelMetadata() to: channelMetadata(java.lang.String).
[INFO] -- MapStruct: selecting property mapping: dto.getChannelMetadata().
[INFO] - MapStruct: creating bean mapping method implementation for void updateEntity(@MappingTarget com.scaler.entity.ProductChannel entity, com.scaler.dto.ProductChannelDTO dto).
[INFO] -- MapStruct: mapping property: dto.getId() to: setId(java.util.UUID).
[INFO] -- MapStruct: selecting property mapping: dto.getId().
[INFO] -- MapStruct: mapping property: dto.getCreatedDate() to: setCreatedDate(java.time.LocalDateTime).
[INFO] -- MapStruct: selecting property mapping: LocalDateTime.parse( dto.getCreatedDate() ).
[INFO] -- MapStruct: mapping property: dto.getLastModifiedDate() to: setLastModifiedDate(java.time.LocalDateTime).
[INFO] -- MapStruct: selecting property mapping: LocalDateTime.parse( dto.getLastModifiedDate() ).
[INFO] -- MapStruct: mapping property: dto.getCreatedBy() to: setCreatedBy(java.lang.String).
[INFO] -- MapStruct: selecting property mapping: dto.getCreatedBy().
[INFO] -- MapStruct: mapping property: dto.getLastModifiedBy() to: setLastModifiedBy(java.lang.String).
[INFO] -- MapStruct: selecting property mapping: dto.getLastModifiedBy().
[INFO] -- MapStruct: mapping property: dto.getIsEnabled() to: setIsEnabled(java.lang.Boolean).
[INFO] -- MapStruct: selecting property mapping: dto.getIsEnabled().
[INFO] -- MapStruct: mapping property: dto.getIsVisible() to: setIsVisible(java.lang.Boolean).
[INFO] -- MapStruct: selecting property mapping: dto.getIsVisible().
[INFO] -- MapStruct: mapping property: dto.getEffectiveFrom() to: setEffectiveFrom(java.time.LocalDateTime).
[INFO] -- MapStruct: selecting property mapping: dto.getEffectiveFrom().
[INFO] -- MapStruct: mapping property: dto.getEffectiveTo() to: setEffectiveTo(java.time.LocalDateTime).
[INFO] -- MapStruct: selecting property mapping: dto.getEffectiveTo().
[INFO] -- MapStruct: mapping property: dto.getChannelMetadata() to: setChannelMetadata(java.lang.String).
[INFO] -- MapStruct: selecting property mapping: dto.getChannelMetadata().
[INFO]  MapStruct: processing: com.scaler.mapper.CatalogMapper.
[INFO] - MapStruct: creating bean mapping method implementation for com.scaler.dto.CatalogDTO toDTO(com.scaler.entity.Catalog entity).
[INFO] -- MapStruct: mapping property: entityBusinessId( entity ) to: setBusinessId(java.util.UUID).
[INFO] -- MapStruct: selecting property mapping: entityBusinessId( entity ).
[INFO] -- MapStruct: mapping property: entity.getCode() to: setCode(java.lang.String).
[INFO] -- MapStruct: selecting property mapping: entity.getCode().
[INFO] -- MapStruct: mapping property: entity.getName() to: setName(java.lang.String).
[INFO] -- MapStruct: selecting property mapping: entity.getName().
[INFO] -- MapStruct: mapping property: entity.getDescription() to: setDescription(java.lang.String).
[INFO] -- MapStruct: selecting property mapping: entity.getDescription().
[INFO] -- MapStruct: mapping property: entity.getCreatedDate() to: setCreatedDate(java.lang.String).
[INFO] -- MapStruct: selecting property mapping: DateTimeFormatter.ISO_LOCAL_DATE_TIME.format( entity.getCreatedDate() ).
[INFO] -- MapStruct: mapping property: entity.getLastModifiedDate() to: setLastModifiedDate(java.lang.String).
[INFO] -- MapStruct: selecting property mapping: DateTimeFormatter.ISO_LOCAL_DATE_TIME.format( entity.getLastModifiedDate() ).
[INFO] -- MapStruct: mapping property: entity.getCreatedBy() to: setCreatedBy(java.lang.String).
[INFO] -- MapStruct: selecting property mapping: entity.getCreatedBy().
[INFO] -- MapStruct: mapping property: entity.getLastModifiedBy() to: setLastModifiedBy(java.lang.String).
[INFO] -- MapStruct: selecting property mapping: entity.getLastModifiedBy().
[INFO] -- MapStruct: mapping property: entity.getId() to: setId(java.util.UUID).
[INFO] -- MapStruct: selecting property mapping: entity.getId().
[INFO] -- MapStruct: mapping property: entity.getType() to: setType(java.lang.String).
[INFO] -- MapStruct: selecting property mapping: entity.getType().
[INFO] -- MapStruct: mapping property: entity.getStatus() to: setStatus(java.lang.String).
[INFO] -- MapStruct: selecting property mapping: entity.getStatus().
[INFO] -- MapStruct: mapping property: entity.getProducts() to: setProducts(java.util.List<com.scaler.dto.ProductDTO>).
[INFO] -- MapStruct: selecting element mapping: com.scaler.dto.ProductDTO ProductMapper#toDTO(product).
[INFO] -- MapStruct: creating property mapping: java.util.List<com.scaler.dto.ProductDTO> #productListToProductDTOList(entity.getProducts()).
[INFO] -- MapStruct: selecting property mapping: java.util.List<com.scaler.dto.ProductDTO> #productListToProductDTOList(entity.getProducts()).
[INFO] -- MapStruct: mapping property: entity.getCategories() to: setCategories(java.util.List<com.scaler.dto.CategoryDTO>).
[INFO] -- MapStruct: selecting property mapping: java.util.List<com.scaler.dto.CategoryDTO> CategoryMapper#toDTOList(entity.getCategories()).
[INFO] -- MapStruct: mapping property: entity.getSiteCatalogs() to: setSiteCatalogs(java.util.Set<com.scaler.dto.StoreCatalogDTO>).
[INFO] -- MapStruct: selecting property mapping: java.util.Set<com.scaler.dto.StoreCatalogDTO> StoreCatalogMapper#toDTOSet(entity.getSiteCatalogs()).
[INFO] - MapStruct: creating bean mapping method implementation for com.scaler.entity.Catalog toEntity(com.scaler.dto.CatalogDTO dto).
[INFO] -- MapStruct: mapping property: dto.getCode() to: setCode(java.lang.String).
[INFO] -- MapStruct: selecting property mapping: dto.getCode().
[INFO] -- MapStruct: mapping property: dto.getName() to: setName(java.lang.String).
[INFO] -- MapStruct: selecting property mapping: dto.getName().
[INFO] -- MapStruct: mapping property: dto.getDescription() to: setDescription(java.lang.String).
[INFO] -- MapStruct: selecting property mapping: dto.getDescription().
[INFO] -- MapStruct: mapping property: dto.getId() to: setId(java.util.UUID).
[INFO] -- MapStruct: selecting property mapping: dto.getId().
[INFO] -- MapStruct: mapping property: dto.getCreatedDate() to: setCreatedDate(java.time.LocalDateTime).
[INFO] -- MapStruct: selecting property mapping: LocalDateTime.parse( dto.getCreatedDate() ).
[INFO] -- MapStruct: mapping property: dto.getLastModifiedDate() to: setLastModifiedDate(java.time.LocalDateTime).
[INFO] -- MapStruct: selecting property mapping: LocalDateTime.parse( dto.getLastModifiedDate() ).
[INFO] -- MapStruct: mapping property: dto.getCreatedBy() to: setCreatedBy(java.lang.String).
[INFO] -- MapStruct: selecting property mapping: dto.getCreatedBy().
[INFO] -- MapStruct: mapping property: dto.getLastModifiedBy() to: setLastModifiedBy(java.lang.String).
[INFO] -- MapStruct: selecting property mapping: dto.getLastModifiedBy().
[INFO] -- MapStruct: mapping property: dto.getStatus() to: setStatus(java.lang.String).
[INFO] -- MapStruct: selecting property mapping: dto.getStatus().
[INFO] -- MapStruct: mapping property: dto.getType() to: setType(java.lang.String).
[INFO] -- MapStruct: selecting property mapping: dto.getType().
[INFO] - MapStruct: creating bean mapping method implementation for void updateEntity(@MappingTarget com.scaler.entity.Catalog entity, com.scaler.dto.CatalogDTO dto).
[INFO] -- MapStruct: mapping property: dto.getId() to: setId(java.util.UUID).
[INFO] -- MapStruct: selecting property mapping: dto.getId().
[INFO] -- MapStruct: mapping property: dto.getCreatedDate() to: setCreatedDate(java.time.LocalDateTime).
[INFO] -- MapStruct: selecting property mapping: LocalDateTime.parse( dto.getCreatedDate() ).
[INFO] -- MapStruct: mapping property: dto.getLastModifiedDate() to: setLastModifiedDate(java.time.LocalDateTime).
[INFO] -- MapStruct: selecting property mapping: LocalDateTime.parse( dto.getLastModifiedDate() ).
[INFO] -- MapStruct: mapping property: dto.getCreatedBy() to: setCreatedBy(java.lang.String).
[INFO] -- MapStruct: selecting property mapping: dto.getCreatedBy().
[INFO] -- MapStruct: mapping property: dto.getLastModifiedBy() to: setLastModifiedBy(java.lang.String).
[INFO] -- MapStruct: selecting property mapping: dto.getLastModifiedBy().
[INFO] -- MapStruct: mapping property: dto.getCode() to: setCode(java.lang.String).
[INFO] -- MapStruct: selecting property mapping: dto.getCode().
[INFO] -- MapStruct: mapping property: dto.getName() to: setName(java.lang.String).
[INFO] -- MapStruct: selecting property mapping: dto.getName().
[INFO] -- MapStruct: mapping property: dto.getDescription() to: setDescription(java.lang.String).
[INFO] -- MapStruct: selecting property mapping: dto.getDescription().
[INFO] -- MapStruct: mapping property: dto.getStatus() to: setStatus(java.lang.String).
[INFO] -- MapStruct: selecting property mapping: dto.getStatus().
[INFO] -- MapStruct: mapping property: dto.getType() to: setType(java.lang.String).
[INFO] -- MapStruct: selecting property mapping: dto.getType().
[INFO] -- MapStruct: mapping property: dto.getProducts() to: setProducts(java.util.List<com.scaler.entity.Product>).
[INFO] -- MapStruct: mapping property: productDTO.getId() to: setId(java.util.UUID).
[INFO] -- MapStruct: selecting property mapping: productDTO.getId().
[INFO] -- MapStruct: mapping property: productDTO.getCreatedDate() to: setCreatedDate(java.time.LocalDateTime).
[INFO] -- MapStruct: selecting property mapping: LocalDateTime.parse( productDTO.getCreatedDate() ).
[INFO] -- MapStruct: mapping property: productDTO.getLastModifiedDate() to: setLastModifiedDate(java.time.LocalDateTime).
[INFO] -- MapStruct: selecting property mapping: LocalDateTime.parse( productDTO.getLastModifiedDate() ).
[INFO] -- MapStruct: mapping property: productDTO.getCreatedBy() to: setCreatedBy(java.lang.String).
[INFO] -- MapStruct: selecting property mapping: productDTO.getCreatedBy().
[INFO] -- MapStruct: mapping property: productDTO.getLastModifiedBy() to: setLastModifiedBy(java.lang.String).
[INFO] -- MapStruct: selecting property mapping: productDTO.getLastModifiedBy().
[INFO] -- MapStruct: mapping property: productDTO.getCode() to: setCode(java.lang.String).
[INFO] -- MapStruct: selecting property mapping: productDTO.getCode().
[INFO] -- MapStruct: mapping property: productDTO.getName() to: setName(java.lang.String).
[INFO] -- MapStruct: selecting property mapping: productDTO.getName().
[INFO] -- MapStruct: mapping property: productDTO.getDescription() to: setDescription(java.lang.String).
[INFO] -- MapStruct: selecting property mapping: productDTO.getDescription().
[INFO] -- MapStruct: mapping property: productDTO.getProductType() to: setProductType(com.scaler.entity.ProductType).
[INFO] -- MapStruct: selecting property mapping: Enum.valueOf( ProductType.class, productDTO.getProductType() ).
[INFO] -- MapStruct: mapping property: productDTO.getStatus() to: setStatus(java.lang.String).
[INFO] -- MapStruct: selecting property mapping: productDTO.getStatus().
[INFO] -- MapStruct: mapping property: productDTO.getMetadata() to: setMetadata(java.lang.String).
[INFO] -- MapStruct: selecting property mapping: productDTO.getMetadata().
[INFO] -- MapStruct: mapping property: productDTO.getSku() to: setSku(java.lang.String).
[INFO] -- MapStruct: selecting property mapping: productDTO.getSku().
[INFO] -- MapStruct: mapping property: productDTO.getPrice() to: setPrice(java.lang.Double).
[INFO] -- MapStruct: selecting property mapping: productDTO.getPrice().
[INFO] -- MapStruct: mapping property: productDTO.getAttributes() to: setAttributes(java.util.List<com.scaler.entity.ProductAttribute>).
[INFO] -- MapStruct: mapping property: productAttributeDTO.getId() to: setId(java.util.UUID).
[INFO] -- MapStruct: selecting property mapping: productAttributeDTO.getId().
[INFO] -- MapStruct: mapping property: productAttributeDTO.getCreatedDate() to: setCreatedDate(java.time.LocalDateTime).
[INFO] -- MapStruct: selecting property mapping: LocalDateTime.parse( productAttributeDTO.getCreatedDate() ).
[INFO] -- MapStruct: mapping property: productAttributeDTO.getLastModifiedDate() to: setLastModifiedDate(java.time.LocalDateTime).
[INFO] -- MapStruct: selecting property mapping: LocalDateTime.parse( productAttributeDTO.getLastModifiedDate() ).
[INFO] -- MapStruct: mapping property: productAttributeDTO.getCreatedBy() to: setCreatedBy(java.lang.String).
[INFO] -- MapStruct: selecting property mapping: productAttributeDTO.getCreatedBy().
[INFO] -- MapStruct: mapping property: productAttributeDTO.getLastModifiedBy() to: setLastModifiedBy(java.lang.String).
[INFO] -- MapStruct: selecting property mapping: productAttributeDTO.getLastModifiedBy().
[INFO] -- MapStruct: mapping property: productAttributeDTO.getAttributeName() to: setAttributeName(java.lang.String).
[INFO] -- MapStruct: selecting property mapping: productAttributeDTO.getAttributeName().
[INFO] -- MapStruct: mapping property: productAttributeDTO.getAttributeValue() to: setAttributeValue(java.lang.String).
[INFO] -- MapStruct: selecting property mapping: productAttributeDTO.getAttributeValue().
[INFO] -- MapStruct: mapping property: productAttributeDTO.getUnitOfMeasure() to: setUnitOfMeasure(java.lang.String).
[INFO] -- MapStruct: selecting property mapping: productAttributeDTO.getUnitOfMeasure().
[INFO] -- MapStruct: creating element mapping: com.scaler.entity.ProductAttribute #productAttributeDTOToProductAttribute(productAttributeDTO).
[INFO] -- MapStruct: selecting element mapping: com.scaler.entity.ProductAttribute #productAttributeDTOToProductAttribute(productAttributeDTO).
[INFO] -- MapStruct: creating property mapping: java.util.List<com.scaler.entity.ProductAttribute> #productAttributeDTOListToProductAttributeList(productDTO.getAttributes()).
[INFO] -- MapStruct: selecting property mapping: java.util.List<com.scaler.entity.ProductAttribute> #productAttributeDTOListToProductAttributeList(productDTO.getAttributes()).
[INFO] -- MapStruct: mapping property: productDTO.getSellerProducts() to: setSellerProducts(java.util.Set<com.scaler.entity.SellerProduct>).
[INFO] -- MapStruct: mapping property: sellerProductDTO.getId() to: setId(java.util.UUID).
[INFO] -- MapStruct: selecting property mapping: sellerProductDTO.getId().
[INFO] -- MapStruct: mapping property: sellerProductDTO.getCreatedDate() to: setCreatedDate(java.time.LocalDateTime).
[INFO] -- MapStruct: selecting property mapping: LocalDateTime.parse( sellerProductDTO.getCreatedDate() ).
[INFO] -- MapStruct: mapping property: sellerProductDTO.getLastModifiedDate() to: setLastModifiedDate(java.time.LocalDateTime).
[INFO] -- MapStruct: selecting property mapping: LocalDateTime.parse( sellerProductDTO.getLastModifiedDate() ).
[INFO] -- MapStruct: mapping property: sellerProductDTO.getCreatedBy() to: setCreatedBy(java.lang.String).
[INFO] -- MapStruct: selecting property mapping: sellerProductDTO.getCreatedBy().
[INFO] -- MapStruct: mapping property: sellerProductDTO.getLastModifiedBy() to: setLastModifiedBy(java.lang.String).
[INFO] -- MapStruct: selecting property mapping: sellerProductDTO.getLastModifiedBy().
[INFO] -- MapStruct: mapping property: sellerProductDTO.getIsManufacturer() to: setIsManufacturer(java.lang.Boolean).
[INFO] -- MapStruct: selecting property mapping: sellerProductDTO.getIsManufacturer().
[INFO] -- MapStruct: mapping property: sellerProductDTO.getPrice() to: setPrice(java.math.BigDecimal).
[INFO] -- MapStruct: selecting property mapping: sellerProductDTO.getPrice().
[INFO] -- MapStruct: mapping property: sellerProductDTO.getStock() to: setStock(java.lang.Integer).
[INFO] -- MapStruct: selecting property mapping: sellerProductDTO.getStock().
[INFO] -- MapStruct: mapping property: sellerProductDTO.getStatus() to: setStatus(java.lang.String).
[INFO] -- MapStruct: selecting property mapping: sellerProductDTO.getStatus().
[INFO] -- MapStruct: mapping property: sellerProductDTO.getCommissionRate() to: setCommissionRate(java.math.BigDecimal).
[INFO] -- MapStruct: selecting property mapping: sellerProductDTO.getCommissionRate().
[INFO] -- MapStruct: creating element mapping: com.scaler.entity.SellerProduct #sellerProductDTOToSellerProduct(sellerProductDTO).
[INFO] -- MapStruct: selecting element mapping: com.scaler.entity.SellerProduct #sellerProductDTOToSellerProduct(sellerProductDTO).
[INFO] -- MapStruct: creating property mapping: java.util.Set<com.scaler.entity.SellerProduct> #sellerProductDTOSetToSellerProductSet(productDTO.getSellerProducts()).
[INFO] -- MapStruct: selecting property mapping: java.util.Set<com.scaler.entity.SellerProduct> #sellerProductDTOSetToSellerProductSet(productDTO.getSellerProducts()).
[INFO] -- MapStruct: creating element mapping: com.scaler.entity.Product #productDTOToProduct(productDTO).
[INFO] -- MapStruct: selecting element mapping: com.scaler.entity.Product #productDTOToProduct(productDTO).
[INFO] -- MapStruct: creating property mapping: java.util.List<com.scaler.entity.Product> #productDTOListToProductList(dto.getProducts()).
[INFO] -- MapStruct: selecting property mapping: java.util.List<com.scaler.entity.Product> #productDTOListToProductList(dto.getProducts()).
[INFO] -- MapStruct: mapping property: dto.getCategories() to: setCategories(java.util.List<com.scaler.entity.Category>).
[INFO] -- MapStruct: selecting element mapping: com.scaler.entity.Category CategoryMapper#toEntity(categoryDTO).
[INFO] -- MapStruct: creating property mapping: java.util.List<com.scaler.entity.Category> #categoryDTOListToCategoryList(dto.getCategories()).
[INFO] -- MapStruct: selecting property mapping: java.util.List<com.scaler.entity.Category> #categoryDTOListToCategoryList(dto.getCategories()).
[INFO] -- MapStruct: mapping property: dto.getSiteCatalogs() to: setSiteCatalogs(java.util.Set<com.scaler.entity.StoreCatalog>).
[INFO] -- MapStruct: selecting element mapping: com.scaler.entity.StoreCatalog StoreCatalogMapper#toEntity(storeCatalogDTO).
[INFO] -- MapStruct: creating property mapping: java.util.Set<com.scaler.entity.StoreCatalog> #storeCatalogDTOSetToStoreCatalogSet(dto.getSiteCatalogs()).
[INFO] -- MapStruct: selecting property mapping: java.util.Set<com.scaler.entity.StoreCatalog> #storeCatalogDTOSetToStoreCatalogSet(dto.getSiteCatalogs()).
[INFO] - MapStruct: creating iterable mapping method implementation for java.util.List<com.scaler.dto.CatalogDTO> toDTOList(java.util.List<com.scaler.entity.Catalog> entities).
[INFO] -- MapStruct: selecting element mapping: com.scaler.dto.CatalogDTO #toDTO(catalog).
[INFO] - MapStruct: creating iterable mapping method implementation for java.util.Set<com.scaler.dto.CatalogDTO> toDTOSet(java.util.Set<com.scaler.entity.Catalog> entities).
[INFO] -- MapStruct: selecting element mapping: com.scaler.dto.CatalogDTO #toDTO(catalog).
[INFO]  MapStruct: processing: com.scaler.mapper.ProductMapper.
[INFO] - MapStruct: creating bean mapping method implementation for com.scaler.dto.ProductDTO toDTO(com.scaler.entity.Product entity).
[INFO] MapStruct: referred types not available (yet), deferring mapper: com.scaler.mapper.ProductMapper
[INFO]  MapStruct: processing: com.scaler.mapper.ValidationResultMapper.
[INFO] - MapStruct: creating bean mapping method implementation for com.scaler.dto.ValidationResultDTO toDTO(com.scaler.entity.ValidationResult entity).
[INFO] MapStruct: referred types not available (yet), deferring mapper: com.scaler.mapper.ValidationResultMapper
[INFO]  MapStruct: processing: com.scaler.mapper.ProductFeatureValueMapper.
[INFO] - MapStruct: creating bean mapping method implementation for com.scaler.dto.ProductFeatureValueDTO toDTO(com.scaler.entity.ProductFeatureValue entity).
[INFO] MapStruct: referred types not available (yet), deferring mapper: com.scaler.mapper.ProductFeatureValueMapper
[INFO]  MapStruct: processing: com.scaler.mapper.SellerProductMapper.
[INFO] - MapStruct: creating bean mapping method implementation for com.scaler.dto.SellerProductDTO toDTO(com.scaler.entity.SellerProduct entity).
[INFO] -- MapStruct: mapping property: entity.getId() to: id(java.util.UUID).
[INFO] -- MapStruct: selecting property mapping: entity.getId().
[INFO] -- MapStruct: mapping property: entityProductId( entity ) to: productId(java.util.UUID).
[INFO] -- MapStruct: selecting property mapping: entityProductId( entity ).
[INFO] -- MapStruct: mapping property: entitySellerId( entity ) to: sellerId(java.util.UUID).
[INFO] -- MapStruct: selecting property mapping: entitySellerId( entity ).
[INFO] -- MapStruct: mapping property: entityMerchantId( entity ) to: merchantId(java.util.UUID).
[INFO] -- MapStruct: selecting property mapping: entityMerchantId( entity ).
[INFO] -- MapStruct: mapping property: entity.getCreatedDate() to: createdDate(java.lang.String).
[INFO] -- MapStruct: selecting property mapping: java.lang.String CommonMapper#formatDateTime(entity.getCreatedDate()).
[INFO] -- MapStruct: mapping property: entity.getLastModifiedDate() to: lastModifiedDate(java.lang.String).
[INFO] -- MapStruct: selecting property mapping: java.lang.String CommonMapper#formatDateTime(entity.getLastModifiedDate()).
[INFO] -- MapStruct: mapping property: entity.getCreatedBy() to: createdBy(java.lang.String).
[INFO] -- MapStruct: selecting property mapping: entity.getCreatedBy().
[INFO] -- MapStruct: mapping property: entity.getLastModifiedBy() to: lastModifiedBy(java.lang.String).
[INFO] -- MapStruct: selecting property mapping: entity.getLastModifiedBy().
[INFO] -- MapStruct: mapping property: entity.getIsManufacturer() to: isManufacturer(java.lang.Boolean).
[INFO] -- MapStruct: selecting property mapping: entity.getIsManufacturer().
[INFO] -- MapStruct: mapping property: entity.getPrice() to: price(java.math.BigDecimal).
[INFO] -- MapStruct: selecting property mapping: entity.getPrice().
[INFO] -- MapStruct: mapping property: entity.getStock() to: stock(java.lang.Integer).
[INFO] -- MapStruct: selecting property mapping: entity.getStock().
[INFO] -- MapStruct: mapping property: entity.getStatus() to: status(java.lang.String).
[INFO] -- MapStruct: selecting property mapping: entity.getStatus().
[INFO] -- MapStruct: mapping property: entity.getCommissionRate() to: commissionRate(java.math.BigDecimal).
[INFO] -- MapStruct: selecting property mapping: entity.getCommissionRate().
[INFO] - MapStruct: creating bean mapping method implementation for com.scaler.entity.SellerProduct toEntity(com.scaler.dto.SellerProductDTO dto).
[INFO] MapStruct: referred types not available (yet), deferring mapper: com.scaler.mapper.SellerProductMapper
[INFO]  MapStruct: processing: com.scaler.mapper.UnitOfMeasureMapper.
[INFO] - MapStruct: creating bean mapping method implementation for com.scaler.dto.UnitOfMeasureDTO toDTO(com.scaler.entity.UnitOfMeasure unitOfMeasure).
[INFO] -- MapStruct: mapping property: unitOfMeasureBaseUnitCode( unitOfMeasure ) to: baseUnit(java.lang.String).
[INFO] -- MapStruct: selecting property mapping: unitOfMeasureBaseUnitCode( unitOfMeasure ).
[INFO] -- MapStruct: mapping property: unitOfMeasure.getId() to: id(java.util.UUID).
[INFO] -- MapStruct: selecting property mapping: unitOfMeasure.getId().
[INFO] -- MapStruct: mapping property: unitOfMeasure.getCreatedDate() to: createdDate(java.lang.String).
[INFO] -- MapStruct: selecting property mapping: DateTimeFormatter.ISO_LOCAL_DATE_TIME.format( unitOfMeasure.getCreatedDate() ).
[INFO] -- MapStruct: mapping property: unitOfMeasure.getLastModifiedDate() to: lastModifiedDate(java.lang.String).
[INFO] -- MapStruct: selecting property mapping: DateTimeFormatter.ISO_LOCAL_DATE_TIME.format( unitOfMeasure.getLastModifiedDate() ).
[INFO] -- MapStruct: mapping property: unitOfMeasure.getCreatedBy() to: createdBy(java.lang.String).
[INFO] -- MapStruct: selecting property mapping: unitOfMeasure.getCreatedBy().
[INFO] -- MapStruct: mapping property: unitOfMeasure.getLastModifiedBy() to: lastModifiedBy(java.lang.String).
[INFO] -- MapStruct: selecting property mapping: unitOfMeasure.getLastModifiedBy().
[INFO] -- MapStruct: mapping property: unitOfMeasure.getCode() to: code(java.lang.String).
[INFO] -- MapStruct: selecting property mapping: unitOfMeasure.getCode().
[INFO] -- MapStruct: mapping property: unitOfMeasure.getName() to: name(java.lang.String).
[INFO] -- MapStruct: selecting property mapping: unitOfMeasure.getName().
[INFO] -- MapStruct: mapping property: unitOfMeasure.getDescription() to: description(java.lang.String).
[INFO] -- MapStruct: selecting property mapping: unitOfMeasure.getDescription().
[INFO] -- MapStruct: mapping property: unitOfMeasure.getConversionFactor() to: conversionFactor(java.lang.Double).
[INFO] -- MapStruct: selecting property mapping: unitOfMeasure.getConversionFactor().
[INFO] - MapStruct: creating bean mapping method implementation for void updateEntityFromDTO(com.scaler.dto.UnitOfMeasureDTO dto, @MappingTarget com.scaler.entity.UnitOfMeasure entity).
[INFO] -- MapStruct: mapping property: dto.getId() to: setId(java.util.UUID).
[INFO] -- MapStruct: selecting property mapping: dto.getId().
[INFO] -- MapStruct: mapping property: dto.getCreatedDate() to: setCreatedDate(java.time.LocalDateTime).
[INFO] -- MapStruct: selecting property mapping: LocalDateTime.parse( dto.getCreatedDate() ).
[INFO] -- MapStruct: mapping property: dto.getLastModifiedDate() to: setLastModifiedDate(java.time.LocalDateTime).
[INFO] -- MapStruct: selecting property mapping: LocalDateTime.parse( dto.getLastModifiedDate() ).
[INFO] -- MapStruct: mapping property: dto.getCreatedBy() to: setCreatedBy(java.lang.String).
[INFO] -- MapStruct: selecting property mapping: dto.getCreatedBy().
[INFO] -- MapStruct: mapping property: dto.getLastModifiedBy() to: setLastModifiedBy(java.lang.String).
[INFO] -- MapStruct: selecting property mapping: dto.getLastModifiedBy().
[INFO] -- MapStruct: mapping property: dto.getCode() to: setCode(java.lang.String).
[INFO] -- MapStruct: selecting property mapping: dto.getCode().
[INFO] -- MapStruct: mapping property: dto.getName() to: setName(java.lang.String).
[INFO] -- MapStruct: selecting property mapping: dto.getName().
[INFO] -- MapStruct: mapping property: dto.getDescription() to: setDescription(java.lang.String).
[INFO] -- MapStruct: selecting property mapping: dto.getDescription().
[INFO] -- MapStruct: mapping property: dto.getConversionFactor() to: setConversionFactor(java.lang.Double).
[INFO] -- MapStruct: selecting property mapping: dto.getConversionFactor().
[INFO]  MapStruct: processing: com.scaler.mapper.ProductAttributeMapper.
[INFO] - MapStruct: creating bean mapping method implementation for com.scaler.dto.ProductAttributeDTO toDTO(com.scaler.entity.ProductAttribute entity).
[INFO] MapStruct: referred types not available (yet), deferring mapper: com.scaler.mapper.ProductAttributeMapper
[INFO]  MapStruct: processing: com.scaler.mapper.ProductFeatureMapper.
[INFO] - MapStruct: creating bean mapping method implementation for com.scaler.dto.ProductFeatureDTO toDTO(com.scaler.entity.ProductFeature entity).
[INFO] -- MapStruct: mapping property: entity.getId() to: id(java.util.UUID).
[INFO] -- MapStruct: selecting property mapping: entity.getId().
[INFO] -- MapStruct: mapping property: entityTemplateId( entity ) to: templateId(java.util.UUID).
[INFO] -- MapStruct: selecting property mapping: entityTemplateId( entity ).
[INFO] -- MapStruct: mapping property: entityUnitOfMeasureId( entity ) to: unitOfMeasureId(java.util.UUID).
[INFO] -- MapStruct: selecting property mapping: entityUnitOfMeasureId( entity ).
[INFO] -- MapStruct: mapping property: entity.getName() to: name(java.lang.String).
[INFO] -- MapStruct: selecting property mapping: entity.getName().
[INFO] -- MapStruct: mapping property: entity.getDescription() to: description(java.lang.String).
[INFO] -- MapStruct: selecting property mapping: entity.getDescription().
[INFO] -- MapStruct: mapping property: entity.getCode() to: code(java.lang.String).
[INFO] -- MapStruct: selecting property mapping: entity.getCode().
[INFO] -- MapStruct: mapping property: entity.getAttributeType() to: attributeType(java.lang.String).
[INFO] -- MapStruct: selecting property mapping: entity.getAttributeType().
[INFO] -- MapStruct: mapping property: entity.getValidationPattern() to: validationPattern(java.lang.String).
[INFO] -- MapStruct: selecting property mapping: entity.getValidationPattern().
[INFO] -- MapStruct: mapping property: entity.getMinValue() to: minValue(java.lang.String).
[INFO] -- MapStruct: selecting property mapping: entity.getMinValue().
[INFO] -- MapStruct: mapping property: entity.getMaxValue() to: maxValue(java.lang.String).
[INFO] -- MapStruct: selecting property mapping: entity.getMaxValue().
[INFO] -- MapStruct: mapping property: entity.getAllowedValues() to: allowedValues(java.lang.String).
[INFO] -- MapStruct: selecting property mapping: entity.getAllowedValues().
[INFO] -- MapStruct: mapping property: entity.getDefaultValue() to: defaultValue(java.lang.String).
[INFO] -- MapStruct: selecting property mapping: entity.getDefaultValue().
[INFO] -- MapStruct: mapping property: entity.getFeatureType() to: featureType(com.scaler.entity.FeatureType).
[INFO] -- MapStruct: selecting property mapping: entity.getFeatureType().
[INFO] -- MapStruct: mapping property: entity.isVisible() to: visible(boolean).
[INFO] -- MapStruct: selecting property mapping: entity.isVisible().
[INFO] -- MapStruct: mapping property: entity.isEditable() to: editable(boolean).
[INFO] -- MapStruct: selecting property mapping: entity.isEditable().
[INFO] -- MapStruct: mapping property: entity.isSearchable() to: searchable(boolean).
[INFO] -- MapStruct: selecting property mapping: entity.isSearchable().
[INFO] -- MapStruct: mapping property: entity.isComparable() to: comparable(boolean).
[INFO] -- MapStruct: selecting property mapping: entity.isComparable().
[INFO] -- MapStruct: mapping property: entity.isRequired() to: required(boolean).
[INFO] -- MapStruct: selecting property mapping: entity.isRequired().
[INFO] -- MapStruct: mapping property: entity.isMultiValued() to: multiValued(boolean).
[INFO] -- MapStruct: selecting property mapping: entity.isMultiValued().
[INFO] -- MapStruct: mapping property: entity.getMetadata() to: metadata(java.lang.String).
[INFO] -- MapStruct: selecting property mapping: java.lang.String CommonMapper#jsonNodeToString(entity.getMetadata()).
[INFO] -- MapStruct: mapping property: entity.getCreatedDate() to: createdDate(java.lang.String).
[INFO] -- MapStruct: selecting property mapping: DateTimeFormatter.ISO_LOCAL_DATE_TIME.format( entity.getCreatedDate() ).
[INFO] -- MapStruct: mapping property: entity.getLastModifiedDate() to: lastModifiedDate(java.lang.String).
[INFO] -- MapStruct: selecting property mapping: DateTimeFormatter.ISO_LOCAL_DATE_TIME.format( entity.getLastModifiedDate() ).
[INFO] -- MapStruct: mapping property: entity.getCreatedBy() to: createdBy(java.lang.String).
[INFO] -- MapStruct: selecting property mapping: entity.getCreatedBy().
[INFO] -- MapStruct: mapping property: entity.getLastModifiedBy() to: lastModifiedBy(java.lang.String).
[INFO] -- MapStruct: selecting property mapping: entity.getLastModifiedBy().
[INFO] - MapStruct: creating bean mapping method implementation for com.scaler.entity.ProductFeature toEntity(com.scaler.dto.ProductFeatureDTO dto).
[INFO] -- MapStruct: mapping property: dto.getId() to: id(java.util.UUID).
[INFO] -- MapStruct: selecting property mapping: dto.getId().
[INFO] -- MapStruct: mapping property: dto.getName() to: name(java.lang.String).
[INFO] -- MapStruct: selecting property mapping: dto.getName().
[INFO] -- MapStruct: mapping property: dto.getDescription() to: description(java.lang.String).
[INFO] -- MapStruct: selecting property mapping: dto.getDescription().
[INFO] -- MapStruct: mapping property: dto.getCode() to: code(java.lang.String).
[INFO] -- MapStruct: selecting property mapping: dto.getCode().
[INFO] -- MapStruct: mapping property: dto.getAttributeType() to: attributeType(java.lang.String).
[INFO] -- MapStruct: selecting property mapping: dto.getAttributeType().
[INFO] -- MapStruct: mapping property: dto.getValidationPattern() to: validationPattern(java.lang.String).
[INFO] -- MapStruct: selecting property mapping: dto.getValidationPattern().
[INFO] -- MapStruct: mapping property: dto.getMinValue() to: minValue(java.lang.String).
[INFO] -- MapStruct: selecting property mapping: dto.getMinValue().
[INFO] -- MapStruct: mapping property: dto.getMaxValue() to: maxValue(java.lang.String).
[INFO] -- MapStruct: selecting property mapping: dto.getMaxValue().
[INFO] -- MapStruct: mapping property: dto.getAllowedValues() to: allowedValues(java.lang.String).
[INFO] -- MapStruct: selecting property mapping: dto.getAllowedValues().
[INFO] -- MapStruct: mapping property: dto.getDefaultValue() to: defaultValue(java.lang.String).
[INFO] -- MapStruct: selecting property mapping: dto.getDefaultValue().
[INFO] -- MapStruct: mapping property: dto.getFeatureType() to: featureType(com.scaler.entity.FeatureType).
[INFO] -- MapStruct: selecting property mapping: dto.getFeatureType().
[INFO] -- MapStruct: mapping property: dto.isVisible() to: visible(boolean).
[INFO] -- MapStruct: selecting property mapping: dto.isVisible().
[INFO] -- MapStruct: mapping property: dto.isEditable() to: editable(boolean).
[INFO] -- MapStruct: selecting property mapping: dto.isEditable().
[INFO] -- MapStruct: mapping property: dto.isSearchable() to: searchable(boolean).
[INFO] -- MapStruct: selecting property mapping: dto.isSearchable().
[INFO] -- MapStruct: mapping property: dto.isComparable() to: comparable(boolean).
[INFO] -- MapStruct: selecting property mapping: dto.isComparable().
[INFO] -- MapStruct: mapping property: dto.isRequired() to: required(boolean).
[INFO] -- MapStruct: selecting property mapping: dto.isRequired().
[INFO] -- MapStruct: mapping property: dto.isMultiValued() to: multiValued(boolean).
[INFO] -- MapStruct: selecting property mapping: dto.isMultiValued().
[INFO] -- MapStruct: mapping property: dto.getMetadata() to: metadata(com.fasterxml.jackson.databind.JsonNode).
[INFO] -- MapStruct: selecting property mapping: com.fasterxml.jackson.databind.JsonNode CommonMapper#jsonStringToJsonNode(dto.getMetadata()).
[INFO] -- MapStruct: mapping property: dto.getCreatedDate() to: createdDate(java.time.LocalDateTime).
[INFO] -- MapStruct: selecting property mapping: LocalDateTime.parse( dto.getCreatedDate() ).
[INFO] -- MapStruct: mapping property: dto.getLastModifiedDate() to: lastModifiedDate(java.time.LocalDateTime).
[INFO] -- MapStruct: selecting property mapping: LocalDateTime.parse( dto.getLastModifiedDate() ).
[INFO] -- MapStruct: mapping property: dto.getCreatedBy() to: createdBy(java.lang.String).
[INFO] -- MapStruct: selecting property mapping: dto.getCreatedBy().
[INFO] -- MapStruct: mapping property: dto.getLastModifiedBy() to: lastModifiedBy(java.lang.String).
[INFO] -- MapStruct: selecting property mapping: dto.getLastModifiedBy().
[INFO] - MapStruct: creating bean mapping method implementation for void updateEntity(@MappingTarget com.scaler.entity.ProductFeature entity, com.scaler.dto.ProductFeatureDTO dto).
[INFO] -- MapStruct: mapping property: dto.getName() to: setName(java.lang.String).
[INFO] -- MapStruct: selecting property mapping: dto.getName().
[INFO] -- MapStruct: mapping property: dto.getDescription() to: setDescription(java.lang.String).
[INFO] -- MapStruct: selecting property mapping: dto.getDescription().
[INFO] -- MapStruct: mapping property: dto.getCode() to: setCode(java.lang.String).
[INFO] -- MapStruct: selecting property mapping: dto.getCode().
[INFO] -- MapStruct: mapping property: dto.getAttributeType() to: setAttributeType(java.lang.String).
[INFO] -- MapStruct: selecting property mapping: dto.getAttributeType().
[INFO] -- MapStruct: mapping property: dto.getValidationPattern() to: setValidationPattern(java.lang.String).
[INFO] -- MapStruct: selecting property mapping: dto.getValidationPattern().
[INFO] -- MapStruct: mapping property: dto.getMinValue() to: setMinValue(java.lang.String).
[INFO] -- MapStruct: selecting property mapping: dto.getMinValue().
[INFO] -- MapStruct: mapping property: dto.getMaxValue() to: setMaxValue(java.lang.String).
[INFO] -- MapStruct: selecting property mapping: dto.getMaxValue().
[INFO] -- MapStruct: mapping property: dto.getAllowedValues() to: setAllowedValues(java.lang.String).
[INFO] -- MapStruct: selecting property mapping: dto.getAllowedValues().
[INFO] -- MapStruct: mapping property: dto.getDefaultValue() to: setDefaultValue(java.lang.String).
[INFO] -- MapStruct: selecting property mapping: dto.getDefaultValue().
[INFO] -- MapStruct: mapping property: dto.getFeatureType() to: setFeatureType(com.scaler.entity.FeatureType).
[INFO] -- MapStruct: selecting property mapping: dto.getFeatureType().
[INFO] -- MapStruct: mapping property: dto.isVisible() to: setVisible(boolean).
[INFO] -- MapStruct: selecting property mapping: dto.isVisible().
[INFO] -- MapStruct: mapping property: dto.isEditable() to: setEditable(boolean).
[INFO] -- MapStruct: selecting property mapping: dto.isEditable().
[INFO] -- MapStruct: mapping property: dto.isSearchable() to: setSearchable(boolean).
[INFO] -- MapStruct: selecting property mapping: dto.isSearchable().
[INFO] -- MapStruct: mapping property: dto.isComparable() to: setComparable(boolean).
[INFO] -- MapStruct: selecting property mapping: dto.isComparable().
[INFO] -- MapStruct: mapping property: dto.isRequired() to: setRequired(boolean).
[INFO] -- MapStruct: selecting property mapping: dto.isRequired().
[INFO] -- MapStruct: mapping property: dto.isMultiValued() to: setMultiValued(boolean).
[INFO] -- MapStruct: selecting property mapping: dto.isMultiValued().
[INFO] -- MapStruct: mapping property: dto.getMetadata() to: setMetadata(com.fasterxml.jackson.databind.JsonNode).
[INFO] -- MapStruct: selecting property mapping: com.fasterxml.jackson.databind.JsonNode CommonMapper#jsonStringToJsonNode(dto.getMetadata()).
[INFO] -- MapStruct: mapping property: dto.getId() to: setId(java.util.UUID).
[INFO] -- MapStruct: selecting property mapping: dto.getId().
[INFO] -- MapStruct: mapping property: dto.getCreatedDate() to: setCreatedDate(java.time.LocalDateTime).
[INFO] -- MapStruct: selecting property mapping: LocalDateTime.parse( dto.getCreatedDate() ).
[INFO] -- MapStruct: mapping property: dto.getLastModifiedDate() to: setLastModifiedDate(java.time.LocalDateTime).
[INFO] -- MapStruct: selecting property mapping: LocalDateTime.parse( dto.getLastModifiedDate() ).
[INFO] -- MapStruct: mapping property: dto.getCreatedBy() to: setCreatedBy(java.lang.String).
[INFO] -- MapStruct: selecting property mapping: dto.getCreatedBy().
[INFO] -- MapStruct: mapping property: dto.getLastModifiedBy() to: setLastModifiedBy(java.lang.String).
[INFO] -- MapStruct: selecting property mapping: dto.getLastModifiedBy().
[INFO] - MapStruct: creating iterable mapping method implementation for java.util.List<com.scaler.dto.ProductFeatureDTO> toDTOList(java.util.List<com.scaler.entity.ProductFeature> entities).
[INFO] -- MapStruct: selecting element mapping: com.scaler.dto.ProductFeatureDTO #toDTO(productFeature).
[INFO] - MapStruct: creating iterable mapping method implementation for java.util.Set<com.scaler.dto.ProductFeatureDTO> toDTOSet(java.util.Set<com.scaler.entity.ProductFeature> entities).
[INFO] -- MapStruct: selecting element mapping: com.scaler.dto.ProductFeatureDTO #toDTO(productFeature).
[INFO]  MapStruct: processing: com.scaler.mapper.FeatureTemplateMapper.
[INFO] - MapStruct: creating bean mapping method implementation for com.scaler.dto.FeatureTemplateDTO toDTO(com.scaler.entity.FeatureTemplate entity).
[INFO] -- MapStruct: mapping property: entity.getId() to: id(java.util.UUID).
[INFO] -- MapStruct: selecting property mapping: entity.getId().
[INFO] -- MapStruct: mapping property: entity.getName() to: name(java.lang.String).
[INFO] -- MapStruct: selecting property mapping: entity.getName().
[INFO] -- MapStruct: mapping property: entity.getDescription() to: description(java.lang.String).
[INFO] -- MapStruct: selecting property mapping: entity.getDescription().
[INFO] -- MapStruct: mapping property: entity.getFeatureType() to: featureType(com.scaler.entity.FeatureType).
[INFO] -- MapStruct: selecting property mapping: entity.getFeatureType().
[INFO] -- MapStruct: mapping property: entity.getDataType() to: dataType(java.lang.String).
[INFO] -- MapStruct: selecting property mapping: entity.getDataType().
[INFO] -- MapStruct: mapping property: entity.getInputType() to: inputType(java.lang.String).
[INFO] -- MapStruct: selecting property mapping: entity.getInputType().
[INFO] -- MapStruct: mapping property: entity.getValidationPattern() to: validationPattern(java.lang.String).
[INFO] -- MapStruct: selecting property mapping: entity.getValidationPattern().
[INFO] -- MapStruct: mapping property: entity.getMinValue() to: minValue(java.lang.String).
[INFO] -- MapStruct: selecting property mapping: entity.getMinValue().
[INFO] -- MapStruct: mapping property: entity.getMaxValue() to: maxValue(java.lang.String).
[INFO] -- MapStruct: selecting property mapping: entity.getMaxValue().
[INFO] -- MapStruct: mapping property: entity.getAllowedValues() to: allowedValues(java.lang.String).
[INFO] -- MapStruct: selecting property mapping: entity.getAllowedValues().
[INFO] -- MapStruct: mapping property: entity.getDefaultValue() to: defaultValue(java.lang.String).
[INFO] -- MapStruct: selecting property mapping: entity.getDefaultValue().
[INFO] -- MapStruct: mapping property: entityUnitId( entity ) to: unitId(java.util.UUID).
[INFO] -- MapStruct: selecting property mapping: entityUnitId( entity ).
[INFO] -- MapStruct: mapping property: entity.getUnit() to: unit(com.scaler.entity.UnitOfMeasure).
[INFO] -- MapStruct: selecting property mapping: entity.getUnit().
[INFO] -- MapStruct: mapping property: entity.getRequired() to: required(java.lang.Boolean).
[INFO] -- MapStruct: selecting property mapping: entity.getRequired().
[INFO] -- MapStruct: mapping property: entity.getFilterable() to: filterable(java.lang.Boolean).
[INFO] -- MapStruct: selecting property mapping: entity.getFilterable().
[INFO] -- MapStruct: mapping property: entity.getHidden() to: hidden(java.lang.Boolean).
[INFO] -- MapStruct: selecting property mapping: entity.getHidden().
[INFO] -- MapStruct: mapping property: entity.getMultiValued() to: multiValued(java.lang.Boolean).
[INFO] -- MapStruct: selecting property mapping: entity.getMultiValued().
[INFO] -- MapStruct: mapping property: entity.getSearchable() to: searchable(java.lang.Boolean).
[INFO] -- MapStruct: selecting property mapping: entity.getSearchable().
[INFO] -- MapStruct: mapping property: entity.getComparable() to: comparable(java.lang.Boolean).
[INFO] -- MapStruct: selecting property mapping: entity.getComparable().
[INFO] -- MapStruct: mapping property: entity.getVisible() to: visible(java.lang.Boolean).
[INFO] -- MapStruct: selecting property mapping: entity.getVisible().
[INFO] -- MapStruct: mapping property: entity.getEditable() to: editable(java.lang.Boolean).
[INFO] -- MapStruct: selecting property mapping: entity.getEditable().
[INFO] -- MapStruct: mapping property: entity.getMetadata() to: metadata(java.lang.String).
[INFO] -- MapStruct: selecting property mapping: java.lang.String CommonMapper#jsonNodeToString(entity.getMetadata()).
[INFO] -- MapStruct: mapping property: entity.getCreatedDate() to: createdDate(java.lang.String).
[INFO] -- MapStruct: selecting property mapping: DateTimeFormatter.ISO_LOCAL_DATE_TIME.format( entity.getCreatedDate() ).
[INFO] -- MapStruct: mapping property: entity.getLastModifiedDate() to: lastModifiedDate(java.lang.String).
[INFO] -- MapStruct: selecting property mapping: DateTimeFormatter.ISO_LOCAL_DATE_TIME.format( entity.getLastModifiedDate() ).
[INFO] -- MapStruct: mapping property: entity.getCreatedBy() to: createdBy(java.lang.String).
[INFO] -- MapStruct: selecting property mapping: entity.getCreatedBy().
[INFO] -- MapStruct: mapping property: entity.getLastModifiedBy() to: lastModifiedBy(java.lang.String).
[INFO] -- MapStruct: selecting property mapping: entity.getLastModifiedBy().
[INFO] -- MapStruct: mapping property: entity.getTemplateType() to: templateType(java.lang.String).
[INFO] -- MapStruct: selecting property mapping: entity.getTemplateType().
[INFO] - MapStruct: creating bean mapping method implementation for com.scaler.entity.FeatureTemplate toEntity(com.scaler.dto.FeatureTemplateDTO dto).
[INFO] -- MapStruct: mapping property: dto.getId() to: id(java.util.UUID).
[INFO] -- MapStruct: selecting property mapping: dto.getId().
[INFO] -- MapStruct: mapping property: dto.getName() to: name(java.lang.String).
[INFO] -- MapStruct: selecting property mapping: dto.getName().
[INFO] -- MapStruct: mapping property: dto.getDescription() to: description(java.lang.String).
[INFO] -- MapStruct: selecting property mapping: dto.getDescription().
[INFO] -- MapStruct: mapping property: dto.getFeatureType() to: featureType(com.scaler.entity.FeatureType).
[INFO] -- MapStruct: selecting property mapping: dto.getFeatureType().
[INFO] -- MapStruct: mapping property: dto.getDataType() to: dataType(java.lang.String).
[INFO] -- MapStruct: selecting property mapping: dto.getDataType().
[INFO] -- MapStruct: mapping property: dto.getInputType() to: inputType(java.lang.String).
[INFO] -- MapStruct: selecting property mapping: dto.getInputType().
[INFO] -- MapStruct: mapping property: dto.getValidationPattern() to: validationPattern(java.lang.String).
[INFO] -- MapStruct: selecting property mapping: dto.getValidationPattern().
[INFO] -- MapStruct: mapping property: dto.getMinValue() to: minValue(java.lang.String).
[INFO] -- MapStruct: selecting property mapping: dto.getMinValue().
[INFO] -- MapStruct: mapping property: dto.getMaxValue() to: maxValue(java.lang.String).
[INFO] -- MapStruct: selecting property mapping: dto.getMaxValue().
[INFO] -- MapStruct: mapping property: dto.getAllowedValues() to: allowedValues(java.lang.String).
[INFO] -- MapStruct: selecting property mapping: dto.getAllowedValues().
[INFO] -- MapStruct: mapping property: dto.getDefaultValue() to: defaultValue(java.lang.String).
[INFO] -- MapStruct: selecting property mapping: dto.getDefaultValue().
[INFO] -- MapStruct: mapping property: dto.getUnit() to: unit(com.scaler.entity.UnitOfMeasure).
[INFO] -- MapStruct: selecting property mapping: dto.getUnit().
[INFO] -- MapStruct: mapping property: dto.getRequired() to: required(java.lang.Boolean).
[INFO] -- MapStruct: selecting property mapping: dto.getRequired().
[INFO] -- MapStruct: mapping property: dto.getFilterable() to: filterable(java.lang.Boolean).
[INFO] -- MapStruct: selecting property mapping: dto.getFilterable().
[INFO] -- MapStruct: mapping property: dto.getHidden() to: hidden(java.lang.Boolean).
[INFO] -- MapStruct: selecting property mapping: dto.getHidden().
[INFO] -- MapStruct: mapping property: dto.getMultiValued() to: multiValued(java.lang.Boolean).
[INFO] -- MapStruct: selecting property mapping: dto.getMultiValued().
[INFO] -- MapStruct: mapping property: dto.getSearchable() to: searchable(java.lang.Boolean).
[INFO] -- MapStruct: selecting property mapping: dto.getSearchable().
[INFO] -- MapStruct: mapping property: dto.getComparable() to: comparable(java.lang.Boolean).
[INFO] -- MapStruct: selecting property mapping: dto.getComparable().
[INFO] -- MapStruct: mapping property: dto.getVisible() to: visible(java.lang.Boolean).
[INFO] -- MapStruct: selecting property mapping: dto.getVisible().
[INFO] -- MapStruct: mapping property: dto.getEditable() to: editable(java.lang.Boolean).
[INFO] -- MapStruct: selecting property mapping: dto.getEditable().
[INFO] -- MapStruct: mapping property: dto.getMetadata() to: metadata(com.fasterxml.jackson.databind.JsonNode).
[INFO] -- MapStruct: selecting property mapping: com.fasterxml.jackson.databind.JsonNode CommonMapper#jsonStringToJsonNode(dto.getMetadata()).
[INFO] -- MapStruct: mapping property: dto.getCreatedDate() to: createdDate(java.time.LocalDateTime).
[INFO] -- MapStruct: selecting property mapping: LocalDateTime.parse( dto.getCreatedDate() ).
[INFO] -- MapStruct: mapping property: dto.getLastModifiedDate() to: lastModifiedDate(java.time.LocalDateTime).
[INFO] -- MapStruct: selecting property mapping: LocalDateTime.parse( dto.getLastModifiedDate() ).
[INFO] -- MapStruct: mapping property: dto.getCreatedBy() to: createdBy(java.lang.String).
[INFO] -- MapStruct: selecting property mapping: dto.getCreatedBy().
[INFO] -- MapStruct: mapping property: dto.getLastModifiedBy() to: lastModifiedBy(java.lang.String).
[INFO] -- MapStruct: selecting property mapping: dto.getLastModifiedBy().
[INFO] -- MapStruct: mapping property: dto.getTemplateType() to: templateType(java.lang.String).
[INFO] -- MapStruct: selecting property mapping: dto.getTemplateType().
[INFO] - MapStruct: creating bean mapping method implementation for void updateEntityFromDTO(com.scaler.dto.FeatureTemplateDTO dto, @MappingTarget com.scaler.entity.FeatureTemplate entity).
[INFO] -- MapStruct: mapping property: dto.getId() to: setId(java.util.UUID).
[INFO] -- MapStruct: selecting property mapping: dto.getId().
[INFO] -- MapStruct: mapping property: dto.getCreatedDate() to: setCreatedDate(java.time.LocalDateTime).
[INFO] -- MapStruct: selecting property mapping: LocalDateTime.parse( dto.getCreatedDate() ).
[INFO] -- MapStruct: mapping property: dto.getLastModifiedDate() to: setLastModifiedDate(java.time.LocalDateTime).
[INFO] -- MapStruct: selecting property mapping: LocalDateTime.parse( dto.getLastModifiedDate() ).
[INFO] -- MapStruct: mapping property: dto.getCreatedBy() to: setCreatedBy(java.lang.String).
[INFO] -- MapStruct: selecting property mapping: dto.getCreatedBy().
[INFO] -- MapStruct: mapping property: dto.getLastModifiedBy() to: setLastModifiedBy(java.lang.String).
[INFO] -- MapStruct: selecting property mapping: dto.getLastModifiedBy().
[INFO] -- MapStruct: mapping property: dto.getTemplateType() to: setTemplateType(java.lang.String).
[INFO] -- MapStruct: selecting property mapping: dto.getTemplateType().
[INFO] -- MapStruct: mapping property: dto.getName() to: setName(java.lang.String).
[INFO] -- MapStruct: selecting property mapping: dto.getName().
[INFO] -- MapStruct: mapping property: dto.getDescription() to: setDescription(java.lang.String).
[INFO] -- MapStruct: selecting property mapping: dto.getDescription().
[INFO] -- MapStruct: mapping property: dto.getFeatureType() to: setFeatureType(com.scaler.entity.FeatureType).
[INFO] -- MapStruct: selecting property mapping: dto.getFeatureType().
[INFO] -- MapStruct: mapping property: dto.getDataType() to: setDataType(java.lang.String).
[INFO] -- MapStruct: selecting property mapping: dto.getDataType().
[INFO] -- MapStruct: mapping property: dto.getInputType() to: setInputType(java.lang.String).
[INFO] -- MapStruct: selecting property mapping: dto.getInputType().
[INFO] -- MapStruct: mapping property: dto.getValidationPattern() to: setValidationPattern(java.lang.String).
[INFO] -- MapStruct: selecting property mapping: dto.getValidationPattern().
[INFO] -- MapStruct: mapping property: dto.getMinValue() to: setMinValue(java.lang.String).
[INFO] -- MapStruct: selecting property mapping: dto.getMinValue().
[INFO] -- MapStruct: mapping property: dto.getMaxValue() to: setMaxValue(java.lang.String).
[INFO] -- MapStruct: selecting property mapping: dto.getMaxValue().
[INFO] -- MapStruct: mapping property: dto.getAllowedValues() to: setAllowedValues(java.lang.String).
[INFO] -- MapStruct: selecting property mapping: dto.getAllowedValues().
[INFO] -- MapStruct: mapping property: dto.getDefaultValue() to: setDefaultValue(java.lang.String).
[INFO] -- MapStruct: selecting property mapping: dto.getDefaultValue().
[INFO] -- MapStruct: mapping property: dto.getUnit() to: setUnit(com.scaler.entity.UnitOfMeasure).
[INFO] -- MapStruct: selecting property mapping: dto.getUnit().
[INFO] -- MapStruct: mapping property: dto.getRequired() to: setRequired(java.lang.Boolean).
[INFO] -- MapStruct: selecting property mapping: dto.getRequired().
[INFO] -- MapStruct: mapping property: dto.getFilterable() to: setFilterable(java.lang.Boolean).
[INFO] -- MapStruct: selecting property mapping: dto.getFilterable().
[INFO] -- MapStruct: mapping property: dto.getHidden() to: setHidden(java.lang.Boolean).
[INFO] -- MapStruct: selecting property mapping: dto.getHidden().
[INFO] -- MapStruct: mapping property: dto.getMultiValued() to: setMultiValued(java.lang.Boolean).
[INFO] -- MapStruct: selecting property mapping: dto.getMultiValued().
[INFO] -- MapStruct: mapping property: dto.getSearchable() to: setSearchable(java.lang.Boolean).
[INFO] -- MapStruct: selecting property mapping: dto.getSearchable().
[INFO] -- MapStruct: mapping property: dto.getComparable() to: setComparable(java.lang.Boolean).
[INFO] -- MapStruct: selecting property mapping: dto.getComparable().
[INFO] -- MapStruct: mapping property: dto.getVisible() to: setVisible(java.lang.Boolean).
[INFO] -- MapStruct: selecting property mapping: dto.getVisible().
[INFO] -- MapStruct: mapping property: dto.getEditable() to: setEditable(java.lang.Boolean).
[INFO] -- MapStruct: selecting property mapping: dto.getEditable().
[INFO] -- MapStruct: mapping property: dto.getMetadata() to: setMetadata(com.fasterxml.jackson.databind.JsonNode).
[INFO] -- MapStruct: selecting property mapping: com.fasterxml.jackson.databind.JsonNode MapperUtils#mapStringToJsonNode(dto.getMetadata()).
[INFO]  MapStruct: processing: com.scaler.mapper.ChannelMapper.
[INFO] - MapStruct: creating bean mapping method implementation for com.scaler.dto.ChannelDTO toDTO(com.scaler.entity.Channel entity).
[INFO] MapStruct: referred types not available (yet), deferring mapper: com.scaler.mapper.ChannelMapper
[INFO]  MapStruct: processing: com.scaler.mapper.SellerMapper.
[INFO] - MapStruct: creating bean mapping method implementation for com.scaler.dto.SellerDTO toDto(com.scaler.entity.Seller seller).
[INFO] -- MapStruct: mapping property: seller.getId() to: id(java.util.UUID).
[INFO] -- MapStruct: selecting property mapping: seller.getId().
[INFO] -- MapStruct: mapping property: seller.getCreatedDate() to: createdDate(java.lang.String).
[INFO] -- MapStruct: selecting property mapping: DateTimeFormatter.ISO_LOCAL_DATE_TIME.format( seller.getCreatedDate() ).
[INFO] -- MapStruct: mapping property: seller.getLastModifiedDate() to: lastModifiedDate(java.lang.String).
[INFO] -- MapStruct: selecting property mapping: DateTimeFormatter.ISO_LOCAL_DATE_TIME.format( seller.getLastModifiedDate() ).
[INFO] -- MapStruct: mapping property: seller.getCreatedBy() to: createdBy(java.lang.String).
[INFO] -- MapStruct: selecting property mapping: seller.getCreatedBy().
[INFO] -- MapStruct: mapping property: seller.getLastModifiedBy() to: lastModifiedBy(java.lang.String).
[INFO] -- MapStruct: selecting property mapping: seller.getLastModifiedBy().
[INFO] -- MapStruct: mapping property: seller.getName() to: name(java.lang.String).
[INFO] -- MapStruct: selecting property mapping: seller.getName().
[INFO] -- MapStruct: mapping property: seller.getCode() to: code(java.lang.String).
[INFO] -- MapStruct: selecting property mapping: seller.getCode().
[INFO] -- MapStruct: mapping property: seller.getDescription() to: description(java.lang.String).
[INFO] -- MapStruct: selecting property mapping: seller.getDescription().
[INFO] -- MapStruct: mapping property: seller.getType() to: type(java.lang.String).
[INFO] -- MapStruct: selecting property mapping: seller.getType().
[INFO] -- MapStruct: mapping property: seller.getStatus() to: status(java.lang.String).
[INFO] -- MapStruct: selecting property mapping: seller.getStatus().
[INFO] -- MapStruct: mapping property: seller.getMerchantId() to: merchantId(java.util.UUID).
[INFO] -- MapStruct: selecting property mapping: seller.getMerchantId().
[INFO] -- MapStruct: mapping property: seller.getContactEmail() to: contactEmail(java.lang.String).
[INFO] -- MapStruct: selecting property mapping: seller.getContactEmail().
[INFO] -- MapStruct: mapping property: seller.getContactPhone() to: contactPhone(java.lang.String).
[INFO] -- MapStruct: selecting property mapping: seller.getContactPhone().
[INFO] -- MapStruct: mapping property: seller.getAddress() to: address(java.lang.String).
[INFO] -- MapStruct: selecting property mapping: seller.getAddress().
[INFO] -- MapStruct: mapping property: seller.getCatalogs() to: catalogs(java.util.List<com.scaler.dto.CatalogDTO>).
[INFO] -- MapStruct: selecting property mapping: java.util.List<com.scaler.dto.CatalogDTO> CatalogMapper#toDTOList(seller.getCatalogs()).
[INFO] - MapStruct: creating bean mapping method implementation for com.scaler.entity.Seller toEntity(com.scaler.dto.SellerDTO dto).
[INFO] MapStruct: referred types not available (yet), deferring mapper: com.scaler.mapper.SellerMapper
[INFO]  MapStruct: processing: com.scaler.mapper.StoreCatalogMapper.
[INFO] - MapStruct: creating bean mapping method implementation for com.scaler.dto.StoreCatalogDTO toDTO(com.scaler.entity.StoreCatalog entity).
[INFO] MapStruct: referred types not available (yet), deferring mapper: com.scaler.mapper.StoreCatalogMapper
[INFO]  MapStruct: processing: com.scaler.mapper.ProductMapper.
[INFO] - MapStruct: creating bean mapping method implementation for com.scaler.dto.ProductDTO toDTO(com.scaler.entity.Product entity).
[INFO] -- MapStruct: mapping property: entityMerchantId( entity ) to: merchantId(java.util.UUID).
[INFO] -- MapStruct: selecting property mapping: entityMerchantId( entity ).
[INFO] -- MapStruct: mapping property: entityCatalogId( entity ) to: catalogId(java.util.UUID).
[INFO] -- MapStruct: selecting property mapping: entityCatalogId( entity ).
[INFO] -- MapStruct: mapping property: entity.getName() to: name(java.lang.String).
[INFO] -- MapStruct: selecting property mapping: entity.getName().
[INFO] -- MapStruct: mapping property: entity.getDescription() to: description(java.lang.String).
[INFO] -- MapStruct: selecting property mapping: entity.getDescription().
[INFO] -- MapStruct: mapping property: entity.getCode() to: code(java.lang.String).
[INFO] -- MapStruct: selecting property mapping: entity.getCode().
[INFO] -- MapStruct: mapping property: entity.getStatus() to: status(java.lang.String).
[INFO] -- MapStruct: selecting property mapping: entity.getStatus().
[INFO] -- MapStruct: mapping property: entity.getId() to: id(java.util.UUID).
[INFO] -- MapStruct: selecting property mapping: entity.getId().
[INFO] -- MapStruct: mapping property: entity.getCreatedDate() to: createdDate(java.lang.String).
[INFO] -- MapStruct: selecting property mapping: DateTimeFormatter.ISO_LOCAL_DATE_TIME.format( entity.getCreatedDate() ).
[INFO] -- MapStruct: mapping property: entity.getLastModifiedDate() to: lastModifiedDate(java.lang.String).
[INFO] -- MapStruct: selecting property mapping: DateTimeFormatter.ISO_LOCAL_DATE_TIME.format( entity.getLastModifiedDate() ).
[INFO] -- MapStruct: mapping property: entity.getCreatedBy() to: createdBy(java.lang.String).
[INFO] -- MapStruct: selecting property mapping: entity.getCreatedBy().
[INFO] -- MapStruct: mapping property: entity.getLastModifiedBy() to: lastModifiedBy(java.lang.String).
[INFO] -- MapStruct: selecting property mapping: entity.getLastModifiedBy().
[INFO] -- MapStruct: mapping property: entity.getProductType() to: productType(java.lang.String).
[INFO] -- MapStruct: selecting property mapping: entity.getProductType().name().
[INFO] -- MapStruct: mapping property: entity.getMetadata() to: metadata(java.lang.String).
[INFO] -- MapStruct: selecting property mapping: entity.getMetadata().
[INFO] -- MapStruct: mapping property: entity.getSku() to: sku(java.lang.String).
[INFO] -- MapStruct: selecting property mapping: entity.getSku().
[INFO] -- MapStruct: mapping property: entity.getPrice() to: price(java.lang.Double).
[INFO] -- MapStruct: selecting property mapping: entity.getPrice().
[INFO] -- MapStruct: mapping property: entity.getSellerProducts() to: sellerProducts(java.util.Set<com.scaler.dto.SellerProductDTO>).
[INFO] -- MapStruct: selecting element mapping: com.scaler.dto.SellerProductDTO SellerProductMapper#toDTO(sellerProduct).
[INFO] -- MapStruct: creating property mapping: java.util.Set<com.scaler.dto.SellerProductDTO> #sellerProductSetToSellerProductDTOSet(entity.getSellerProducts()).
[INFO] -- MapStruct: selecting property mapping: java.util.Set<com.scaler.dto.SellerProductDTO> #sellerProductSetToSellerProductDTOSet(entity.getSellerProducts()).
[INFO] -- MapStruct: mapping property: entity.getAttributes() to: attributes(java.util.List<com.scaler.dto.ProductAttributeDTO>).
[INFO] -- MapStruct: mapping property: productAttribute.getId() to: id(java.util.UUID).
[INFO] -- MapStruct: selecting property mapping: productAttribute.getId().
[INFO] -- MapStruct: mapping property: productAttribute.getCreatedDate() to: createdDate(java.lang.String).
[INFO] -- MapStruct: selecting property mapping: DateTimeFormatter.ISO_LOCAL_DATE_TIME.format( productAttribute.getCreatedDate() ).
[INFO] -- MapStruct: mapping property: productAttribute.getLastModifiedDate() to: lastModifiedDate(java.lang.String).
[INFO] -- MapStruct: selecting property mapping: DateTimeFormatter.ISO_LOCAL_DATE_TIME.format( productAttribute.getLastModifiedDate() ).
[INFO] -- MapStruct: mapping property: productAttribute.getCreatedBy() to: createdBy(java.lang.String).
[INFO] -- MapStruct: selecting property mapping: productAttribute.getCreatedBy().
[INFO] -- MapStruct: mapping property: productAttribute.getLastModifiedBy() to: lastModifiedBy(java.lang.String).
[INFO] -- MapStruct: selecting property mapping: productAttribute.getLastModifiedBy().
[INFO] -- MapStruct: mapping property: productAttribute.getAttributeName() to: attributeName(java.lang.String).
[INFO] -- MapStruct: selecting property mapping: productAttribute.getAttributeName().
[INFO] -- MapStruct: mapping property: productAttribute.getAttributeValue() to: attributeValue(java.lang.String).
[INFO] -- MapStruct: selecting property mapping: productAttribute.getAttributeValue().
[INFO] -- MapStruct: mapping property: productAttribute.getUnitOfMeasure() to: unitOfMeasure(java.lang.String).
[INFO] -- MapStruct: selecting property mapping: productAttribute.getUnitOfMeasure().
[INFO] -- MapStruct: creating element mapping: com.scaler.dto.ProductAttributeDTO #productAttributeToProductAttributeDTO(productAttribute).
[INFO] -- MapStruct: selecting element mapping: com.scaler.dto.ProductAttributeDTO #productAttributeToProductAttributeDTO(productAttribute).
[INFO] -- MapStruct: creating property mapping: java.util.List<com.scaler.dto.ProductAttributeDTO> #productAttributeListToProductAttributeDTOList(entity.getAttributes()).
[INFO] -- MapStruct: selecting property mapping: java.util.List<com.scaler.dto.ProductAttributeDTO> #productAttributeListToProductAttributeDTOList(entity.getAttributes()).
[INFO] - MapStruct: creating bean mapping method implementation for void updateEntity(@MappingTarget com.scaler.entity.Product entity, com.scaler.dto.ProductDTO dto).
[INFO] -- MapStruct: mapping property: dto.getName() to: setName(java.lang.String).
[INFO] -- MapStruct: selecting property mapping: dto.getName().
[INFO] -- MapStruct: mapping property: dto.getDescription() to: setDescription(java.lang.String).
[INFO] -- MapStruct: selecting property mapping: dto.getDescription().
[INFO] -- MapStruct: mapping property: dto.getCode() to: setCode(java.lang.String).
[INFO] -- MapStruct: selecting property mapping: dto.getCode().
[INFO] -- MapStruct: mapping property: dto.getStatus() to: setStatus(java.lang.String).
[INFO] -- MapStruct: selecting property mapping: dto.getStatus().
[INFO] -- MapStruct: mapping property: dto.getId() to: setId(java.util.UUID).
[INFO] -- MapStruct: selecting property mapping: dto.getId().
[INFO] -- MapStruct: mapping property: dto.getCreatedDate() to: setCreatedDate(java.time.LocalDateTime).
[INFO] -- MapStruct: selecting property mapping: LocalDateTime.parse( dto.getCreatedDate() ).
[INFO] -- MapStruct: mapping property: dto.getLastModifiedDate() to: setLastModifiedDate(java.time.LocalDateTime).
[INFO] -- MapStruct: selecting property mapping: LocalDateTime.parse( dto.getLastModifiedDate() ).
[INFO] -- MapStruct: mapping property: dto.getCreatedBy() to: setCreatedBy(java.lang.String).
[INFO] -- MapStruct: selecting property mapping: dto.getCreatedBy().
[INFO] -- MapStruct: mapping property: dto.getLastModifiedBy() to: setLastModifiedBy(java.lang.String).
[INFO] -- MapStruct: selecting property mapping: dto.getLastModifiedBy().
[INFO] -- MapStruct: mapping property: dto.getProductType() to: setProductType(com.scaler.entity.ProductType).
[INFO] -- MapStruct: selecting property mapping: Enum.valueOf( ProductType.class, dto.getProductType() ).
[INFO] -- MapStruct: mapping property: dto.getMetadata() to: setMetadata(java.lang.String).
[INFO] -- MapStruct: selecting property mapping: dto.getMetadata().
[INFO] -- MapStruct: mapping property: dto.getSku() to: setSku(java.lang.String).
[INFO] -- MapStruct: selecting property mapping: dto.getSku().
[INFO] -- MapStruct: mapping property: dto.getPrice() to: setPrice(java.lang.Double).
[INFO] -- MapStruct: selecting property mapping: dto.getPrice().
[INFO] -- MapStruct: mapping property: dto.getAttributes() to: setAttributes(java.util.List<com.scaler.entity.ProductAttribute>).
[INFO] -- MapStruct: mapping property: productAttributeDTO.getId() to: id(java.util.UUID).
[INFO] -- MapStruct: selecting property mapping: productAttributeDTO.getId().
[INFO] -- MapStruct: mapping property: productAttributeDTO.getCreatedDate() to: createdDate(java.time.LocalDateTime).
[INFO] -- MapStruct: selecting property mapping: LocalDateTime.parse( productAttributeDTO.getCreatedDate() ).
[INFO] -- MapStruct: mapping property: productAttributeDTO.getLastModifiedDate() to: lastModifiedDate(java.time.LocalDateTime).
[INFO] -- MapStruct: selecting property mapping: LocalDateTime.parse( productAttributeDTO.getLastModifiedDate() ).
[INFO] -- MapStruct: mapping property: productAttributeDTO.getCreatedBy() to: createdBy(java.lang.String).
[INFO] -- MapStruct: selecting property mapping: productAttributeDTO.getCreatedBy().
[INFO] -- MapStruct: mapping property: productAttributeDTO.getLastModifiedBy() to: lastModifiedBy(java.lang.String).
[INFO] -- MapStruct: selecting property mapping: productAttributeDTO.getLastModifiedBy().
[INFO] -- MapStruct: mapping property: productAttributeDTO.getAttributeName() to: attributeName(java.lang.String).
[INFO] -- MapStruct: selecting property mapping: productAttributeDTO.getAttributeName().
[INFO] -- MapStruct: mapping property: productAttributeDTO.getAttributeValue() to: attributeValue(java.lang.String).
[INFO] -- MapStruct: selecting property mapping: productAttributeDTO.getAttributeValue().
[INFO] -- MapStruct: mapping property: productAttributeDTO.getUnitOfMeasure() to: unitOfMeasure(java.lang.String).
[INFO] -- MapStruct: selecting property mapping: productAttributeDTO.getUnitOfMeasure().
[INFO] -- MapStruct: creating element mapping: com.scaler.entity.ProductAttribute #productAttributeDTOToProductAttribute(productAttributeDTO).
[INFO] -- MapStruct: selecting element mapping: com.scaler.entity.ProductAttribute #productAttributeDTOToProductAttribute(productAttributeDTO).
[INFO] -- MapStruct: creating property mapping: java.util.List<com.scaler.entity.ProductAttribute> #productAttributeDTOListToProductAttributeList(dto.getAttributes()).
[INFO] -- MapStruct: selecting property mapping: java.util.List<com.scaler.entity.ProductAttribute> #productAttributeDTOListToProductAttributeList(dto.getAttributes()).
[INFO] -- MapStruct: mapping property: dto.getSellerProducts() to: setSellerProducts(java.util.Set<com.scaler.entity.SellerProduct>).
[INFO] -- MapStruct: selecting element mapping: com.scaler.entity.SellerProduct SellerProductMapper#toEntity(sellerProductDTO).
[INFO] -- MapStruct: creating property mapping: java.util.Set<com.scaler.entity.SellerProduct> #sellerProductDTOSetToSellerProductSet(dto.getSellerProducts()).
[INFO] -- MapStruct: selecting property mapping: java.util.Set<com.scaler.entity.SellerProduct> #sellerProductDTOSetToSellerProductSet(dto.getSellerProducts()).
[INFO]  MapStruct: processing: com.scaler.mapper.ValidationResultMapper.
[INFO] - MapStruct: creating bean mapping method implementation for com.scaler.dto.ValidationResultDTO toDTO(com.scaler.entity.ValidationResult entity).
[INFO] -- MapStruct: mapping property: entity.getId() to: id(java.util.UUID).
[INFO] -- MapStruct: selecting property mapping: entity.getId().
[INFO] -- MapStruct: mapping property: entity.getEntityId() to: entityId(java.util.UUID).
[INFO] -- MapStruct: selecting property mapping: entity.getEntityId().
[INFO] -- MapStruct: mapping property: entity.getEntityType() to: entityType(java.lang.String).
[INFO] -- MapStruct: selecting property mapping: entity.getEntityType().
[INFO] -- MapStruct: mapping property: entity.getFieldName() to: fieldName(java.lang.String).
[INFO] -- MapStruct: selecting property mapping: entity.getFieldName().
[INFO] -- MapStruct: mapping property: entity.getStatus() to: status(com.scaler.entity.ValidationStatus).
[INFO] -- MapStruct: selecting property mapping: entity.getStatus().
[INFO] -- MapStruct: mapping property: entity.getErrors() to: errors(java.util.List<java.lang.String>).
[INFO] -- MapStruct: selecting property mapping: entity.getErrors().
[INFO] -- MapStruct: mapping property: entity.getCreatedDate() to: createdDate(java.lang.String).
[INFO] -- MapStruct: selecting property mapping: DateTimeFormatter.ISO_LOCAL_DATE_TIME.format( entity.getCreatedDate() ).
[INFO] -- MapStruct: mapping property: entity.getLastModifiedDate() to: lastModifiedDate(java.lang.String).
[INFO] -- MapStruct: selecting property mapping: DateTimeFormatter.ISO_LOCAL_DATE_TIME.format( entity.getLastModifiedDate() ).
[INFO] -- MapStruct: mapping property: entity.getCreatedBy() to: createdBy(java.lang.String).
[INFO] -- MapStruct: selecting property mapping: entity.getCreatedBy().
[INFO] -- MapStruct: mapping property: entity.getLastModifiedBy() to: lastModifiedBy(java.lang.String).
[INFO] -- MapStruct: selecting property mapping: entity.getLastModifiedBy().
[INFO] - MapStruct: creating bean mapping method implementation for com.scaler.entity.ValidationResult toEntity(com.scaler.dto.ValidationResultDTO dto).
[INFO] -- MapStruct: mapping property: dto.getId() to: id(java.util.UUID).
[INFO] -- MapStruct: selecting property mapping: dto.getId().
[INFO] -- MapStruct: mapping property: dto.getEntityId() to: entityId(java.util.UUID).
[INFO] -- MapStruct: selecting property mapping: dto.getEntityId().
[INFO] -- MapStruct: mapping property: dto.getEntityType() to: entityType(java.lang.String).
[INFO] -- MapStruct: selecting property mapping: dto.getEntityType().
[INFO] -- MapStruct: mapping property: dto.getFieldName() to: fieldName(java.lang.String).
[INFO] -- MapStruct: selecting property mapping: dto.getFieldName().
[INFO] -- MapStruct: mapping property: dto.getStatus() to: status(com.scaler.entity.ValidationStatus).
[INFO] -- MapStruct: selecting property mapping: dto.getStatus().
[INFO] -- MapStruct: mapping property: dto.getErrors() to: errors(java.util.List<java.lang.String>).
[INFO] -- MapStruct: selecting property mapping: dto.getErrors().
[INFO] -- MapStruct: mapping property: dto.getCreatedDate() to: createdDate(java.time.LocalDateTime).
[INFO] -- MapStruct: selecting property mapping: LocalDateTime.parse( dto.getCreatedDate() ).
[INFO] -- MapStruct: mapping property: dto.getLastModifiedDate() to: lastModifiedDate(java.time.LocalDateTime).
[INFO] -- MapStruct: selecting property mapping: LocalDateTime.parse( dto.getLastModifiedDate() ).
[INFO] -- MapStruct: mapping property: dto.getCreatedBy() to: createdBy(java.lang.String).
[INFO] -- MapStruct: selecting property mapping: dto.getCreatedBy().
[INFO] -- MapStruct: mapping property: dto.getLastModifiedBy() to: lastModifiedBy(java.lang.String).
[INFO] -- MapStruct: selecting property mapping: dto.getLastModifiedBy().
[INFO] - MapStruct: creating bean mapping method implementation for void updateEntityFromDTO(com.scaler.dto.ValidationResultDTO dto, @MappingTarget com.scaler.entity.ValidationResult entity).
[INFO] -- MapStruct: mapping property: dto.getId() to: setId(java.util.UUID).
[INFO] -- MapStruct: selecting property mapping: dto.getId().
[INFO] -- MapStruct: mapping property: dto.getCreatedDate() to: setCreatedDate(java.time.LocalDateTime).
[INFO] -- MapStruct: selecting property mapping: LocalDateTime.parse( dto.getCreatedDate() ).
[INFO] -- MapStruct: mapping property: dto.getLastModifiedDate() to: setLastModifiedDate(java.time.LocalDateTime).
[INFO] -- MapStruct: selecting property mapping: LocalDateTime.parse( dto.getLastModifiedDate() ).
[INFO] -- MapStruct: mapping property: dto.getCreatedBy() to: setCreatedBy(java.lang.String).
[INFO] -- MapStruct: selecting property mapping: dto.getCreatedBy().
[INFO] -- MapStruct: mapping property: dto.getLastModifiedBy() to: setLastModifiedBy(java.lang.String).
[INFO] -- MapStruct: selecting property mapping: dto.getLastModifiedBy().
[INFO] -- MapStruct: mapping property: dto.getEntityId() to: setEntityId(java.util.UUID).
[INFO] -- MapStruct: selecting property mapping: dto.getEntityId().
[INFO] -- MapStruct: mapping property: dto.getEntityType() to: setEntityType(java.lang.String).
[INFO] -- MapStruct: selecting property mapping: dto.getEntityType().
[INFO] -- MapStruct: mapping property: dto.getFieldName() to: setFieldName(java.lang.String).
[INFO] -- MapStruct: selecting property mapping: dto.getFieldName().
[INFO] -- MapStruct: mapping property: dto.getStatus() to: setStatus(com.scaler.entity.ValidationStatus).
[INFO] -- MapStruct: selecting property mapping: dto.getStatus().
[INFO] -- MapStruct: mapping property: dto.getErrors() to: setErrors(java.util.List<java.lang.String>).
[INFO] -- MapStruct: selecting property mapping: dto.getErrors().
[INFO]  MapStruct: processing: com.scaler.mapper.ProductFeatureValueMapper.
[INFO] - MapStruct: creating bean mapping method implementation for com.scaler.dto.ProductFeatureValueDTO toDTO(com.scaler.entity.ProductFeatureValue entity).
[INFO] -- MapStruct: mapping property: entity.getId() to: id(java.util.UUID).
[INFO] -- MapStruct: selecting property mapping: entity.getId().
[INFO] -- MapStruct: mapping property: entity.getCreatedBy() to: createdBy(java.lang.String).
[INFO] -- MapStruct: selecting property mapping: entity.getCreatedBy().
[INFO] -- MapStruct: mapping property: entity.getLastModifiedBy() to: lastModifiedBy(java.lang.String).
[INFO] -- MapStruct: selecting property mapping: entity.getLastModifiedBy().
[INFO] -- MapStruct: mapping property: entityFeatureId( entity ) to: featureId(java.util.UUID).
[INFO] -- MapStruct: selecting property mapping: entityFeatureId( entity ).
[INFO] -- MapStruct: mapping property: entity.getTemplateId() to: featureTemplateId(java.util.UUID).
[INFO] -- MapStruct: selecting property mapping: entity.getTemplateId().
[INFO] -- MapStruct: mapping property: entity.getType() to: type(java.lang.String).
[INFO] -- MapStruct: selecting property mapping: entity.getType().
[INFO] -- MapStruct: mapping property: entity.getUnit() to: unit(java.lang.String).
[INFO] -- MapStruct: selecting property mapping: entity.getUnit().
[INFO] -- MapStruct: mapping property: entity.getUnitOfMeasure() to: unitOfMeasure(java.lang.String).
[INFO] -- MapStruct: selecting property mapping: entity.getUnitOfMeasure().
[INFO] -- MapStruct: mapping property: entity.getMetadata() to: metadata(java.lang.String).
[INFO] -- MapStruct: selecting property mapping: java.lang.String CommonMapper#jsonNodeToString(entity.getMetadata()).
[INFO] -- MapStruct: mapping property: entity.getAttributeValues() to: attributeValues(java.lang.String).
[INFO] -- MapStruct: selecting property mapping: java.lang.String CommonMapper#jsonNodeToString(entity.getAttributeValues()).
[INFO] -- MapStruct: mapping property: entity.getValidationResult() to: validationResult(com.scaler.dto.ValidationResultDTO).
[INFO] -- MapStruct: mapping property: validationResult.getId() to: id(java.util.UUID).
[INFO] -- MapStruct: selecting property mapping: validationResult.getId().
[INFO] -- MapStruct: mapping property: validationResult.getCreatedDate() to: createdDate(java.lang.String).
[INFO] -- MapStruct: selecting property mapping: DateTimeFormatter.ISO_LOCAL_DATE_TIME.format( validationResult.getCreatedDate() ).
[INFO] -- MapStruct: mapping property: validationResult.getLastModifiedDate() to: lastModifiedDate(java.lang.String).
[INFO] -- MapStruct: selecting property mapping: DateTimeFormatter.ISO_LOCAL_DATE_TIME.format( validationResult.getLastModifiedDate() ).
[INFO] -- MapStruct: mapping property: validationResult.getCreatedBy() to: createdBy(java.lang.String).
[INFO] -- MapStruct: selecting property mapping: validationResult.getCreatedBy().
[INFO] -- MapStruct: mapping property: validationResult.getLastModifiedBy() to: lastModifiedBy(java.lang.String).
[INFO] -- MapStruct: selecting property mapping: validationResult.getLastModifiedBy().
[INFO] -- MapStruct: mapping property: validationResult.getEntityId() to: entityId(java.util.UUID).
[INFO] -- MapStruct: selecting property mapping: validationResult.getEntityId().
[INFO] -- MapStruct: mapping property: validationResult.getEntityType() to: entityType(java.lang.String).
[INFO] -- MapStruct: selecting property mapping: validationResult.getEntityType().
[INFO] -- MapStruct: mapping property: validationResult.getFieldName() to: fieldName(java.lang.String).
[INFO] -- MapStruct: selecting property mapping: validationResult.getFieldName().
[INFO] -- MapStruct: mapping property: validationResult.getStatus() to: status(com.scaler.entity.ValidationStatus).
[INFO] -- MapStruct: selecting property mapping: validationResult.getStatus().
[INFO] -- MapStruct: mapping property: validationResult.getErrors() to: errors(java.util.List<java.lang.String>).
[INFO] -- MapStruct: selecting property mapping: validationResult.getErrors().
[INFO] -- MapStruct: creating property mapping: com.scaler.dto.ValidationResultDTO #validationResultToValidationResultDTO(entity.getValidationResult()).
[INFO] -- MapStruct: selecting property mapping: com.scaler.dto.ValidationResultDTO #validationResultToValidationResultDTO(entity.getValidationResult()).
[INFO] - MapStruct: creating bean mapping method implementation for com.scaler.entity.ProductFeatureValue toEntity(com.scaler.dto.ProductFeatureValueDTO dto).
[INFO] -- MapStruct: mapping property: dto.getId() to: id(java.util.UUID).
[INFO] -- MapStruct: selecting property mapping: dto.getId().
[INFO] -- MapStruct: mapping property: dto.getFeatureTemplateId() to: templateId(java.util.UUID).
[INFO] -- MapStruct: selecting property mapping: dto.getFeatureTemplateId().
[INFO] -- MapStruct: mapping property: dto.getType() to: type(java.lang.String).
[INFO] -- MapStruct: selecting property mapping: dto.getType().
[INFO] -- MapStruct: mapping property: dto.getUnit() to: unit(java.lang.String).
[INFO] -- MapStruct: selecting property mapping: dto.getUnit().
[INFO] -- MapStruct: mapping property: dto.getUnitOfMeasure() to: unitOfMeasure(java.lang.String).
[INFO] -- MapStruct: selecting property mapping: dto.getUnitOfMeasure().
[INFO] -- MapStruct: mapping property: dto.getMetadata() to: metadata(com.fasterxml.jackson.databind.JsonNode).
[INFO] -- MapStruct: selecting property mapping: com.fasterxml.jackson.databind.JsonNode CommonMapper#jsonStringToJsonNode(dto.getMetadata()).
[INFO] -- MapStruct: mapping property: dto.getAttributeValues() to: attributeValues(com.fasterxml.jackson.databind.JsonNode).
[INFO] -- MapStruct: selecting property mapping: com.fasterxml.jackson.databind.JsonNode CommonMapper#jsonStringToJsonNode(dto.getAttributeValues()).
[INFO] -- MapStruct: mapping property: dto.getCreatedDate() to: createdDate(java.time.LocalDateTime).
[INFO] -- MapStruct: selecting property mapping: LocalDateTime.parse( dto.getCreatedDate() ).
[INFO] -- MapStruct: mapping property: dto.getLastModifiedDate() to: lastModifiedDate(java.time.LocalDateTime).
[INFO] -- MapStruct: selecting property mapping: LocalDateTime.parse( dto.getLastModifiedDate() ).
[INFO] -- MapStruct: mapping property: dto.getCreatedBy() to: createdBy(java.lang.String).
[INFO] -- MapStruct: selecting property mapping: dto.getCreatedBy().
[INFO] -- MapStruct: mapping property: dto.getLastModifiedBy() to: lastModifiedBy(java.lang.String).
[INFO] -- MapStruct: selecting property mapping: dto.getLastModifiedBy().
[INFO] -- MapStruct: mapping property: dto.getValidationResult() to: validationResult(com.scaler.entity.ValidationResult).
[INFO] -- MapStruct: mapping property: validationResultDTO.getId() to: id(java.util.UUID).
[INFO] -- MapStruct: selecting property mapping: validationResultDTO.getId().
[INFO] -- MapStruct: mapping property: validationResultDTO.getCreatedDate() to: createdDate(java.time.LocalDateTime).
[INFO] -- MapStruct: selecting property mapping: LocalDateTime.parse( validationResultDTO.getCreatedDate() ).
[INFO] -- MapStruct: mapping property: validationResultDTO.getLastModifiedDate() to: lastModifiedDate(java.time.LocalDateTime).
[INFO] -- MapStruct: selecting property mapping: LocalDateTime.parse( validationResultDTO.getLastModifiedDate() ).
[INFO] -- MapStruct: mapping property: validationResultDTO.getCreatedBy() to: createdBy(java.lang.String).
[INFO] -- MapStruct: selecting property mapping: validationResultDTO.getCreatedBy().
[INFO] -- MapStruct: mapping property: validationResultDTO.getLastModifiedBy() to: lastModifiedBy(java.lang.String).
[INFO] -- MapStruct: selecting property mapping: validationResultDTO.getLastModifiedBy().
[INFO] -- MapStruct: mapping property: validationResultDTO.getEntityId() to: entityId(java.util.UUID).
[INFO] -- MapStruct: selecting property mapping: validationResultDTO.getEntityId().
[INFO] -- MapStruct: mapping property: validationResultDTO.getEntityType() to: entityType(java.lang.String).
[INFO] -- MapStruct: selecting property mapping: validationResultDTO.getEntityType().
[INFO] -- MapStruct: mapping property: validationResultDTO.getFieldName() to: fieldName(java.lang.String).
[INFO] -- MapStruct: selecting property mapping: validationResultDTO.getFieldName().
[INFO] -- MapStruct: mapping property: validationResultDTO.getStatus() to: status(com.scaler.entity.ValidationStatus).
[INFO] -- MapStruct: selecting property mapping: validationResultDTO.getStatus().
[INFO] -- MapStruct: mapping property: validationResultDTO.getErrors() to: errors(java.util.List<java.lang.String>).
[INFO] -- MapStruct: selecting property mapping: validationResultDTO.getErrors().
[INFO] -- MapStruct: creating property mapping: com.scaler.entity.ValidationResult #validationResultDTOToValidationResult(dto.getValidationResult()).
[INFO] -- MapStruct: selecting property mapping: com.scaler.entity.ValidationResult #validationResultDTOToValidationResult(dto.getValidationResult()).
[INFO] - MapStruct: creating bean mapping method implementation for void updateEntity(@MappingTarget com.scaler.entity.ProductFeatureValue entity, com.scaler.dto.ProductFeatureValueDTO dto).
[INFO] -- MapStruct: mapping property: dto.getFeatureTemplateId() to: setTemplateId(java.util.UUID).
[INFO] -- MapStruct: selecting property mapping: dto.getFeatureTemplateId().
[INFO] -- MapStruct: mapping property: dto.getType() to: setType(java.lang.String).
[INFO] -- MapStruct: selecting property mapping: dto.getType().
[INFO] -- MapStruct: mapping property: dto.getUnit() to: setUnit(java.lang.String).
[INFO] -- MapStruct: selecting property mapping: dto.getUnit().
[INFO] -- MapStruct: mapping property: dto.getUnitOfMeasure() to: setUnitOfMeasure(java.lang.String).
[INFO] -- MapStruct: selecting property mapping: dto.getUnitOfMeasure().
[INFO] -- MapStruct: mapping property: dto.getMetadata() to: setMetadata(com.fasterxml.jackson.databind.JsonNode).
[INFO] -- MapStruct: selecting property mapping: com.fasterxml.jackson.databind.JsonNode CommonMapper#jsonStringToJsonNode(dto.getMetadata()).
[INFO] -- MapStruct: mapping property: dto.getAttributeValues() to: setAttributeValues(com.fasterxml.jackson.databind.JsonNode).
[INFO] -- MapStruct: selecting property mapping: com.fasterxml.jackson.databind.JsonNode CommonMapper#jsonStringToJsonNode(dto.getAttributeValues()).
[INFO] -- MapStruct: mapping property: dto.getId() to: setId(java.util.UUID).
[INFO] -- MapStruct: selecting property mapping: dto.getId().
[INFO] -- MapStruct: mapping property: dto.getCreatedDate() to: setCreatedDate(java.time.LocalDateTime).
[INFO] -- MapStruct: selecting property mapping: LocalDateTime.parse( dto.getCreatedDate() ).
[INFO] -- MapStruct: mapping property: dto.getLastModifiedDate() to: setLastModifiedDate(java.time.LocalDateTime).
[INFO] -- MapStruct: selecting property mapping: LocalDateTime.parse( dto.getLastModifiedDate() ).
[INFO] -- MapStruct: mapping property: dto.getCreatedBy() to: setCreatedBy(java.lang.String).
[INFO] -- MapStruct: selecting property mapping: dto.getCreatedBy().
[INFO] -- MapStruct: mapping property: dto.getLastModifiedBy() to: setLastModifiedBy(java.lang.String).
[INFO] -- MapStruct: selecting property mapping: dto.getLastModifiedBy().
[INFO] -- MapStruct: mapping property: dto.getAttributeValue() to: setAttributeValue(com.fasterxml.jackson.databind.JsonNode).
[INFO] -- MapStruct: selecting property mapping: dto.getAttributeValue().
[INFO] -- MapStruct: mapping property: dto.getValidationResult() to: setValidationResult(com.scaler.entity.ValidationResult).
[INFO] -- MapStruct: mapping property: validationResultDTO.getId() to: setId(java.util.UUID).
[INFO] -- MapStruct: selecting property mapping: validationResultDTO.getId().
[INFO] -- MapStruct: mapping property: validationResultDTO.getCreatedDate() to: setCreatedDate(java.time.LocalDateTime).
[INFO] -- MapStruct: selecting property mapping: LocalDateTime.parse( validationResultDTO.getCreatedDate() ).
[INFO] -- MapStruct: mapping property: validationResultDTO.getLastModifiedDate() to: setLastModifiedDate(java.time.LocalDateTime).
[INFO] -- MapStruct: selecting property mapping: LocalDateTime.parse( validationResultDTO.getLastModifiedDate() ).
[INFO] -- MapStruct: mapping property: validationResultDTO.getCreatedBy() to: setCreatedBy(java.lang.String).
[INFO] -- MapStruct: selecting property mapping: validationResultDTO.getCreatedBy().
[INFO] -- MapStruct: mapping property: validationResultDTO.getLastModifiedBy() to: setLastModifiedBy(java.lang.String).
[INFO] -- MapStruct: selecting property mapping: validationResultDTO.getLastModifiedBy().
[INFO] -- MapStruct: mapping property: validationResultDTO.getEntityId() to: setEntityId(java.util.UUID).
[INFO] -- MapStruct: selecting property mapping: validationResultDTO.getEntityId().
[INFO] -- MapStruct: mapping property: validationResultDTO.getEntityType() to: setEntityType(java.lang.String).
[INFO] -- MapStruct: selecting property mapping: validationResultDTO.getEntityType().
[INFO] -- MapStruct: mapping property: validationResultDTO.getFieldName() to: setFieldName(java.lang.String).
[INFO] -- MapStruct: selecting property mapping: validationResultDTO.getFieldName().
[INFO] -- MapStruct: mapping property: validationResultDTO.getStatus() to: setStatus(com.scaler.entity.ValidationStatus).
[INFO] -- MapStruct: selecting property mapping: validationResultDTO.getStatus().
[INFO] -- MapStruct: mapping property: validationResultDTO.getErrors() to: setErrors(java.util.List<java.lang.String>).
[INFO] -- MapStruct: selecting property mapping: validationResultDTO.getErrors().
[INFO] -- MapStruct: creating property mapping: void #validationResultDTOToValidationResult1(dto.getValidationResult()).
[INFO] -- MapStruct: selecting property mapping: void #validationResultDTOToValidationResult1(dto.getValidationResult()).
[INFO] - MapStruct: creating iterable mapping method implementation for java.util.List<com.scaler.dto.ProductFeatureValueDTO> toDTOList(java.util.List<com.scaler.entity.ProductFeatureValue> entities).
[INFO] -- MapStruct: selecting element mapping: com.scaler.dto.ProductFeatureValueDTO #toDTO(productFeatureValue).
[INFO] - MapStruct: creating iterable mapping method implementation for java.util.Set<com.scaler.dto.ProductFeatureValueDTO> toDTOSet(java.util.Set<com.scaler.entity.ProductFeatureValue> entities).
[INFO] -- MapStruct: selecting element mapping: com.scaler.dto.ProductFeatureValueDTO #toDTO(productFeatureValue).
[INFO]  MapStruct: processing: com.scaler.mapper.ProductAttributeMapper.
[INFO] - MapStruct: creating bean mapping method implementation for com.scaler.dto.ProductAttributeDTO toDTO(com.scaler.entity.ProductAttribute entity).
[INFO] -- MapStruct: mapping property: entity.getId() to: id(java.util.UUID).
[INFO] -- MapStruct: selecting property mapping: entity.getId().
[INFO] -- MapStruct: mapping property: entityProductId( entity ) to: productId(java.util.UUID).
[INFO] -- MapStruct: selecting property mapping: entityProductId( entity ).
[INFO] -- MapStruct: mapping property: entity.getCreatedDate() to: createdDate(java.lang.String).
[INFO] -- MapStruct: selecting property mapping: DateTimeFormatter.ISO_LOCAL_DATE_TIME.format( entity.getCreatedDate() ).
[INFO] -- MapStruct: mapping property: entity.getLastModifiedDate() to: lastModifiedDate(java.lang.String).
[INFO] -- MapStruct: selecting property mapping: DateTimeFormatter.ISO_LOCAL_DATE_TIME.format( entity.getLastModifiedDate() ).
[INFO] -- MapStruct: mapping property: entity.getCreatedBy() to: createdBy(java.lang.String).
[INFO] -- MapStruct: selecting property mapping: entity.getCreatedBy().
[INFO] -- MapStruct: mapping property: entity.getLastModifiedBy() to: lastModifiedBy(java.lang.String).
[INFO] -- MapStruct: selecting property mapping: entity.getLastModifiedBy().
[INFO] -- MapStruct: mapping property: entity.getAttributeName() to: attributeName(java.lang.String).
[INFO] -- MapStruct: selecting property mapping: entity.getAttributeName().
[INFO] -- MapStruct: mapping property: entity.getAttributeValue() to: attributeValue(java.lang.String).
[INFO] -- MapStruct: selecting property mapping: entity.getAttributeValue().
[INFO] -- MapStruct: mapping property: entity.getUnitOfMeasure() to: unitOfMeasure(java.lang.String).
[INFO] -- MapStruct: selecting property mapping: entity.getUnitOfMeasure().
[INFO] - MapStruct: creating bean mapping method implementation for com.scaler.entity.ProductAttribute toEntity(com.scaler.dto.ProductAttributeDTO dto).
[INFO] -- MapStruct: mapping property: dto to: product(com.scaler.entity.Product).
[INFO] -- MapStruct: mapping property: productAttributeDTO.getProductId() to: id(java.util.UUID).
[INFO] -- MapStruct: selecting property mapping: productAttributeDTO.getProductId().
[INFO] -- MapStruct: creating property mapping: com.scaler.entity.Product #productAttributeDTOToProduct(dto).
[INFO] -- MapStruct: selecting property mapping: com.scaler.entity.Product #productAttributeDTOToProduct(dto).
[INFO] -- MapStruct: mapping property: dto.getId() to: id(java.util.UUID).
[INFO] -- MapStruct: selecting property mapping: dto.getId().
[INFO] -- MapStruct: mapping property: dto.getCreatedDate() to: createdDate(java.time.LocalDateTime).
[INFO] -- MapStruct: selecting property mapping: LocalDateTime.parse( dto.getCreatedDate() ).
[INFO] -- MapStruct: mapping property: dto.getLastModifiedDate() to: lastModifiedDate(java.time.LocalDateTime).
[INFO] -- MapStruct: selecting property mapping: LocalDateTime.parse( dto.getLastModifiedDate() ).
[INFO] -- MapStruct: mapping property: dto.getCreatedBy() to: createdBy(java.lang.String).
[INFO] -- MapStruct: selecting property mapping: dto.getCreatedBy().
[INFO] -- MapStruct: mapping property: dto.getLastModifiedBy() to: lastModifiedBy(java.lang.String).
[INFO] -- MapStruct: selecting property mapping: dto.getLastModifiedBy().
[INFO] -- MapStruct: mapping property: dto.getAttributeName() to: attributeName(java.lang.String).
[INFO] -- MapStruct: selecting property mapping: dto.getAttributeName().
[INFO] -- MapStruct: mapping property: dto.getAttributeValue() to: attributeValue(java.lang.String).
[INFO] -- MapStruct: selecting property mapping: dto.getAttributeValue().
[INFO] -- MapStruct: mapping property: dto.getUnitOfMeasure() to: unitOfMeasure(java.lang.String).
[INFO] -- MapStruct: selecting property mapping: dto.getUnitOfMeasure().
[INFO] - MapStruct: creating iterable mapping method implementation for java.util.List<com.scaler.dto.ProductAttributeDTO> toDTOList(java.util.List<com.scaler.entity.ProductAttribute> entities).
[INFO] -- MapStruct: selecting element mapping: com.scaler.dto.ProductAttributeDTO #toDTO(productAttribute).
[INFO] - MapStruct: creating iterable mapping method implementation for java.util.List<com.scaler.dto.ProductAttributeDTO> toDTOSet(java.util.Set<com.scaler.entity.ProductAttribute> entities).
[INFO] -- MapStruct: selecting element mapping: com.scaler.dto.ProductAttributeDTO #toDTO(productAttribute).
[INFO]  MapStruct: processing: com.scaler.mapper.SellerProductMapper.
[INFO] - MapStruct: creating bean mapping method implementation for com.scaler.dto.SellerProductDTO toDTO(com.scaler.entity.SellerProduct entity).
[INFO] -- MapStruct: mapping property: entity.getId() to: id(java.util.UUID).
[INFO] -- MapStruct: selecting property mapping: entity.getId().
[INFO] -- MapStruct: mapping property: entityProductId( entity ) to: productId(java.util.UUID).
[INFO] -- MapStruct: selecting property mapping: entityProductId( entity ).
[INFO] -- MapStruct: mapping property: entitySellerId( entity ) to: sellerId(java.util.UUID).
[INFO] -- MapStruct: selecting property mapping: entitySellerId( entity ).
[INFO] -- MapStruct: mapping property: entityMerchantId( entity ) to: merchantId(java.util.UUID).
[INFO] -- MapStruct: selecting property mapping: entityMerchantId( entity ).
[INFO] -- MapStruct: mapping property: entity.getCreatedDate() to: createdDate(java.lang.String).
[INFO] -- MapStruct: selecting property mapping: java.lang.String CommonMapper#formatDateTime(entity.getCreatedDate()).
[INFO] -- MapStruct: mapping property: entity.getLastModifiedDate() to: lastModifiedDate(java.lang.String).
[INFO] -- MapStruct: selecting property mapping: java.lang.String CommonMapper#formatDateTime(entity.getLastModifiedDate()).
[INFO] -- MapStruct: mapping property: entity.getCreatedBy() to: createdBy(java.lang.String).
[INFO] -- MapStruct: selecting property mapping: entity.getCreatedBy().
[INFO] -- MapStruct: mapping property: entity.getLastModifiedBy() to: lastModifiedBy(java.lang.String).
[INFO] -- MapStruct: selecting property mapping: entity.getLastModifiedBy().
[INFO] -- MapStruct: mapping property: entity.getIsManufacturer() to: isManufacturer(java.lang.Boolean).
[INFO] -- MapStruct: selecting property mapping: entity.getIsManufacturer().
[INFO] -- MapStruct: mapping property: entity.getPrice() to: price(java.math.BigDecimal).
[INFO] -- MapStruct: selecting property mapping: entity.getPrice().
[INFO] -- MapStruct: mapping property: entity.getStock() to: stock(java.lang.Integer).
[INFO] -- MapStruct: selecting property mapping: entity.getStock().
[INFO] -- MapStruct: mapping property: entity.getStatus() to: status(java.lang.String).
[INFO] -- MapStruct: selecting property mapping: entity.getStatus().
[INFO] -- MapStruct: mapping property: entity.getCommissionRate() to: commissionRate(java.math.BigDecimal).
[INFO] -- MapStruct: selecting property mapping: entity.getCommissionRate().
[INFO] - MapStruct: creating bean mapping method implementation for com.scaler.entity.SellerProduct toEntity(com.scaler.dto.SellerProductDTO dto).
[INFO] -- MapStruct: mapping property: dto.getId() to: id(java.util.UUID).
[INFO] -- MapStruct: selecting property mapping: dto.getId().
[INFO] -- MapStruct: mapping property: dto.getCreatedDate() to: createdDate(java.time.LocalDateTime).
[INFO] -- MapStruct: selecting property mapping: java.time.LocalDateTime CommonMapper#parseDateTime(dto.getCreatedDate()).
[INFO] -- MapStruct: mapping property: dto.getLastModifiedDate() to: lastModifiedDate(java.time.LocalDateTime).
[INFO] -- MapStruct: selecting property mapping: java.time.LocalDateTime CommonMapper#parseDateTime(dto.getLastModifiedDate()).
[INFO] -- MapStruct: mapping property: dto.getCreatedBy() to: createdBy(java.lang.String).
[INFO] -- MapStruct: selecting property mapping: dto.getCreatedBy().
[INFO] -- MapStruct: mapping property: dto.getLastModifiedBy() to: lastModifiedBy(java.lang.String).
[INFO] -- MapStruct: selecting property mapping: dto.getLastModifiedBy().
[INFO] -- MapStruct: mapping property: dto.getIsManufacturer() to: isManufacturer(java.lang.Boolean).
[INFO] -- MapStruct: selecting property mapping: dto.getIsManufacturer().
[INFO] -- MapStruct: mapping property: dto.getPrice() to: price(java.math.BigDecimal).
[INFO] -- MapStruct: selecting property mapping: dto.getPrice().
[INFO] -- MapStruct: mapping property: dto.getStock() to: stock(java.lang.Integer).
[INFO] -- MapStruct: selecting property mapping: dto.getStock().
[INFO] -- MapStruct: mapping property: dto.getStatus() to: status(java.lang.String).
[INFO] -- MapStruct: selecting property mapping: dto.getStatus().
[INFO] -- MapStruct: mapping property: dto.getCommissionRate() to: commissionRate(java.math.BigDecimal).
[INFO] -- MapStruct: selecting property mapping: dto.getCommissionRate().
[INFO] - MapStruct: creating bean mapping method implementation for void updateEntity(com.scaler.dto.SellerProductDTO dto, @MappingTarget com.scaler.entity.SellerProduct entity).
[INFO] -- MapStruct: mapping property: dto.getId() to: setId(java.util.UUID).
[INFO] -- MapStruct: selecting property mapping: dto.getId().
[INFO] -- MapStruct: mapping property: dto.getCreatedDate() to: setCreatedDate(java.time.LocalDateTime).
[INFO] -- MapStruct: selecting property mapping: LocalDateTime.parse( dto.getCreatedDate() ).
[INFO] -- MapStruct: mapping property: dto.getLastModifiedDate() to: setLastModifiedDate(java.time.LocalDateTime).
[INFO] -- MapStruct: selecting property mapping: LocalDateTime.parse( dto.getLastModifiedDate() ).
[INFO] -- MapStruct: mapping property: dto.getCreatedBy() to: setCreatedBy(java.lang.String).
[INFO] -- MapStruct: selecting property mapping: dto.getCreatedBy().
[INFO] -- MapStruct: mapping property: dto.getLastModifiedBy() to: setLastModifiedBy(java.lang.String).
[INFO] -- MapStruct: selecting property mapping: dto.getLastModifiedBy().
[INFO] -- MapStruct: mapping property: dto.getIsManufacturer() to: setIsManufacturer(java.lang.Boolean).
[INFO] -- MapStruct: selecting property mapping: dto.getIsManufacturer().
[INFO] -- MapStruct: mapping property: dto.getPrice() to: setPrice(java.math.BigDecimal).
[INFO] -- MapStruct: selecting property mapping: dto.getPrice().
[INFO] -- MapStruct: mapping property: dto.getStock() to: setStock(java.lang.Integer).
[INFO] -- MapStruct: selecting property mapping: dto.getStock().
[INFO] -- MapStruct: mapping property: dto.getStatus() to: setStatus(java.lang.String).
[INFO] -- MapStruct: selecting property mapping: dto.getStatus().
[INFO] -- MapStruct: mapping property: dto.getCommissionRate() to: setCommissionRate(java.math.BigDecimal).
[INFO] -- MapStruct: selecting property mapping: dto.getCommissionRate().
[INFO]  MapStruct: processing: com.scaler.mapper.SiteMapper.
[INFO] - MapStruct: creating bean mapping method implementation for com.scaler.dto.SiteDTO toDTO(com.scaler.entity.Store site).
[INFO] -- MapStruct: mapping property: site.getId() to: id(java.util.UUID).
[INFO] -- MapStruct: selecting property mapping: site.getId().
[INFO] -- MapStruct: mapping property: siteMerchantId( site ) to: merchantId(java.util.UUID).
[INFO] -- MapStruct: selecting property mapping: siteMerchantId( site ).
[INFO] -- MapStruct: mapping property: site.getName() to: name(java.lang.String).
[INFO] -- MapStruct: selecting property mapping: site.getName().
[INFO] -- MapStruct: mapping property: site.getDomain() to: domain(java.lang.String).
[INFO] -- MapStruct: selecting property mapping: site.getDomain().
[INFO] -- MapStruct: mapping property: site.getLocale() to: locale(java.lang.String).
[INFO] -- MapStruct: selecting property mapping: site.getLocale().
[INFO] -- MapStruct: mapping property: site.getCurrency() to: currency(java.lang.String).
[INFO] -- MapStruct: selecting property mapping: site.getCurrency().
[INFO] -- MapStruct: mapping property: site.getDescription() to: description(java.lang.String).
[INFO] -- MapStruct: selecting property mapping: site.getDescription().
[INFO] -- MapStruct: mapping property: site.isActive() to: active(boolean).
[INFO] -- MapStruct: selecting property mapping: site.isActive().
[INFO] -- MapStruct: mapping property: site.getTimezone() to: timezone(java.lang.String).
[INFO] -- MapStruct: selecting property mapping: site.getTimezone().
[INFO] -- MapStruct: mapping property: site.getStatus() to: status(java.lang.String).
[INFO] -- MapStruct: selecting property mapping: site.getStatus().
[INFO] -- MapStruct: mapping property: site.getCreatedDate() to: createdDate(java.lang.String).
[INFO] -- MapStruct: selecting property mapping: DateTimeFormatter.ISO_LOCAL_DATE_TIME.format( site.getCreatedDate() ).
[INFO] -- MapStruct: mapping property: site.getLastModifiedDate() to: lastModifiedDate(java.lang.String).
[INFO] -- MapStruct: selecting property mapping: DateTimeFormatter.ISO_LOCAL_DATE_TIME.format( site.getLastModifiedDate() ).
[INFO] -- MapStruct: mapping property: site.getCreatedBy() to: createdBy(java.lang.String).
[INFO] -- MapStruct: selecting property mapping: site.getCreatedBy().
[INFO] -- MapStruct: mapping property: site.getLastModifiedBy() to: lastModifiedBy(java.lang.String).
[INFO] -- MapStruct: selecting property mapping: site.getLastModifiedBy().
[INFO] - MapStruct: creating bean mapping method implementation for com.scaler.entity.Store toEntity(com.scaler.dto.SiteDTO dto).
[INFO] -- MapStruct: mapping property: dto.getId() to: id(java.util.UUID).
[INFO] -- MapStruct: selecting property mapping: dto.getId().
[INFO] -- MapStruct: mapping property: dto.getName() to: name(java.lang.String).
[INFO] -- MapStruct: selecting property mapping: dto.getName().
[INFO] -- MapStruct: mapping property: dto.getDomain() to: domain(java.lang.String).
[INFO] -- MapStruct: selecting property mapping: dto.getDomain().
[INFO] -- MapStruct: mapping property: dto.getLocale() to: locale(java.lang.String).
[INFO] -- MapStruct: selecting property mapping: dto.getLocale().
[INFO] -- MapStruct: mapping property: dto.getCurrency() to: currency(java.lang.String).
[INFO] -- MapStruct: selecting property mapping: dto.getCurrency().
[INFO] -- MapStruct: mapping property: dto.getDescription() to: description(java.lang.String).
[INFO] -- MapStruct: selecting property mapping: dto.getDescription().
[INFO] -- MapStruct: mapping property: dto.isActive() to: active(boolean).
[INFO] -- MapStruct: selecting property mapping: dto.isActive().
[INFO] -- MapStruct: mapping property: dto.getTimezone() to: timezone(java.lang.String).
[INFO] -- MapStruct: selecting property mapping: dto.getTimezone().
[INFO] -- MapStruct: mapping property: dto.getStatus() to: status(java.lang.String).
[INFO] -- MapStruct: selecting property mapping: dto.getStatus().
[INFO] -- MapStruct: mapping property: dto.getCreatedDate() to: createdDate(java.time.LocalDateTime).
[INFO] -- MapStruct: selecting property mapping: LocalDateTime.parse( dto.getCreatedDate() ).
[INFO] -- MapStruct: mapping property: dto.getLastModifiedDate() to: lastModifiedDate(java.time.LocalDateTime).
[INFO] -- MapStruct: selecting property mapping: LocalDateTime.parse( dto.getLastModifiedDate() ).
[INFO] -- MapStruct: mapping property: dto.getCreatedBy() to: createdBy(java.lang.String).
[INFO] -- MapStruct: selecting property mapping: dto.getCreatedBy().
[INFO] -- MapStruct: mapping property: dto.getLastModifiedBy() to: lastModifiedBy(java.lang.String).
[INFO] -- MapStruct: selecting property mapping: dto.getLastModifiedBy().
[INFO] - MapStruct: creating bean mapping method implementation for void updateEntityFromDTO(com.scaler.dto.SiteDTO dto, @MappingTarget com.scaler.entity.Store entity).
[INFO] -- MapStruct: mapping property: dto.getId() to: setId(java.util.UUID).
[INFO] -- MapStruct: selecting property mapping: dto.getId().
[INFO] -- MapStruct: mapping property: dto.getCreatedDate() to: setCreatedDate(java.time.LocalDateTime).
[INFO] -- MapStruct: selecting property mapping: LocalDateTime.parse( dto.getCreatedDate() ).
[INFO] -- MapStruct: mapping property: dto.getLastModifiedDate() to: setLastModifiedDate(java.time.LocalDateTime).
[INFO] -- MapStruct: selecting property mapping: LocalDateTime.parse( dto.getLastModifiedDate() ).
[INFO] -- MapStruct: mapping property: dto.getCreatedBy() to: setCreatedBy(java.lang.String).
[INFO] -- MapStruct: selecting property mapping: dto.getCreatedBy().
[INFO] -- MapStruct: mapping property: dto.getLastModifiedBy() to: setLastModifiedBy(java.lang.String).
[INFO] -- MapStruct: selecting property mapping: dto.getLastModifiedBy().
[INFO] -- MapStruct: mapping property: dto.getName() to: setName(java.lang.String).
[INFO] -- MapStruct: selecting property mapping: dto.getName().
[INFO] -- MapStruct: mapping property: dto.getDomain() to: setDomain(java.lang.String).
[INFO] -- MapStruct: selecting property mapping: dto.getDomain().
[INFO] -- MapStruct: mapping property: dto.getLocale() to: setLocale(java.lang.String).
[INFO] -- MapStruct: selecting property mapping: dto.getLocale().
[INFO] -- MapStruct: mapping property: dto.getCurrency() to: setCurrency(java.lang.String).
[INFO] -- MapStruct: selecting property mapping: dto.getCurrency().
[INFO] -- MapStruct: mapping property: dto.getDescription() to: setDescription(java.lang.String).
[INFO] -- MapStruct: selecting property mapping: dto.getDescription().
[INFO] -- MapStruct: mapping property: dto.isActive() to: setActive(boolean).
[INFO] -- MapStruct: selecting property mapping: dto.isActive().
[INFO] -- MapStruct: mapping property: dto.getTimezone() to: setTimezone(java.lang.String).
[INFO] -- MapStruct: selecting property mapping: dto.getTimezone().
[INFO] -- MapStruct: mapping property: dto.getStatus() to: setStatus(java.lang.String).
[INFO] -- MapStruct: selecting property mapping: dto.getStatus().
[INFO] - MapStruct: creating iterable mapping method implementation for java.util.List<com.scaler.dto.SiteDTO> toDTOList(java.util.List<com.scaler.entity.Store> entities).
[INFO] -- MapStruct: selecting element mapping: com.scaler.dto.SiteDTO #toDTO(store).
[INFO]  MapStruct: processing: com.scaler.mapper.ProductFeatureMappingMapper.
[INFO] - MapStruct: creating bean mapping method implementation for com.scaler.dto.ProductFeatureMappingDTO toDTO(com.scaler.entity.ProductFeatureMapping entity).
[INFO] -- MapStruct: mapping property: entity.getId() to: id(java.util.UUID).
[INFO] -- MapStruct: selecting property mapping: entity.getId().
[INFO] -- MapStruct: mapping property: entityProductId( entity ) to: productId(java.util.UUID).
[INFO] -- MapStruct: selecting property mapping: entityProductId( entity ).
[INFO] -- MapStruct: mapping property: entityFeatureId( entity ) to: featureId(java.util.UUID).
[INFO] -- MapStruct: selecting property mapping: entityFeatureId( entity ).
[INFO] -- MapStruct: mapping property: entity.getDisplayOrder() to: displayOrder(java.lang.Integer).
[INFO] -- MapStruct: selecting property mapping: entity.getDisplayOrder().
[INFO] -- MapStruct: mapping property: entity.getVisible() to: visible(java.lang.Boolean).
[INFO] -- MapStruct: selecting property mapping: entity.getVisible().
[INFO] -- MapStruct: mapping property: entity.getEnabled() to: enabled(java.lang.Boolean).
[INFO] -- MapStruct: selecting property mapping: entity.getEnabled().
[INFO] -- MapStruct: mapping property: entity.getMetadata() to: metadata(java.lang.String).
[INFO] -- MapStruct: selecting property mapping: java.lang.String CommonMapper#jsonNodeToString(entity.getMetadata()).
[INFO] -- MapStruct: mapping property: entity.getCreatedDate() to: createdDate(java.lang.String).
[INFO] -- MapStruct: selecting property mapping: DateTimeFormatter.ISO_LOCAL_DATE_TIME.format( entity.getCreatedDate() ).
[INFO] -- MapStruct: mapping property: entity.getLastModifiedDate() to: lastModifiedDate(java.lang.String).
[INFO] -- MapStruct: selecting property mapping: DateTimeFormatter.ISO_LOCAL_DATE_TIME.format( entity.getLastModifiedDate() ).
[INFO] -- MapStruct: mapping property: entity.getCreatedBy() to: createdBy(java.lang.String).
[INFO] -- MapStruct: selecting property mapping: entity.getCreatedBy().
[INFO] -- MapStruct: mapping property: entity.getLastModifiedBy() to: lastModifiedBy(java.lang.String).
[INFO] -- MapStruct: selecting property mapping: entity.getLastModifiedBy().
[INFO] - MapStruct: creating bean mapping method implementation for com.scaler.entity.ProductFeatureMapping toEntity(com.scaler.dto.ProductFeatureMappingDTO dto).
[INFO] -- MapStruct: mapping property: dto.getId() to: id(java.util.UUID).
[INFO] -- MapStruct: selecting property mapping: dto.getId().
[INFO] -- MapStruct: mapping property: dto.getDisplayOrder() to: displayOrder(java.lang.Integer).
[INFO] -- MapStruct: selecting property mapping: dto.getDisplayOrder().
[INFO] -- MapStruct: mapping property: dto.getVisible() to: visible(java.lang.Boolean).
[INFO] -- MapStruct: selecting property mapping: dto.getVisible().
[INFO] -- MapStruct: mapping property: dto.getEnabled() to: enabled(java.lang.Boolean).
[INFO] -- MapStruct: selecting property mapping: dto.getEnabled().
[INFO] -- MapStruct: mapping property: dto.getMetadata() to: metadata(com.fasterxml.jackson.databind.JsonNode).
[INFO] -- MapStruct: selecting property mapping: com.fasterxml.jackson.databind.JsonNode CommonMapper#jsonStringToJsonNode(dto.getMetadata()).
[INFO] -- MapStruct: mapping property: dto.getCreatedDate() to: createdDate(java.time.LocalDateTime).
[INFO] -- MapStruct: selecting property mapping: LocalDateTime.parse( dto.getCreatedDate() ).
[INFO] -- MapStruct: mapping property: dto.getLastModifiedDate() to: lastModifiedDate(java.time.LocalDateTime).
[INFO] -- MapStruct: selecting property mapping: LocalDateTime.parse( dto.getLastModifiedDate() ).
[INFO] -- MapStruct: mapping property: dto.getCreatedBy() to: createdBy(java.lang.String).
[INFO] -- MapStruct: selecting property mapping: dto.getCreatedBy().
[INFO] -- MapStruct: mapping property: dto.getLastModifiedBy() to: lastModifiedBy(java.lang.String).
[INFO] -- MapStruct: selecting property mapping: dto.getLastModifiedBy().
[INFO] - MapStruct: creating bean mapping method implementation for void updateEntity(@MappingTarget com.scaler.entity.ProductFeatureMapping entity, com.scaler.dto.ProductFeatureMappingDTO dto).
[INFO] -- MapStruct: mapping property: dto.getDisplayOrder() to: setDisplayOrder(java.lang.Integer).
[INFO] -- MapStruct: selecting property mapping: dto.getDisplayOrder().
[INFO] -- MapStruct: mapping property: dto.getVisible() to: setVisible(java.lang.Boolean).
[INFO] -- MapStruct: selecting property mapping: dto.getVisible().
[INFO] -- MapStruct: mapping property: dto.getEnabled() to: setEnabled(java.lang.Boolean).
[INFO] -- MapStruct: selecting property mapping: dto.getEnabled().
[INFO] -- MapStruct: mapping property: dto.getMetadata() to: setMetadata(com.fasterxml.jackson.databind.JsonNode).
[INFO] -- MapStruct: selecting property mapping: com.fasterxml.jackson.databind.JsonNode CommonMapper#jsonStringToJsonNode(dto.getMetadata()).
[INFO] -- MapStruct: mapping property: dto.getId() to: setId(java.util.UUID).
[INFO] -- MapStruct: selecting property mapping: dto.getId().
[INFO] -- MapStruct: mapping property: dto.getCreatedDate() to: setCreatedDate(java.time.LocalDateTime).
[INFO] -- MapStruct: selecting property mapping: LocalDateTime.parse( dto.getCreatedDate() ).
[INFO] -- MapStruct: mapping property: dto.getLastModifiedDate() to: setLastModifiedDate(java.time.LocalDateTime).
[INFO] -- MapStruct: selecting property mapping: LocalDateTime.parse( dto.getLastModifiedDate() ).
[INFO] -- MapStruct: mapping property: dto.getCreatedBy() to: setCreatedBy(java.lang.String).
[INFO] -- MapStruct: selecting property mapping: dto.getCreatedBy().
[INFO] -- MapStruct: mapping property: dto.getLastModifiedBy() to: setLastModifiedBy(java.lang.String).
[INFO] -- MapStruct: selecting property mapping: dto.getLastModifiedBy().
[INFO] - MapStruct: creating iterable mapping method implementation for java.util.List<com.scaler.dto.ProductFeatureMappingDTO> toDTOList(java.util.List<com.scaler.entity.ProductFeatureMapping> entities).
[INFO] -- MapStruct: selecting element mapping: com.scaler.dto.ProductFeatureMappingDTO #toDTO(productFeatureMapping).
[INFO] - MapStruct: creating iterable mapping method implementation for java.util.Set<com.scaler.dto.ProductFeatureMappingDTO> toDTOSet(java.util.Set<com.scaler.entity.ProductFeatureMapping> entities).
[INFO] -- MapStruct: selecting element mapping: com.scaler.dto.ProductFeatureMappingDTO #toDTO(productFeatureMapping).
[INFO]  MapStruct: processing: com.scaler.mapper.ChannelMapper.
[INFO] - MapStruct: creating bean mapping method implementation for com.scaler.dto.ChannelDTO toDTO(com.scaler.entity.Channel entity).
[INFO] -- MapStruct: mapping property: entity.getCode() to: code(java.lang.String).
[INFO] -- MapStruct: selecting property mapping: entity.getCode().
[INFO] -- MapStruct: mapping property: entity.getName() to: name(java.lang.String).
[INFO] -- MapStruct: selecting property mapping: entity.getName().
[INFO] -- MapStruct: mapping property: entity.getDescription() to: description(java.lang.String).
[INFO] -- MapStruct: selecting property mapping: entity.getDescription().
[INFO] -- MapStruct: mapping property: entity.getStatus() to: status(java.lang.String).
[INFO] -- MapStruct: selecting property mapping: entity.getStatus().
[INFO] -- MapStruct: mapping property: entity.getType() to: type(com.scaler.entity.enums.ChannelType).
[INFO] -- MapStruct: selecting property mapping: entity.getType().
[INFO] -- MapStruct: mapping property: entity.getMetadata() to: metadata(java.lang.String).
[INFO] -- MapStruct: selecting property mapping: entity.getMetadata().
[INFO] -- MapStruct: mapping property: entity.getEnabled() to: enabled(java.lang.Boolean).
[INFO] -- MapStruct: selecting property mapping: entity.getEnabled().
[INFO] -- MapStruct: mapping property: entity.getDisplayOrder() to: displayOrder(java.lang.Integer).
[INFO] -- MapStruct: selecting property mapping: entity.getDisplayOrder().
[INFO] -- MapStruct: mapping property: entity.getVisibility() to: visibility(java.lang.Boolean).
[INFO] -- MapStruct: selecting property mapping: entity.getVisibility().
[INFO] -- MapStruct: mapping property: entity.getChannelConfig() to: channelConfig(java.lang.String).
[INFO] -- MapStruct: selecting property mapping: entity.getChannelConfig().
[INFO] -- MapStruct: mapping property: entity.getId() to: id(java.util.UUID).
[INFO] -- MapStruct: selecting property mapping: entity.getId().
[INFO] -- MapStruct: mapping property: entity.getCreatedDate() to: createdDate(java.lang.String).
[INFO] -- MapStruct: selecting property mapping: DateTimeFormatter.ISO_LOCAL_DATE_TIME.format( entity.getCreatedDate() ).
[INFO] -- MapStruct: mapping property: entity.getLastModifiedDate() to: lastModifiedDate(java.lang.String).
[INFO] -- MapStruct: selecting property mapping: DateTimeFormatter.ISO_LOCAL_DATE_TIME.format( entity.getLastModifiedDate() ).
[INFO] -- MapStruct: mapping property: entity.getCreatedBy() to: createdBy(java.lang.String).
[INFO] -- MapStruct: selecting property mapping: entity.getCreatedBy().
[INFO] -- MapStruct: mapping property: entity.getLastModifiedBy() to: lastModifiedBy(java.lang.String).
[INFO] -- MapStruct: selecting property mapping: entity.getLastModifiedBy().
[INFO] - MapStruct: creating bean mapping method implementation for com.scaler.entity.Channel toEntity(com.scaler.dto.ChannelDTO dto).
[INFO] -- MapStruct: mapping property: dto.getId() to: id(java.util.UUID).
[INFO] -- MapStruct: selecting property mapping: dto.getId().
[INFO] -- MapStruct: mapping property: dto.getCreatedDate() to: createdDate(java.time.LocalDateTime).
[INFO] -- MapStruct: selecting property mapping: LocalDateTime.parse( dto.getCreatedDate() ).
[INFO] -- MapStruct: mapping property: dto.getLastModifiedDate() to: lastModifiedDate(java.time.LocalDateTime).
[INFO] -- MapStruct: selecting property mapping: LocalDateTime.parse( dto.getLastModifiedDate() ).
[INFO] -- MapStruct: mapping property: dto.getCreatedBy() to: createdBy(java.lang.String).
[INFO] -- MapStruct: selecting property mapping: dto.getCreatedBy().
[INFO] -- MapStruct: mapping property: dto.getLastModifiedBy() to: lastModifiedBy(java.lang.String).
[INFO] -- MapStruct: selecting property mapping: dto.getLastModifiedBy().
[INFO] -- MapStruct: mapping property: dto.getCode() to: code(java.lang.String).
[INFO] -- MapStruct: selecting property mapping: dto.getCode().
[INFO] -- MapStruct: mapping property: dto.getName() to: name(java.lang.String).
[INFO] -- MapStruct: selecting property mapping: dto.getName().
[INFO] -- MapStruct: mapping property: dto.getDescription() to: description(java.lang.String).
[INFO] -- MapStruct: selecting property mapping: dto.getDescription().
[INFO] -- MapStruct: mapping property: dto.getStatus() to: status(java.lang.String).
[INFO] -- MapStruct: selecting property mapping: dto.getStatus().
[INFO] -- MapStruct: mapping property: dto.getType() to: type(com.scaler.entity.enums.ChannelType).
[INFO] -- MapStruct: selecting property mapping: dto.getType().
[INFO] -- MapStruct: mapping property: dto.getMetadata() to: metadata(java.lang.String).
[INFO] -- MapStruct: selecting property mapping: dto.getMetadata().
[INFO] -- MapStruct: mapping property: dto.getEnabled() to: enabled(java.lang.Boolean).
[INFO] -- MapStruct: selecting property mapping: dto.getEnabled().
[INFO] -- MapStruct: mapping property: dto.getDisplayOrder() to: displayOrder(java.lang.Integer).
[INFO] -- MapStruct: selecting property mapping: dto.getDisplayOrder().
[INFO] -- MapStruct: mapping property: dto.getVisibility() to: visibility(java.lang.Boolean).
[INFO] -- MapStruct: selecting property mapping: dto.getVisibility().
[INFO] -- MapStruct: mapping property: dto.getChannelConfig() to: channelConfig(java.lang.String).
[INFO] -- MapStruct: selecting property mapping: dto.getChannelConfig().
[INFO] - MapStruct: creating bean mapping method implementation for void updateEntity(@MappingTarget com.scaler.entity.Channel entity, com.scaler.dto.ChannelDTO dto).
[INFO] -- MapStruct: mapping property: dto.getId() to: setId(java.util.UUID).
[INFO] -- MapStruct: selecting property mapping: dto.getId().
[INFO] -- MapStruct: mapping property: dto.getCreatedDate() to: setCreatedDate(java.time.LocalDateTime).
[INFO] -- MapStruct: selecting property mapping: LocalDateTime.parse( dto.getCreatedDate() ).
[INFO] -- MapStruct: mapping property: dto.getLastModifiedDate() to: setLastModifiedDate(java.time.LocalDateTime).
[INFO] -- MapStruct: selecting property mapping: LocalDateTime.parse( dto.getLastModifiedDate() ).
[INFO] -- MapStruct: mapping property: dto.getCreatedBy() to: setCreatedBy(java.lang.String).
[INFO] -- MapStruct: selecting property mapping: dto.getCreatedBy().
[INFO] -- MapStruct: mapping property: dto.getLastModifiedBy() to: setLastModifiedBy(java.lang.String).
[INFO] -- MapStruct: selecting property mapping: dto.getLastModifiedBy().
[INFO] -- MapStruct: mapping property: dto.getCode() to: setCode(java.lang.String).
[INFO] -- MapStruct: selecting property mapping: dto.getCode().
[INFO] -- MapStruct: mapping property: dto.getName() to: setName(java.lang.String).
[INFO] -- MapStruct: selecting property mapping: dto.getName().
[INFO] -- MapStruct: mapping property: dto.getDescription() to: setDescription(java.lang.String).
[INFO] -- MapStruct: selecting property mapping: dto.getDescription().
[INFO] -- MapStruct: mapping property: dto.getStatus() to: setStatus(java.lang.String).
[INFO] -- MapStruct: selecting property mapping: dto.getStatus().
[INFO] -- MapStruct: mapping property: dto.getType() to: setType(com.scaler.entity.enums.ChannelType).
[INFO] -- MapStruct: selecting property mapping: dto.getType().
[INFO] -- MapStruct: mapping property: dto.getMetadata() to: setMetadata(java.lang.String).
[INFO] -- MapStruct: selecting property mapping: dto.getMetadata().
[INFO] -- MapStruct: mapping property: dto.getEnabled() to: setEnabled(java.lang.Boolean).
[INFO] -- MapStruct: selecting property mapping: dto.getEnabled().
[INFO] -- MapStruct: mapping property: dto.getDisplayOrder() to: setDisplayOrder(java.lang.Integer).
[INFO] -- MapStruct: selecting property mapping: dto.getDisplayOrder().
[INFO] -- MapStruct: mapping property: dto.getVisibility() to: setVisibility(java.lang.Boolean).
[INFO] -- MapStruct: selecting property mapping: dto.getVisibility().
[INFO] -- MapStruct: mapping property: dto.getChannelConfig() to: setChannelConfig(java.lang.String).
[INFO] -- MapStruct: selecting property mapping: dto.getChannelConfig().
[INFO] - MapStruct: creating iterable mapping method implementation for java.util.List<com.scaler.dto.ChannelDTO> toDTOList(java.util.List<com.scaler.entity.Channel> entities).
[INFO] -- MapStruct: selecting element mapping: com.scaler.dto.ChannelDTO #toDTO(channel).
[INFO] - MapStruct: creating iterable mapping method implementation for java.util.Set<com.scaler.dto.ChannelDTO> toDTOSet(java.util.Set<com.scaler.entity.Channel> entities).
[INFO] -- MapStruct: selecting element mapping: com.scaler.dto.ChannelDTO #toDTO(channel).
[INFO] - MapStruct: creating iterable mapping method implementation for java.util.List<com.scaler.entity.Channel> toEntityList(java.util.List<com.scaler.dto.ChannelDTO> dtos).
[INFO] -- MapStruct: selecting element mapping: com.scaler.entity.Channel #toEntity(channelDTO).
[INFO] - MapStruct: creating iterable mapping method implementation for java.util.Set<com.scaler.entity.Channel> toEntitySet(java.util.Set<com.scaler.dto.ChannelDTO> dtos).
[INFO] -- MapStruct: selecting element mapping: com.scaler.entity.Channel #toEntity(channelDTO).
[INFO]  MapStruct: processing: com.scaler.mapper.StoreCatalogMapper.
[INFO] - MapStruct: creating bean mapping method implementation for com.scaler.dto.StoreCatalogDTO toDTO(com.scaler.entity.StoreCatalog entity).
[INFO] -- MapStruct: mapping property: entity.getIsDefault() to: isDefault(java.lang.Boolean).
[INFO] -- MapStruct: selecting property mapping: entity.getIsDefault().
[INFO] -- MapStruct: mapping property: entity.getStatus() to: status(java.lang.String).
[INFO] -- MapStruct: selecting property mapping: entity.getStatus().
[INFO] -- MapStruct: mapping property: entity.getStartDate() to: startDate(java.time.LocalDateTime).
[INFO] -- MapStruct: selecting property mapping: entity.getStartDate().
[INFO] -- MapStruct: mapping property: entity.getEndDate() to: endDate(java.time.LocalDateTime).
[INFO] -- MapStruct: selecting property mapping: entity.getEndDate().
[INFO] -- MapStruct: mapping property: entity.getId() to: id(java.util.UUID).
[INFO] -- MapStruct: selecting property mapping: entity.getId().
[INFO] -- MapStruct: mapping property: entity.getCreatedDate() to: createdDate(java.lang.String).
[INFO] -- MapStruct: selecting property mapping: DateTimeFormatter.ISO_LOCAL_DATE_TIME.format( entity.getCreatedDate() ).
[INFO] -- MapStruct: mapping property: entity.getLastModifiedDate() to: lastModifiedDate(java.lang.String).
[INFO] -- MapStruct: selecting property mapping: DateTimeFormatter.ISO_LOCAL_DATE_TIME.format( entity.getLastModifiedDate() ).
[INFO] -- MapStruct: mapping property: entity.getCreatedBy() to: createdBy(java.lang.String).
[INFO] -- MapStruct: selecting property mapping: entity.getCreatedBy().
[INFO] -- MapStruct: mapping property: entity.getLastModifiedBy() to: lastModifiedBy(java.lang.String).
[INFO] -- MapStruct: selecting property mapping: entity.getLastModifiedBy().
[INFO] - MapStruct: creating bean mapping method implementation for com.scaler.entity.StoreCatalog toEntity(com.scaler.dto.StoreCatalogDTO dto).
[INFO] -- MapStruct: mapping property: dto.getIsDefault() to: isDefault(java.lang.Boolean).
[INFO] -- MapStruct: selecting property mapping: dto.getIsDefault().
[INFO] -- MapStruct: mapping property: dto.getStatus() to: status(java.lang.String).
[INFO] -- MapStruct: selecting property mapping: dto.getStatus().
[INFO] -- MapStruct: mapping property: dto.getStartDate() to: startDate(java.time.LocalDateTime).
[INFO] -- MapStruct: selecting property mapping: dto.getStartDate().
[INFO] -- MapStruct: mapping property: dto.getEndDate() to: endDate(java.time.LocalDateTime).
[INFO] -- MapStruct: selecting property mapping: dto.getEndDate().
[INFO] -- MapStruct: mapping property: dto.getId() to: id(java.util.UUID).
[INFO] -- MapStruct: selecting property mapping: dto.getId().
[INFO] -- MapStruct: mapping property: dto.getCreatedDate() to: createdDate(java.time.LocalDateTime).
[INFO] -- MapStruct: selecting property mapping: LocalDateTime.parse( dto.getCreatedDate() ).
[INFO] -- MapStruct: mapping property: dto.getLastModifiedDate() to: lastModifiedDate(java.time.LocalDateTime).
[INFO] -- MapStruct: selecting property mapping: LocalDateTime.parse( dto.getLastModifiedDate() ).
[INFO] -- MapStruct: mapping property: dto.getCreatedBy() to: createdBy(java.lang.String).
[INFO] -- MapStruct: selecting property mapping: dto.getCreatedBy().
[INFO] -- MapStruct: mapping property: dto.getLastModifiedBy() to: lastModifiedBy(java.lang.String).
[INFO] -- MapStruct: selecting property mapping: dto.getLastModifiedBy().
[INFO] - MapStruct: creating bean mapping method implementation for void updateEntity(@MappingTarget com.scaler.entity.StoreCatalog entity, com.scaler.dto.StoreCatalogDTO dto).
[INFO] -- MapStruct: mapping property: dto.getId() to: setId(java.util.UUID).
[INFO] -- MapStruct: selecting property mapping: dto.getId().
[INFO] -- MapStruct: mapping property: dto.getCreatedDate() to: setCreatedDate(java.time.LocalDateTime).
[INFO] -- MapStruct: selecting property mapping: LocalDateTime.parse( dto.getCreatedDate() ).
[INFO] -- MapStruct: mapping property: dto.getLastModifiedDate() to: setLastModifiedDate(java.time.LocalDateTime).
[INFO] -- MapStruct: selecting property mapping: LocalDateTime.parse( dto.getLastModifiedDate() ).
[INFO] -- MapStruct: mapping property: dto.getCreatedBy() to: setCreatedBy(java.lang.String).
[INFO] -- MapStruct: selecting property mapping: dto.getCreatedBy().
[INFO] -- MapStruct: mapping property: dto.getLastModifiedBy() to: setLastModifiedBy(java.lang.String).
[INFO] -- MapStruct: selecting property mapping: dto.getLastModifiedBy().
[INFO] -- MapStruct: mapping property: dto.getIsDefault() to: setIsDefault(java.lang.Boolean).
[INFO] -- MapStruct: selecting property mapping: dto.getIsDefault().
[INFO] -- MapStruct: mapping property: dto.getStatus() to: setStatus(java.lang.String).
[INFO] -- MapStruct: selecting property mapping: dto.getStatus().
[INFO] -- MapStruct: mapping property: dto.getStartDate() to: setStartDate(java.time.LocalDateTime).
[INFO] -- MapStruct: selecting property mapping: dto.getStartDate().
[INFO] -- MapStruct: mapping property: dto.getEndDate() to: setEndDate(java.time.LocalDateTime).
[INFO] -- MapStruct: selecting property mapping: dto.getEndDate().
[INFO] - MapStruct: creating iterable mapping method implementation for java.util.List<com.scaler.dto.StoreCatalogDTO> toDTOList(java.util.List<com.scaler.entity.StoreCatalog> entities).
[INFO] -- MapStruct: selecting element mapping: com.scaler.dto.StoreCatalogDTO #toDTO(storeCatalog).
[INFO] - MapStruct: creating iterable mapping method implementation for java.util.Set<com.scaler.dto.StoreCatalogDTO> toDTOSet(java.util.Set<com.scaler.entity.StoreCatalog> entities).
[INFO] -- MapStruct: selecting element mapping: com.scaler.dto.StoreCatalogDTO #toDTO(storeCatalog).
[INFO]  MapStruct: processing: com.scaler.mapper.SellerMapper.
[INFO] - MapStruct: creating bean mapping method implementation for com.scaler.dto.SellerDTO toDto(com.scaler.entity.Seller seller).
[INFO] -- MapStruct: mapping property: seller.getId() to: id(java.util.UUID).
[INFO] -- MapStruct: selecting property mapping: seller.getId().
[INFO] -- MapStruct: mapping property: seller.getCreatedDate() to: createdDate(java.lang.String).
[INFO] -- MapStruct: selecting property mapping: DateTimeFormatter.ISO_LOCAL_DATE_TIME.format( seller.getCreatedDate() ).
[INFO] -- MapStruct: mapping property: seller.getLastModifiedDate() to: lastModifiedDate(java.lang.String).
[INFO] -- MapStruct: selecting property mapping: DateTimeFormatter.ISO_LOCAL_DATE_TIME.format( seller.getLastModifiedDate() ).
[INFO] -- MapStruct: mapping property: seller.getCreatedBy() to: createdBy(java.lang.String).
[INFO] -- MapStruct: selecting property mapping: seller.getCreatedBy().
[INFO] -- MapStruct: mapping property: seller.getLastModifiedBy() to: lastModifiedBy(java.lang.String).
[INFO] -- MapStruct: selecting property mapping: seller.getLastModifiedBy().
[INFO] -- MapStruct: mapping property: seller.getName() to: name(java.lang.String).
[INFO] -- MapStruct: selecting property mapping: seller.getName().
[INFO] -- MapStruct: mapping property: seller.getCode() to: code(java.lang.String).
[INFO] -- MapStruct: selecting property mapping: seller.getCode().
[INFO] -- MapStruct: mapping property: seller.getDescription() to: description(java.lang.String).
[INFO] -- MapStruct: selecting property mapping: seller.getDescription().
[INFO] -- MapStruct: mapping property: seller.getType() to: type(java.lang.String).
[INFO] -- MapStruct: selecting property mapping: seller.getType().
[INFO] -- MapStruct: mapping property: seller.getStatus() to: status(java.lang.String).
[INFO] -- MapStruct: selecting property mapping: seller.getStatus().
[INFO] -- MapStruct: mapping property: seller.getMerchantId() to: merchantId(java.util.UUID).
[INFO] -- MapStruct: selecting property mapping: seller.getMerchantId().
[INFO] -- MapStruct: mapping property: seller.getContactEmail() to: contactEmail(java.lang.String).
[INFO] -- MapStruct: selecting property mapping: seller.getContactEmail().
[INFO] -- MapStruct: mapping property: seller.getContactPhone() to: contactPhone(java.lang.String).
[INFO] -- MapStruct: selecting property mapping: seller.getContactPhone().
[INFO] -- MapStruct: mapping property: seller.getAddress() to: address(java.lang.String).
[INFO] -- MapStruct: selecting property mapping: seller.getAddress().
[INFO] -- MapStruct: mapping property: seller.getCatalogs() to: catalogs(java.util.List<com.scaler.dto.CatalogDTO>).
[INFO] -- MapStruct: selecting property mapping: java.util.List<com.scaler.dto.CatalogDTO> CatalogMapper#toDTOList(seller.getCatalogs()).
[INFO] - MapStruct: creating bean mapping method implementation for com.scaler.entity.Seller toEntity(com.scaler.dto.SellerDTO dto).
[INFO] -- MapStruct: mapping property: dto.getId() to: id(java.util.UUID).
[INFO] -- MapStruct: selecting property mapping: dto.getId().
[INFO] -- MapStruct: mapping property: dto.getCreatedDate() to: createdDate(java.time.LocalDateTime).
[INFO] -- MapStruct: selecting property mapping: LocalDateTime.parse( dto.getCreatedDate() ).
[INFO] -- MapStruct: mapping property: dto.getLastModifiedDate() to: lastModifiedDate(java.time.LocalDateTime).
[INFO] -- MapStruct: selecting property mapping: LocalDateTime.parse( dto.getLastModifiedDate() ).
[INFO] -- MapStruct: mapping property: dto.getCreatedBy() to: createdBy(java.lang.String).
[INFO] -- MapStruct: selecting property mapping: dto.getCreatedBy().
[INFO] -- MapStruct: mapping property: dto.getLastModifiedBy() to: lastModifiedBy(java.lang.String).
[INFO] -- MapStruct: selecting property mapping: dto.getLastModifiedBy().
[INFO] -- MapStruct: mapping property: dto.getName() to: name(java.lang.String).
[INFO] -- MapStruct: selecting property mapping: dto.getName().
[INFO] -- MapStruct: mapping property: dto.getCode() to: code(java.lang.String).
[INFO] -- MapStruct: selecting property mapping: dto.getCode().
[INFO] -- MapStruct: mapping property: dto.getDescription() to: description(java.lang.String).
[INFO] -- MapStruct: selecting property mapping: dto.getDescription().
[INFO] -- MapStruct: mapping property: dto.getType() to: type(java.lang.String).
[INFO] -- MapStruct: selecting property mapping: dto.getType().
[INFO] -- MapStruct: mapping property: dto.getStatus() to: status(java.lang.String).
[INFO] -- MapStruct: selecting property mapping: dto.getStatus().
[INFO] -- MapStruct: mapping property: dto.getMerchantId() to: merchantId(java.util.UUID).
[INFO] -- MapStruct: selecting property mapping: dto.getMerchantId().
[INFO] -- MapStruct: mapping property: dto.getContactEmail() to: contactEmail(java.lang.String).
[INFO] -- MapStruct: selecting property mapping: dto.getContactEmail().
[INFO] -- MapStruct: mapping property: dto.getContactPhone() to: contactPhone(java.lang.String).
[INFO] -- MapStruct: selecting property mapping: dto.getContactPhone().
[INFO] -- MapStruct: mapping property: dto.getAddress() to: address(java.lang.String).
[INFO] -- MapStruct: selecting property mapping: dto.getAddress().
[INFO] -- MapStruct: mapping property: dto.getCatalogs() to: catalogs(java.util.List<com.scaler.entity.Catalog>).
[INFO] -- MapStruct: selecting element mapping: com.scaler.entity.Catalog CatalogMapper#toEntity(catalogDTO).
[INFO] -- MapStruct: creating property mapping: java.util.List<com.scaler.entity.Catalog> #catalogDTOListToCatalogList(dto.getCatalogs()).
[INFO] -- MapStruct: selecting property mapping: java.util.List<com.scaler.entity.Catalog> #catalogDTOListToCatalogList(dto.getCatalogs()).
[INFO] - MapStruct: creating bean mapping method implementation for void updateEntity(com.scaler.dto.SellerDTO dto, @MappingTarget com.scaler.entity.Seller seller).
[INFO] -- MapStruct: mapping property: dto.getCreatedDate() to: setCreatedDate(java.time.LocalDateTime).
[INFO] -- MapStruct: selecting property mapping: LocalDateTime.parse( dto.getCreatedDate() ).
[INFO] -- MapStruct: mapping property: dto.getLastModifiedDate() to: setLastModifiedDate(java.time.LocalDateTime).
[INFO] -- MapStruct: selecting property mapping: LocalDateTime.parse( dto.getLastModifiedDate() ).
[INFO] -- MapStruct: mapping property: dto.getCreatedBy() to: setCreatedBy(java.lang.String).
[INFO] -- MapStruct: selecting property mapping: dto.getCreatedBy().
[INFO] -- MapStruct: mapping property: dto.getLastModifiedBy() to: setLastModifiedBy(java.lang.String).
[INFO] -- MapStruct: selecting property mapping: dto.getLastModifiedBy().
[INFO] -- MapStruct: mapping property: dto.getName() to: setName(java.lang.String).
[INFO] -- MapStruct: selecting property mapping: dto.getName().
[INFO] -- MapStruct: mapping property: dto.getCode() to: setCode(java.lang.String).
[INFO] -- MapStruct: selecting property mapping: dto.getCode().
[INFO] -- MapStruct: mapping property: dto.getDescription() to: setDescription(java.lang.String).
[INFO] -- MapStruct: selecting property mapping: dto.getDescription().
[INFO] -- MapStruct: mapping property: dto.getType() to: setType(java.lang.String).
[INFO] -- MapStruct: selecting property mapping: dto.getType().
[INFO] -- MapStruct: mapping property: dto.getStatus() to: setStatus(java.lang.String).
[INFO] -- MapStruct: selecting property mapping: dto.getStatus().
[INFO] -- MapStruct: mapping property: dto.getMerchantId() to: setMerchantId(java.util.UUID).
[INFO] -- MapStruct: selecting property mapping: dto.getMerchantId().
[INFO] -- MapStruct: mapping property: dto.getContactEmail() to: setContactEmail(java.lang.String).
[INFO] -- MapStruct: selecting property mapping: dto.getContactEmail().
[INFO] -- MapStruct: mapping property: dto.getContactPhone() to: setContactPhone(java.lang.String).
[INFO] -- MapStruct: selecting property mapping: dto.getContactPhone().
[INFO] -- MapStruct: mapping property: dto.getAddress() to: setAddress(java.lang.String).
[INFO] -- MapStruct: selecting property mapping: dto.getAddress().
[INFO] -- MapStruct: mapping property: dto.getCatalogs() to: setCatalogs(java.util.List<com.scaler.entity.Catalog>).
[INFO] -- MapStruct: selecting element mapping: com.scaler.entity.Catalog CatalogMapper#toEntity(catalogDTO).
[INFO] -- MapStruct: creating property mapping: java.util.List<com.scaler.entity.Catalog> #catalogDTOListToCatalogList(dto.getCatalogs()).
[INFO] -- MapStruct: selecting property mapping: java.util.List<com.scaler.entity.Catalog> #catalogDTOListToCatalogList(dto.getCatalogs()).
[INFO] /Users/pponali/Library/CloudStorage/OneDrive-TataCLiQ/practice/TCS_PCM_REPO/bin/custom/catalog-sql/src/main/java/com/scaler/builder/ProductPriceBuilder.java: /Users/pponali/Library/CloudStorage/OneDrive-TataCLiQ/practice/TCS_PCM_REPO/bin/custom/catalog-sql/src/main/java/com/scaler/builder/ProductPriceBuilder.java uses or overrides a deprecated API.
[INFO] /Users/pponali/Library/CloudStorage/OneDrive-TataCLiQ/practice/TCS_PCM_REPO/bin/custom/catalog-sql/src/main/java/com/scaler/builder/ProductPriceBuilder.java: Recompile with -Xlint:deprecation for details.
[INFO] /Users/pponali/Library/CloudStorage/OneDrive-TataCLiQ/practice/TCS_PCM_REPO/bin/custom/catalog-sql/src/main/java/com/scaler/controller/FeatureValueAuditController.java: Some input files use unchecked or unsafe operations.
[INFO] /Users/pponali/Library/CloudStorage/OneDrive-TataCLiQ/practice/TCS_PCM_REPO/bin/custom/catalog-sql/src/main/java/com/scaler/controller/FeatureValueAuditController.java: Recompile with -Xlint:unchecked for details.
[INFO] -------------------------------------------------------------
[WARNING] COMPILATION WARNING : 
[INFO] -------------------------------------------------------------
[WARNING] /Users/pponali/Library/CloudStorage/OneDrive-TataCLiQ/practice/TCS_PCM_REPO/bin/custom/catalog-sql/src/main/java/com/scaler/entity/ProductFeatureMapping.java:[37,45] @SuperBuilder will ignore the initializing expression entirely. If you want the initializing expression to serve as default, add @Builder.Default. If it is not supposed to be settable during building, make the field final.
[WARNING] /Users/pponali/Library/CloudStorage/OneDrive-TataCLiQ/practice/TCS_PCM_REPO/bin/custom/catalog-sql/src/main/java/com/scaler/entity/ProductFeatureMapping.java:[43,21] @SuperBuilder will ignore the initializing expression entirely. If you want the initializing expression to serve as default, add @Builder.Default. If it is not supposed to be settable during building, make the field final.
[WARNING] /Users/pponali/Library/CloudStorage/OneDrive-TataCLiQ/practice/TCS_PCM_REPO/bin/custom/catalog-sql/src/main/java/com/scaler/entity/ProductFeatureMapping.java:[46,21] @SuperBuilder will ignore the initializing expression entirely. If you want the initializing expression to serve as default, add @Builder.Default. If it is not supposed to be settable during building, make the field final.
[WARNING] /Users/pponali/Library/CloudStorage/OneDrive-TataCLiQ/practice/TCS_PCM_REPO/bin/custom/catalog-sql/src/main/java/com/scaler/entity/Seller.java:[48,32] @SuperBuilder will ignore the initializing expression entirely. If you want the initializing expression to serve as default, add @Builder.Default. If it is not supposed to be settable during building, make the field final.
[WARNING] /Users/pponali/Library/CloudStorage/OneDrive-TataCLiQ/practice/TCS_PCM_REPO/bin/custom/catalog-sql/src/main/java/com/scaler/entity/Seller.java:[66,27] @SuperBuilder will ignore the initializing expression entirely. If you want the initializing expression to serve as default, add @Builder.Default. If it is not supposed to be settable during building, make the field final.
[WARNING] /Users/pponali/Library/CloudStorage/OneDrive-TataCLiQ/practice/TCS_PCM_REPO/bin/custom/catalog-sql/src/main/java/com/scaler/dto/ProductFeatureMappingDTO.java:[39,41] @SuperBuilder will ignore the initializing expression entirely. If you want the initializing expression to serve as default, add @Builder.Default. If it is not supposed to be settable during building, make the field final.
[WARNING] /Users/pponali/Library/CloudStorage/OneDrive-TataCLiQ/practice/TCS_PCM_REPO/bin/custom/catalog-sql/src/main/java/com/scaler/dto/ProductDTO.java:[51,23] @SuperBuilder will ignore the initializing expression entirely. If you want the initializing expression to serve as default, add @Builder.Default. If it is not supposed to be settable during building, make the field final.
[WARNING] /Users/pponali/Library/CloudStorage/OneDrive-TataCLiQ/practice/TCS_PCM_REPO/bin/custom/catalog-sql/src/main/java/com/scaler/entity/ProductFeatureValueMapping.java:[30,21] @SuperBuilder will ignore the initializing expression entirely. If you want the initializing expression to serve as default, add @Builder.Default. If it is not supposed to be settable during building, make the field final.
[WARNING] /Users/pponali/Library/CloudStorage/OneDrive-TataCLiQ/practice/TCS_PCM_REPO/bin/custom/catalog-sql/src/main/java/com/scaler/entity/ProductFeatureValueMapping.java:[33,21] @SuperBuilder will ignore the initializing expression entirely. If you want the initializing expression to serve as default, add @Builder.Default. If it is not supposed to be settable during building, make the field final.
[WARNING] /Users/pponali/Library/CloudStorage/OneDrive-TataCLiQ/practice/TCS_PCM_REPO/bin/custom/catalog-sql/src/main/java/com/scaler/entity/ProductBundle.java:[25,29] @SuperBuilder will ignore the initializing expression entirely. If you want the initializing expression to serve as default, add @Builder.Default. If it is not supposed to be settable during building, make the field final.
[WARNING] /Users/pponali/Library/CloudStorage/OneDrive-TataCLiQ/practice/TCS_PCM_REPO/bin/custom/catalog-sql/src/main/java/com/scaler/entity/Channel.java:[58,27] @SuperBuilder will ignore the initializing expression entirely. If you want the initializing expression to serve as default, add @Builder.Default. If it is not supposed to be settable during building, make the field final.
[WARNING] /Users/pponali/Library/CloudStorage/OneDrive-TataCLiQ/practice/TCS_PCM_REPO/bin/custom/catalog-sql/src/main/java/com/scaler/entity/ProductFeatureValue.java:[37,45] @SuperBuilder will ignore the initializing expression entirely. If you want the initializing expression to serve as default, add @Builder.Default. If it is not supposed to be settable during building, make the field final.
[WARNING] /Users/pponali/Library/CloudStorage/OneDrive-TataCLiQ/practice/TCS_PCM_REPO/bin/custom/catalog-sql/src/main/java/com/scaler/entity/ValidationResult.java:[40,26] @SuperBuilder will ignore the initializing expression entirely. If you want the initializing expression to serve as default, add @Builder.Default. If it is not supposed to be settable during building, make the field final.
[WARNING] /Users/pponali/Library/CloudStorage/OneDrive-TataCLiQ/practice/TCS_PCM_REPO/bin/custom/catalog-sql/src/main/java/com/scaler/dto/ProductFeatureDTO.java:[22,23] @SuperBuilder will ignore the initializing expression entirely. If you want the initializing expression to serve as default, add @Builder.Default. If it is not supposed to be settable during building, make the field final.
[WARNING] /Users/pponali/Library/CloudStorage/OneDrive-TataCLiQ/practice/TCS_PCM_REPO/bin/custom/catalog-sql/src/main/java/com/scaler/dto/ProductFeatureDTO.java:[55,21] @SuperBuilder will ignore the initializing expression entirely. If you want the initializing expression to serve as default, add @Builder.Default. If it is not supposed to be settable during building, make the field final.
[WARNING] /Users/pponali/Library/CloudStorage/OneDrive-TataCLiQ/practice/TCS_PCM_REPO/bin/custom/catalog-sql/src/main/java/com/scaler/dto/ProductFeatureDTO.java:[60,21] @SuperBuilder will ignore the initializing expression entirely. If you want the initializing expression to serve as default, add @Builder.Default. If it is not supposed to be settable during building, make the field final.
[WARNING] /Users/pponali/Library/CloudStorage/OneDrive-TataCLiQ/practice/TCS_PCM_REPO/bin/custom/catalog-sql/src/main/java/com/scaler/dto/ProductFeatureDTO.java:[65,21] @SuperBuilder will ignore the initializing expression entirely. If you want the initializing expression to serve as default, add @Builder.Default. If it is not supposed to be settable during building, make the field final.
[WARNING] /Users/pponali/Library/CloudStorage/OneDrive-TataCLiQ/practice/TCS_PCM_REPO/bin/custom/catalog-sql/src/main/java/com/scaler/dto/ProductFeatureDTO.java:[70,21] @SuperBuilder will ignore the initializing expression entirely. If you want the initializing expression to serve as default, add @Builder.Default. If it is not supposed to be settable during building, make the field final.
[WARNING] /Users/pponali/Library/CloudStorage/OneDrive-TataCLiQ/practice/TCS_PCM_REPO/bin/custom/catalog-sql/src/main/java/com/scaler/dto/ProductFeatureDTO.java:[75,21] @SuperBuilder will ignore the initializing expression entirely. If you want the initializing expression to serve as default, add @Builder.Default. If it is not supposed to be settable during building, make the field final.
[WARNING] /Users/pponali/Library/CloudStorage/OneDrive-TataCLiQ/practice/TCS_PCM_REPO/bin/custom/catalog-sql/src/main/java/com/scaler/dto/ProductFeatureDTO.java:[80,21] @SuperBuilder will ignore the initializing expression entirely. If you want the initializing expression to serve as default, add @Builder.Default. If it is not supposed to be settable during building, make the field final.
[WARNING] /Users/pponali/Library/CloudStorage/OneDrive-TataCLiQ/practice/TCS_PCM_REPO/bin/custom/catalog-sql/src/main/java/com/scaler/entity/ProductInventory.java:[37,21] @SuperBuilder will ignore the initializing expression entirely. If you want the initializing expression to serve as default, add @Builder.Default. If it is not supposed to be settable during building, make the field final.
[WARNING] /Users/pponali/Library/CloudStorage/OneDrive-TataCLiQ/practice/TCS_PCM_REPO/bin/custom/catalog-sql/src/main/java/com/scaler/entity/ProductFeature.java:[86,40] @SuperBuilder will ignore the initializing expression entirely. If you want the initializing expression to serve as default, add @Builder.Default. If it is not supposed to be settable during building, make the field final.
[WARNING] /Users/pponali/Library/CloudStorage/OneDrive-TataCLiQ/practice/TCS_PCM_REPO/bin/custom/catalog-sql/src/main/java/com/scaler/entity/FeatureTemplate.java:[62,21] @SuperBuilder will ignore the initializing expression entirely. If you want the initializing expression to serve as default, add @Builder.Default. If it is not supposed to be settable during building, make the field final.
[WARNING] /Users/pponali/Library/CloudStorage/OneDrive-TataCLiQ/practice/TCS_PCM_REPO/bin/custom/catalog-sql/src/main/java/com/scaler/entity/FeatureTemplate.java:[65,21] @SuperBuilder will ignore the initializing expression entirely. If you want the initializing expression to serve as default, add @Builder.Default. If it is not supposed to be settable during building, make the field final.
[WARNING] /Users/pponali/Library/CloudStorage/OneDrive-TataCLiQ/practice/TCS_PCM_REPO/bin/custom/catalog-sql/src/main/java/com/scaler/entity/FeatureTemplate.java:[68,21] @SuperBuilder will ignore the initializing expression entirely. If you want the initializing expression to serve as default, add @Builder.Default. If it is not supposed to be settable during building, make the field final.
[WARNING] /Users/pponali/Library/CloudStorage/OneDrive-TataCLiQ/practice/TCS_PCM_REPO/bin/custom/catalog-sql/src/main/java/com/scaler/entity/FeatureTemplate.java:[71,21] @SuperBuilder will ignore the initializing expression entirely. If you want the initializing expression to serve as default, add @Builder.Default. If it is not supposed to be settable during building, make the field final.
[WARNING] /Users/pponali/Library/CloudStorage/OneDrive-TataCLiQ/practice/TCS_PCM_REPO/bin/custom/catalog-sql/src/main/java/com/scaler/entity/FeatureTemplate.java:[74,21] @SuperBuilder will ignore the initializing expression entirely. If you want the initializing expression to serve as default, add @Builder.Default. If it is not supposed to be settable during building, make the field final.
[WARNING] /Users/pponali/Library/CloudStorage/OneDrive-TataCLiQ/practice/TCS_PCM_REPO/bin/custom/catalog-sql/src/main/java/com/scaler/entity/FeatureTemplate.java:[77,21] @SuperBuilder will ignore the initializing expression entirely. If you want the initializing expression to serve as default, add @Builder.Default. If it is not supposed to be settable during building, make the field final.
[WARNING] /Users/pponali/Library/CloudStorage/OneDrive-TataCLiQ/practice/TCS_PCM_REPO/bin/custom/catalog-sql/src/main/java/com/scaler/entity/FeatureTemplate.java:[80,21] @SuperBuilder will ignore the initializing expression entirely. If you want the initializing expression to serve as default, add @Builder.Default. If it is not supposed to be settable during building, make the field final.
[WARNING] /Users/pponali/Library/CloudStorage/OneDrive-TataCLiQ/practice/TCS_PCM_REPO/bin/custom/catalog-sql/src/main/java/com/scaler/entity/FeatureTemplate.java:[83,21] @SuperBuilder will ignore the initializing expression entirely. If you want the initializing expression to serve as default, add @Builder.Default. If it is not supposed to be settable during building, make the field final.
[WARNING] /Users/pponali/Library/CloudStorage/OneDrive-TataCLiQ/practice/TCS_PCM_REPO/bin/custom/catalog-sql/src/main/java/com/scaler/entity/CategoryFeatureTemplate.java:[29,21] @SuperBuilder will ignore the initializing expression entirely. If you want the initializing expression to serve as default, add @Builder.Default. If it is not supposed to be settable during building, make the field final.
[WARNING] /Users/pponali/Library/CloudStorage/OneDrive-TataCLiQ/practice/TCS_PCM_REPO/bin/custom/catalog-sql/src/main/java/com/scaler/entity/CategoryFeatureTemplate.java:[32,21] @SuperBuilder will ignore the initializing expression entirely. If you want the initializing expression to serve as default, add @Builder.Default. If it is not supposed to be settable during building, make the field final.
[WARNING] /Users/pponali/Library/CloudStorage/OneDrive-TataCLiQ/practice/TCS_PCM_REPO/bin/custom/catalog-sql/src/main/java/com/scaler/entity/CategoryFeatureTemplate.java:[43,33] @SuperBuilder will ignore the initializing expression entirely. If you want the initializing expression to serve as default, add @Builder.Default. If it is not supposed to be settable during building, make the field final.
[WARNING] /Users/pponali/Library/CloudStorage/OneDrive-TataCLiQ/practice/TCS_PCM_REPO/bin/custom/catalog-sql/src/main/java/com/scaler/dto/CategoryFeatureTemplateDTO.java:[46,20] @SuperBuilder will ignore the initializing expression entirely. If you want the initializing expression to serve as default, add @Builder.Default. If it is not supposed to be settable during building, make the field final.
[WARNING] /Users/pponali/Library/CloudStorage/OneDrive-TataCLiQ/practice/TCS_PCM_REPO/bin/custom/catalog-sql/src/main/java/com/scaler/dto/CategoryFeatureTemplateDTO.java:[47,20] @SuperBuilder will ignore the initializing expression entirely. If you want the initializing expression to serve as default, add @Builder.Default. If it is not supposed to be settable during building, make the field final.
[WARNING] /Users/pponali/Library/CloudStorage/OneDrive-TataCLiQ/practice/TCS_PCM_REPO/bin/custom/catalog-sql/src/main/java/com/scaler/dto/CategoryFeatureTemplateDTO.java:[48,20] @SuperBuilder will ignore the initializing expression entirely. If you want the initializing expression to serve as default, add @Builder.Default. If it is not supposed to be settable during building, make the field final.
[WARNING] /Users/pponali/Library/CloudStorage/OneDrive-TataCLiQ/practice/TCS_PCM_REPO/bin/custom/catalog-sql/src/main/java/com/scaler/dto/CategoryFeatureTemplateDTO.java:[49,20] @SuperBuilder will ignore the initializing expression entirely. If you want the initializing expression to serve as default, add @Builder.Default. If it is not supposed to be settable during building, make the field final.
[WARNING] /Users/pponali/Library/CloudStorage/OneDrive-TataCLiQ/practice/TCS_PCM_REPO/bin/custom/catalog-sql/src/main/java/com/scaler/dto/CategoryFeatureTemplateDTO.java:[50,20] @SuperBuilder will ignore the initializing expression entirely. If you want the initializing expression to serve as default, add @Builder.Default. If it is not supposed to be settable during building, make the field final.
[WARNING] /Users/pponali/Library/CloudStorage/OneDrive-TataCLiQ/practice/TCS_PCM_REPO/bin/custom/catalog-sql/src/main/java/com/scaler/dto/CategoryFeatureTemplateDTO.java:[51,20] @SuperBuilder will ignore the initializing expression entirely. If you want the initializing expression to serve as default, add @Builder.Default. If it is not supposed to be settable during building, make the field final.
[WARNING] /Users/pponali/Library/CloudStorage/OneDrive-TataCLiQ/practice/TCS_PCM_REPO/bin/custom/catalog-sql/src/main/java/com/scaler/dto/CategoryFeatureTemplateDTO.java:[52,20] @SuperBuilder will ignore the initializing expression entirely. If you want the initializing expression to serve as default, add @Builder.Default. If it is not supposed to be settable during building, make the field final.
[WARNING] /Users/pponali/Library/CloudStorage/OneDrive-TataCLiQ/practice/TCS_PCM_REPO/bin/custom/catalog-sql/src/main/java/com/scaler/dto/CategoryFeatureTemplateDTO.java:[54,21] @SuperBuilder will ignore the initializing expression entirely. If you want the initializing expression to serve as default, add @Builder.Default. If it is not supposed to be settable during building, make the field final.
[WARNING] /Users/pponali/Library/CloudStorage/OneDrive-TataCLiQ/practice/TCS_PCM_REPO/bin/custom/catalog-sql/src/main/java/com/scaler/dto/CategoryFeatureTemplateDTO.java:[55,21] @SuperBuilder will ignore the initializing expression entirely. If you want the initializing expression to serve as default, add @Builder.Default. If it is not supposed to be settable during building, make the field final.
[WARNING] /Users/pponali/Library/CloudStorage/OneDrive-TataCLiQ/practice/TCS_PCM_REPO/bin/custom/catalog-sql/src/main/java/com/scaler/dto/CategoryFeatureTemplateDTO.java:[56,21] @SuperBuilder will ignore the initializing expression entirely. If you want the initializing expression to serve as default, add @Builder.Default. If it is not supposed to be settable during building, make the field final.
[WARNING] /Users/pponali/Library/CloudStorage/OneDrive-TataCLiQ/practice/TCS_PCM_REPO/bin/custom/catalog-sql/src/main/java/com/scaler/dto/CategoryFeatureTemplateDTO.java:[57,21] @SuperBuilder will ignore the initializing expression entirely. If you want the initializing expression to serve as default, add @Builder.Default. If it is not supposed to be settable during building, make the field final.
[WARNING] /Users/pponali/Library/CloudStorage/OneDrive-TataCLiQ/practice/TCS_PCM_REPO/bin/custom/catalog-sql/src/main/java/com/scaler/dto/CategoryFeatureTemplateDTO.java:[58,21] @SuperBuilder will ignore the initializing expression entirely. If you want the initializing expression to serve as default, add @Builder.Default. If it is not supposed to be settable during building, make the field final.
[WARNING] /Users/pponali/Library/CloudStorage/OneDrive-TataCLiQ/practice/TCS_PCM_REPO/bin/custom/catalog-sql/src/main/java/com/scaler/dto/CategoryFeatureTemplateDTO.java:[59,21] @SuperBuilder will ignore the initializing expression entirely. If you want the initializing expression to serve as default, add @Builder.Default. If it is not supposed to be settable during building, make the field final.
[WARNING] /Users/pponali/Library/CloudStorage/OneDrive-TataCLiQ/practice/TCS_PCM_REPO/bin/custom/catalog-sql/src/main/java/com/scaler/dto/CategoryFeatureTemplateDTO.java:[60,21] @SuperBuilder will ignore the initializing expression entirely. If you want the initializing expression to serve as default, add @Builder.Default. If it is not supposed to be settable during building, make the field final.
[WARNING] /Users/pponali/Library/CloudStorage/OneDrive-TataCLiQ/practice/TCS_PCM_REPO/bin/custom/catalog-sql/src/main/java/com/scaler/dto/CategoryFeatureTemplateDTO.java:[61,21] @SuperBuilder will ignore the initializing expression entirely. If you want the initializing expression to serve as default, add @Builder.Default. If it is not supposed to be settable during building, make the field final.
[WARNING] /Users/pponali/Library/CloudStorage/OneDrive-TataCLiQ/practice/TCS_PCM_REPO/bin/custom/catalog-sql/src/main/java/com/scaler/dto/CategoryFeatureTemplateDTO.java:[62,21] @SuperBuilder will ignore the initializing expression entirely. If you want the initializing expression to serve as default, add @Builder.Default. If it is not supposed to be settable during building, make the field final.
[WARNING] /Users/pponali/Library/CloudStorage/OneDrive-TataCLiQ/practice/TCS_PCM_REPO/bin/custom/catalog-sql/src/main/java/com/scaler/dto/CategoryFeatureTemplateDTO.java:[64,20] @SuperBuilder will ignore the initializing expression entirely. If you want the initializing expression to serve as default, add @Builder.Default. If it is not supposed to be settable during building, make the field final.
[WARNING] /Users/pponali/Library/CloudStorage/OneDrive-TataCLiQ/practice/TCS_PCM_REPO/bin/custom/catalog-sql/src/main/java/com/scaler/dto/CategoryFeatureTemplateDTO.java:[68,36] @SuperBuilder will ignore the initializing expression entirely. If you want the initializing expression to serve as default, add @Builder.Default. If it is not supposed to be settable during building, make the field final.
[WARNING] /Users/pponali/Library/CloudStorage/OneDrive-TataCLiQ/practice/TCS_PCM_REPO/bin/custom/catalog-sql/src/main/java/com/scaler/dto/FeatureTemplateDTO.java:[33,21] @SuperBuilder will ignore the initializing expression entirely. If you want the initializing expression to serve as default, add @Builder.Default. If it is not supposed to be settable during building, make the field final.
[WARNING] /Users/pponali/Library/CloudStorage/OneDrive-TataCLiQ/practice/TCS_PCM_REPO/bin/custom/catalog-sql/src/main/java/com/scaler/dto/FeatureTemplateDTO.java:[34,21] @SuperBuilder will ignore the initializing expression entirely. If you want the initializing expression to serve as default, add @Builder.Default. If it is not supposed to be settable during building, make the field final.
[WARNING] /Users/pponali/Library/CloudStorage/OneDrive-TataCLiQ/practice/TCS_PCM_REPO/bin/custom/catalog-sql/src/main/java/com/scaler/dto/FeatureTemplateDTO.java:[35,21] @SuperBuilder will ignore the initializing expression entirely. If you want the initializing expression to serve as default, add @Builder.Default. If it is not supposed to be settable during building, make the field final.
[WARNING] /Users/pponali/Library/CloudStorage/OneDrive-TataCLiQ/practice/TCS_PCM_REPO/bin/custom/catalog-sql/src/main/java/com/scaler/dto/FeatureTemplateDTO.java:[36,21] @SuperBuilder will ignore the initializing expression entirely. If you want the initializing expression to serve as default, add @Builder.Default. If it is not supposed to be settable during building, make the field final.
[WARNING] /Users/pponali/Library/CloudStorage/OneDrive-TataCLiQ/practice/TCS_PCM_REPO/bin/custom/catalog-sql/src/main/java/com/scaler/dto/FeatureTemplateDTO.java:[37,21] @SuperBuilder will ignore the initializing expression entirely. If you want the initializing expression to serve as default, add @Builder.Default. If it is not supposed to be settable during building, make the field final.
[WARNING] /Users/pponali/Library/CloudStorage/OneDrive-TataCLiQ/practice/TCS_PCM_REPO/bin/custom/catalog-sql/src/main/java/com/scaler/dto/FeatureTemplateDTO.java:[38,21] @SuperBuilder will ignore the initializing expression entirely. If you want the initializing expression to serve as default, add @Builder.Default. If it is not supposed to be settable during building, make the field final.
[WARNING] /Users/pponali/Library/CloudStorage/OneDrive-TataCLiQ/practice/TCS_PCM_REPO/bin/custom/catalog-sql/src/main/java/com/scaler/dto/FeatureTemplateDTO.java:[39,21] @SuperBuilder will ignore the initializing expression entirely. If you want the initializing expression to serve as default, add @Builder.Default. If it is not supposed to be settable during building, make the field final.
[WARNING] /Users/pponali/Library/CloudStorage/OneDrive-TataCLiQ/practice/TCS_PCM_REPO/bin/custom/catalog-sql/src/main/java/com/scaler/dto/FeatureTemplateDTO.java:[40,21] @SuperBuilder will ignore the initializing expression entirely. If you want the initializing expression to serve as default, add @Builder.Default. If it is not supposed to be settable during building, make the field final.
[WARNING] /Users/pponali/Library/CloudStorage/OneDrive-TataCLiQ/practice/TCS_PCM_REPO/bin/custom/catalog-sql/src/main/java/com/scaler/dto/MerchantDTO.java:[38,30] @SuperBuilder will ignore the initializing expression entirely. If you want the initializing expression to serve as default, add @Builder.Default. If it is not supposed to be settable during building, make the field final.
[WARNING] /Users/pponali/Library/CloudStorage/OneDrive-TataCLiQ/practice/TCS_PCM_REPO/bin/custom/catalog-sql/src/main/java/com/scaler/dto/MerchantDTO.java:[40,27] @SuperBuilder will ignore the initializing expression entirely. If you want the initializing expression to serve as default, add @Builder.Default. If it is not supposed to be settable during building, make the field final.
[WARNING] /Users/pponali/Library/CloudStorage/OneDrive-TataCLiQ/practice/TCS_PCM_REPO/bin/custom/catalog-sql/src/main/java/com/scaler/entity/ProductPrice.java:[42,21] @SuperBuilder will ignore the initializing expression entirely. If you want the initializing expression to serve as default, add @Builder.Default. If it is not supposed to be settable during building, make the field final.
[WARNING] /Users/pponali/Library/CloudStorage/OneDrive-TataCLiQ/practice/TCS_PCM_REPO/bin/custom/catalog-sql/src/main/java/com/scaler/entity/Merchant.java:[36,26] @SuperBuilder will ignore the initializing expression entirely. If you want the initializing expression to serve as default, add @Builder.Default. If it is not supposed to be settable during building, make the field final.
[WARNING] /Users/pponali/Library/CloudStorage/OneDrive-TataCLiQ/practice/TCS_PCM_REPO/bin/custom/catalog-sql/src/main/java/com/scaler/entity/StoreCatalog.java:[27,21] @SuperBuilder will ignore the initializing expression entirely. If you want the initializing expression to serve as default, add @Builder.Default. If it is not supposed to be settable during building, make the field final.
[WARNING] /Users/pponali/Library/CloudStorage/OneDrive-TataCLiQ/practice/TCS_PCM_REPO/bin/custom/catalog-sql/src/main/java/com/scaler/entity/ProductVariantConfig.java:[28,33] @SuperBuilder will ignore the initializing expression entirely. If you want the initializing expression to serve as default, add @Builder.Default. If it is not supposed to be settable during building, make the field final.
[WARNING] /Users/pponali/Library/CloudStorage/OneDrive-TataCLiQ/practice/TCS_PCM_REPO/bin/custom/catalog-sql/src/main/java/com/scaler/model/ValidationRule.java:[16,1] Generating equals/hashCode implementation but without a call to superclass, even though this class does not extend java.lang.Object. If this is intentional, add '@EqualsAndHashCode(callSuper=false)' to your type.
[WARNING] /Users/pponali/Library/CloudStorage/OneDrive-TataCLiQ/practice/TCS_PCM_REPO/bin/custom/catalog-sql/src/main/java/com/scaler/entity/ProductFeatureMapping.java:[22,62] This field does not exist, or would have been excluded anyway.
[WARNING] /Users/pponali/Library/CloudStorage/OneDrive-TataCLiQ/practice/TCS_PCM_REPO/bin/custom/catalog-sql/src/main/java/com/scaler/entity/ProductFeatureMapping.java:[23,71] This field does not exist, or would have been excluded anyway.
[WARNING] /Users/pponali/Library/CloudStorage/OneDrive-TataCLiQ/practice/TCS_PCM_REPO/bin/custom/catalog-sql/src/main/java/com/scaler/entity/Category.java:[28,105] This field does not exist, or would have been excluded anyway.
[WARNING] /Users/pponali/Library/CloudStorage/OneDrive-TataCLiQ/practice/TCS_PCM_REPO/bin/custom/catalog-sql/src/main/java/com/scaler/entity/Category.java:[29,96] This field does not exist, or would have been excluded anyway.
[WARNING] /Users/pponali/Library/CloudStorage/OneDrive-TataCLiQ/practice/TCS_PCM_REPO/bin/custom/catalog-sql/src/main/java/com/scaler/dto/StoreCatalogDTO.java:[13,1] Generating equals/hashCode implementation but without a call to superclass, even though this class does not extend java.lang.Object. If this is intentional, add '@EqualsAndHashCode(callSuper=false)' to your type.
[WARNING] /Users/pponali/Library/CloudStorage/OneDrive-TataCLiQ/practice/TCS_PCM_REPO/bin/custom/catalog-sql/src/main/java/com/scaler/dto/StoreDTO.java:[13,1] Generating equals/hashCode implementation but without a call to superclass, even though this class does not extend java.lang.Object. If this is intentional, add '@EqualsAndHashCode(callSuper=false)' to your type.
[WARNING] /Users/pponali/Library/CloudStorage/OneDrive-TataCLiQ/practice/TCS_PCM_REPO/bin/custom/catalog-sql/src/main/java/com/scaler/model/FeatureValueEvent.java:[14,1] Generating equals/hashCode implementation but without a call to superclass, even though this class does not extend java.lang.Object. If this is intentional, add '@EqualsAndHashCode(callSuper=false)' to your type.
[WARNING] /Users/pponali/Library/CloudStorage/OneDrive-TataCLiQ/practice/TCS_PCM_REPO/bin/custom/catalog-sql/src/main/java/com/scaler/entity/Product.java:[26,72] This field does not exist, or would have been excluded anyway.
[WARNING] /Users/pponali/Library/CloudStorage/OneDrive-TataCLiQ/practice/TCS_PCM_REPO/bin/custom/catalog-sql/src/main/java/com/scaler/entity/Product.java:[26,96] This field does not exist, or would have been excluded anyway.
[WARNING] /Users/pponali/Library/CloudStorage/OneDrive-TataCLiQ/practice/TCS_PCM_REPO/bin/custom/catalog-sql/src/main/java/com/scaler/entity/Product.java:[27,81] This field does not exist, or would have been excluded anyway.
[WARNING] /Users/pponali/Library/CloudStorage/OneDrive-TataCLiQ/practice/TCS_PCM_REPO/bin/custom/catalog-sql/src/main/java/com/scaler/entity/Product.java:[27,105] This field does not exist, or would have been excluded anyway.
[WARNING] /Users/pponali/Library/CloudStorage/OneDrive-TataCLiQ/practice/TCS_PCM_REPO/bin/custom/catalog-sql/src/main/java/com/scaler/entity/ProductFeature.java:[20,49] This field does not exist, or would have been excluded anyway.
[WARNING] /Users/pponali/Library/CloudStorage/OneDrive-TataCLiQ/practice/TCS_PCM_REPO/bin/custom/catalog-sql/src/main/java/com/scaler/entity/ProductFeature.java:[20,72] This field does not exist, or would have been excluded anyway.
[WARNING] /Users/pponali/Library/CloudStorage/OneDrive-TataCLiQ/practice/TCS_PCM_REPO/bin/custom/catalog-sql/src/main/java/com/scaler/entity/ProductFeature.java:[21,40] This field does not exist, or would have been excluded anyway.
[WARNING] /Users/pponali/Library/CloudStorage/OneDrive-TataCLiQ/practice/TCS_PCM_REPO/bin/custom/catalog-sql/src/main/java/com/scaler/entity/ProductFeature.java:[21,63] This field does not exist, or would have been excluded anyway.
[WARNING] /Users/pponali/Library/CloudStorage/OneDrive-TataCLiQ/practice/TCS_PCM_REPO/bin/custom/catalog-sql/src/main/java/com/scaler/dto/CategoryFeatureTemplateDTO.java:[18,1] Generating equals/hashCode implementation but without a call to superclass, even though this class does not extend java.lang.Object. If this is intentional, add '@EqualsAndHashCode(callSuper=false)' to your type.
[INFO] 82 warnings 
[INFO] -------------------------------------------------------------
[INFO] -------------------------------------------------------------
[ERROR] COMPILATION ERROR : 
[INFO] -------------------------------------------------------------
[ERROR] /Users/pponali/Library/CloudStorage/OneDrive-TataCLiQ/practice/TCS_PCM_REPO/bin/custom/catalog-sql/src/main/java/com/scaler/util/ProductBuilder.java:[53,16] cannot find symbol
  symbol:   method setFeatureValues(java.util.HashSet<java.lang.Object>)
  location: variable product of type com.scaler.entity.Product
[ERROR] /Users/pponali/Library/CloudStorage/OneDrive-TataCLiQ/practice/TCS_PCM_REPO/bin/custom/catalog-sql/src/main/java/com/scaler/util/ProductBuilder.java:[143,20] cannot find symbol
  symbol:   method getFeatureValues()
  location: variable product of type com.scaler.entity.Product
[ERROR] /Users/pponali/Library/CloudStorage/OneDrive-TataCLiQ/practice/TCS_PCM_REPO/bin/custom/catalog-sql/src/main/java/com/scaler/util/ProductBuilder.java:[144,20] cannot find symbol
  symbol:   method setFeatureValues(java.util.HashSet<java.lang.Object>)
  location: variable product of type com.scaler.entity.Product
[ERROR] /Users/pponali/Library/CloudStorage/OneDrive-TataCLiQ/practice/TCS_PCM_REPO/bin/custom/catalog-sql/src/main/java/com/scaler/util/ProductBuilder.java:[147,16] cannot find symbol
  symbol:   method getFeatureValues()
  location: variable product of type com.scaler.entity.Product
[ERROR] /Users/pponali/Library/CloudStorage/OneDrive-TataCLiQ/practice/TCS_PCM_REPO/bin/custom/catalog-sql/src/main/java/com/scaler/util/ProductBuilder.java:[148,21] cannot find symbol
  symbol:   method setProduct(com.scaler.entity.Product)
  location: variable featureValue of type com.scaler.entity.ProductFeatureValue
[INFO] 5 errors 
[INFO] -------------------------------------------------------------
[INFO] ------------------------------------------------------------------------
[INFO] BUILD FAILURE
[INFO] ------------------------------------------------------------------------
[INFO] Total time:  8.385 s
[INFO] Finished at: 2025-03-14T08:23:52+05:30
[INFO] ------------------------------------------------------------------------
[ERROR] Failed to execute goal org.apache.maven.plugins:maven-compiler-plugin:3.11.0:compile (default-compile) on project catalog-sqldb-poc: Compilation failure: Compilation failure: 
[ERROR] /Users/pponali/Library/CloudStorage/OneDrive-TataCLiQ/practice/TCS_PCM_REPO/bin/custom/catalog-sql/src/main/java/com/scaler/util/ProductBuilder.java:[53,16] cannot find symbol
[ERROR]   symbol:   method setFeatureValues(java.util.HashSet<java.lang.Object>)
[ERROR]   location: variable product of type com.scaler.entity.Product
[ERROR] /Users/pponali/Library/CloudStorage/OneDrive-TataCLiQ/practice/TCS_PCM_REPO/bin/custom/catalog-sql/src/main/java/com/scaler/util/ProductBuilder.java:[143,20] cannot find symbol
[ERROR]   symbol:   method getFeatureValues()
[ERROR]   location: variable product of type com.scaler.entity.Product
[ERROR] /Users/pponali/Library/CloudStorage/OneDrive-TataCLiQ/practice/TCS_PCM_REPO/bin/custom/catalog-sql/src/main/java/com/scaler/util/ProductBuilder.java:[144,20] cannot find symbol
[ERROR]   symbol:   method setFeatureValues(java.util.HashSet<java.lang.Object>)
[ERROR]   location: variable product of type com.scaler.entity.Product
[ERROR] /Users/pponali/Library/CloudStorage/OneDrive-TataCLiQ/practice/TCS_PCM_REPO/bin/custom/catalog-sql/src/main/java/com/scaler/util/ProductBuilder.java:[147,16] cannot find symbol
[ERROR]   symbol:   method getFeatureValues()
[ERROR]   location: variable product of type com.scaler.entity.Product
[ERROR] /Users/pponali/Library/CloudStorage/OneDrive-TataCLiQ/practice/TCS_PCM_REPO/bin/custom/catalog-sql/src/main/java/com/scaler/util/ProductBuilder.java:[148,21] cannot find symbol
[ERROR]   symbol:   method setProduct(com.scaler.entity.Product)
[ERROR]   location: variable featureValue of type com.scaler.entity.ProductFeatureValue
[ERROR] -> [Help 1]
org.apache.maven.lifecycle.LifecycleExecutionException: Failed to execute goal org.apache.maven.plugins:maven-compiler-plugin:3.11.0:compile (default-compile) on project catalog-sqldb-poc: Compilation failure
    at org.apache.maven.lifecycle.internal.MojoExecutor.doExecute2 (MojoExecutor.java:333)
    at org.apache.maven.lifecycle.internal.MojoExecutor.doExecute (MojoExecutor.java:316)
    at org.apache.maven.lifecycle.internal.MojoExecutor.execute (MojoExecutor.java:212)
    at org.apache.maven.lifecycle.internal.MojoExecutor.execute (MojoExecutor.java:174)
    at org.apache.maven.lifecycle.internal.MojoExecutor.access$000 (MojoExecutor.java:75)
    at org.apache.maven.lifecycle.internal.MojoExecutor$1.run (MojoExecutor.java:162)
    at org.apache.maven.plugin.DefaultMojosExecutionStrategy.execute (DefaultMojosExecutionStrategy.java:39)
    at org.apache.maven.lifecycle.internal.MojoExecutor.execute (MojoExecutor.java:159)
    at org.apache.maven.lifecycle.internal.LifecycleModuleBuilder.buildProject (LifecycleModuleBuilder.java:105)
    at org.apache.maven.lifecycle.internal.LifecycleModuleBuilder.buildProject (LifecycleModuleBuilder.java:73)
    at org.apache.maven.lifecycle.internal.builder.singlethreaded.SingleThreadedBuilder.build (SingleThreadedBuilder.java:53)
    at org.apache.maven.lifecycle.internal.LifecycleStarter.execute (LifecycleStarter.java:118)
    at org.apache.maven.DefaultMaven.doExecute (DefaultMaven.java:261)
    at org.apache.maven.DefaultMaven.doExecute (DefaultMaven.java:173)
    at org.apache.maven.DefaultMaven.execute (DefaultMaven.java:101)
    at org.apache.maven.cli.MavenCli.execute (MavenCli.java:906)
    at org.apache.maven.cli.MavenCli.doMain (MavenCli.java:283)
    at org.apache.maven.cli.MavenCli.main (MavenCli.java:206)
    at jdk.internal.reflect.DirectMethodHandleAccessor.invoke (DirectMethodHandleAccessor.java:103)
    at java.lang.reflect.Method.invoke (Method.java:580)
    at org.codehaus.plexus.classworlds.launcher.Launcher.launchEnhanced (Launcher.java:255)
    at org.codehaus.plexus.classworlds.launcher.Launcher.launch (Launcher.java:201)
    at org.codehaus.plexus.classworlds.launcher.Launcher.mainWithExitCode (Launcher.java:361)
    at org.codehaus.plexus.classworlds.launcher.Launcher.main (Launcher.java:314)
Caused by: org.apache.maven.plugin.compiler.CompilationFailureException: Compilation failure
    at org.apache.maven.plugin.compiler.AbstractCompilerMojo.execute (AbstractCompilerMojo.java:1212)
    at org.apache.maven.plugin.compiler.CompilerMojo.execute (CompilerMojo.java:193)
    at org.apache.maven.plugin.DefaultBuildPluginManager.executeMojo (DefaultBuildPluginManager.java:126)
    at org.apache.maven.lifecycle.internal.MojoExecutor.doExecute2 (MojoExecutor.java:328)
    at org.apache.maven.lifecycle.internal.MojoExecutor.doExecute (MojoExecutor.java:316)
    at org.apache.maven.lifecycle.internal.MojoExecutor.execute (MojoExecutor.java:212)
    at org.apache.maven.lifecycle.internal.MojoExecutor.execute (MojoExecutor.java:174)
    at org.apache.maven.lifecycle.internal.MojoExecutor.access$000 (MojoExecutor.java:75)
    at org.apache.maven.lifecycle.internal.MojoExecutor$1.run (MojoExecutor.java:162)
    at org.apache.maven.plugin.DefaultMojosExecutionStrategy.execute (DefaultMojosExecutionStrategy.java:39)
    at org.apache.maven.lifecycle.internal.MojoExecutor.execute (MojoExecutor.java:159)
    at org.apache.maven.lifecycle.internal.LifecycleModuleBuilder.buildProject (LifecycleModuleBuilder.java:105)
    at org.apache.maven.lifecycle.internal.LifecycleModuleBuilder.buildProject (LifecycleModuleBuilder.java:73)
    at org.apache.maven.lifecycle.internal.builder.singlethreaded.SingleThreadedBuilder.build (SingleThreadedBuilder.java:53)
    at org.apache.maven.lifecycle.internal.LifecycleStarter.execute (LifecycleStarter.java:118)
    at org.apache.maven.DefaultMaven.doExecute (DefaultMaven.java:261)
    at org.apache.maven.DefaultMaven.doExecute (DefaultMaven.java:173)
    at org.apache.maven.DefaultMaven.execute (DefaultMaven.java:101)
    at org.apache.maven.cli.MavenCli.execute (MavenCli.java:906)
    at org.apache.maven.cli.MavenCli.doMain (MavenCli.java:283)
    at org.apache.maven.cli.MavenCli.main (MavenCli.java:206)
    at jdk.internal.reflect.DirectMethodHandleAccessor.invoke (DirectMethodHandleAccessor.java:103)
    at java.lang.reflect.Method.invoke (Method.java:580)
    at org.codehaus.plexus.classworlds.launcher.Launcher.launchEnhanced (Launcher.java:255)
    at org.codehaus.plexus.classworlds.launcher.Launcher.launch (Launcher.java:201)
    at org.codehaus.plexus.classworlds.launcher.Launcher.mainWithExitCode (Launcher.java:361)
    at org.codehaus.plexus.classworlds.launcher.Launcher.main (Launcher.java:314)
[ERROR] 
[ERROR] Re-run Maven using the -X switch to enable full debug logging.
[ERROR] 
[ERROR] For more information about the errors and possible solutions, please read the following articles:
[ERROR] [Help 1] http://cwiki.apache.org/confluence/display/MAVEN/MojoFailureException
