Standard Commons Logging discovery in action with spring-jcl: please remove commons-logging.jar from classpath in order to avoid potential conflicts

  .   ____          _            __ _ _
 /\\ / ___'_ __ _ _(_)_ __  __ _ \ \ \ \
( ( )\___ | '_ | '_| | '_ \/ _` | \ \ \ \
 \\/  ___)| |_)| | | | | || (_| |  ) ) ) )
  '  |____| .__|_| |_|_| |_\__, | / / / /
 =========|_|==============|___/=/_/_/_/
[32m :: Spring Boot :: [39m              [2m (v3.1.6)[0;39m

[2m2025-03-20T03:24:01.141+05:30[0;39m [32m INFO[0;39m [35m30098[0;39m [2m---[0;39m [2m[           main][0;39m [36mc.n.p.partner.PartnerServiceApplication [0;39m [2m:[0;39m Starting PartnerServiceApplication v0.0.1-SNAPSHOT using Java 23 with PID 30098 (/Users/pponali/Library/CloudStorage/OneDrive-TataCLiQ/practice/catalog-sql/partner-service/target/partner-service-0.0.1-SNAPSHOT.jar started by pponali in /Users/pponali/Library/CloudStorage/OneDrive-TataCLiQ/practice/catalog-sql)
[2m2025-03-20T03:24:01.143+05:30[0;39m [32m INFO[0;39m [35m30098[0;39m [2m---[0;39m [2m[           main][0;39m [36mc.n.p.partner.PartnerServiceApplication [0;39m [2m:[0;39m No active profile set, falling back to 1 default profile: "default"
[2m2025-03-20T03:24:01.590+05:30[0;39m [32m INFO[0;39m [35m30098[0;39m [2m---[0;39m [2m[           main][0;39m [36m.s.d.r.c.RepositoryConfigurationDelegate[0;39m [2m:[0;39m Bootstrapping Spring Data MongoDB repositories in DEFAULT mode.
[2m2025-03-20T03:24:01.616+05:30[0;39m [32m INFO[0;39m [35m30098[0;39m [2m---[0;39m [2m[           main][0;39m [36m.s.d.r.c.RepositoryConfigurationDelegate[0;39m [2m:[0;39m Finished Spring Data repository scanning in 23 ms. Found 2 MongoDB repository interfaces.
[2m2025-03-20T03:24:02.049+05:30[0;39m [32m INFO[0;39m [35m30098[0;39m [2m---[0;39m [2m[           main][0;39m [36mo.s.cloud.context.scope.GenericScope    [0;39m [2m:[0;39m BeanFactory id=c14bd24a-4332-38e5-a45f-8bc5cb16c651
[2m2025-03-20T03:24:02.475+05:30[0;39m [32m INFO[0;39m [35m30098[0;39m [2m---[0;39m [2m[           main][0;39m [36mo.s.b.w.embedded.tomcat.TomcatWebServer [0;39m [2m:[0;39m Tomcat initialized with port(s): 8086 (http)
[2m2025-03-20T03:24:02.482+05:30[0;39m [32m INFO[0;39m [35m30098[0;39m [2m---[0;39m [2m[           main][0;39m [36mo.apache.catalina.core.StandardService  [0;39m [2m:[0;39m Starting service [Tomcat]
[2m2025-03-20T03:24:02.482+05:30[0;39m [32m INFO[0;39m [35m30098[0;39m [2m---[0;39m [2m[           main][0;39m [36mo.apache.catalina.core.StandardEngine   [0;39m [2m:[0;39m Starting Servlet engine: [Apache Tomcat/10.1.16]
[2m2025-03-20T03:24:02.526+05:30[0;39m [32m INFO[0;39m [35m30098[0;39m [2m---[0;39m [2m[           main][0;39m [36mo.a.c.c.C.[Tomcat].[localhost].[/api]   [0;39m [2m:[0;39m Initializing Spring embedded WebApplicationContext
[2m2025-03-20T03:24:02.527+05:30[0;39m [32m INFO[0;39m [35m30098[0;39m [2m---[0;39m [2m[           main][0;39m [36mw.s.c.ServletWebServerApplicationContext[0;39m [2m:[0;39m Root WebApplicationContext: initialization completed in 1342 ms
Standard Commons Logging discovery in action with spring-jcl: please remove commons-logging.jar from classpath in order to avoid potential conflicts
[2m2025-03-20T03:24:02.788+05:30[0;39m [32m INFO[0;39m [35m30098[0;39m [2m---[0;39m [2m[           main][0;39m [36morg.mongodb.driver.client               [0;39m [2m:[0;39m MongoClient with metadata {"driver": {"name": "mongo-java-driver|sync|spring-boot", "version": "4.9.1"}, "os": {"type": "Darwin", "name": "Mac OS X", "architecture": "aarch64", "version": "15.3.1"}, "platform": "Java/Oracle Corporation/23+37-2369"} created with settings MongoClientSettings{readPreference=primary, writeConcern=WriteConcern{w=null, wTimeout=null ms, journal=null}, retryWrites=true, retryReads=true, readConcern=ReadConcern{level=null}, credential=null, streamFactoryFactory=null, commandListeners=[io.micrometer.core.instrument.binder.mongodb.MongoMetricsCommandListener@37fdfb05], codecRegistry=ProvidersCodecRegistry{codecProviders=[ValueCodecProvider{}, BsonValueCodecProvider{}, DBRefCodecProvider{}, DBObjectCodecProvider{}, DocumentCodecProvider{}, CollectionCodecProvider{}, IterableCodecProvider{}, MapCodecProvider{}, GeoJsonCodecProvider{}, GridFSFileCodecProvider{}, Jsr310CodecProvider{}, JsonObjectCodecProvider{}, BsonCodecProvider{}, EnumCodecProvider{}, com.mongodb.client.model.mql.ExpressionCodecProvider@5e39850, com.mongodb.Jep395RecordCodecProvider@1603dc2f]}, loggerSettings=LoggerSettings{maxDocumentLength=1000}, clusterSettings={hosts=[localhost:27017], srvServiceName=mongodb, mode=SINGLE, requiredClusterType=UNKNOWN, requiredReplicaSetName='null', serverSelector='null', clusterListeners='[]', serverSelectionTimeout='30000 ms', localThreshold='30000 ms'}, socketSettings=SocketSettings{connectTimeoutMS=10000, readTimeoutMS=0, receiveBufferSize=0, sendBufferSize=0}, heartbeatSocketSettings=SocketSettings{connectTimeoutMS=10000, readTimeoutMS=10000, receiveBufferSize=0, sendBufferSize=0}, connectionPoolSettings=ConnectionPoolSettings{maxSize=100, minSize=0, maxWaitTimeMS=120000, maxConnectionLifeTimeMS=0, maxConnectionIdleTimeMS=0, maintenanceInitialDelayMS=0, maintenanceFrequencyMS=60000, connectionPoolListeners=[io.micrometer.core.instrument.binder.mongodb.MongoMetricsConnectionPoolListener@398474a2], maxConnecting=2}, serverSettings=ServerSettings{heartbeatFrequencyMS=10000, minHeartbeatFrequencyMS=500, serverListeners='[]', serverMonitorListeners='[]'}, sslSettings=SslSettings{enabled=false, invalidHostNameAllowed=false, context=null}, applicationName='null', compressorList=[], uuidRepresentation=JAVA_LEGACY, serverApi=null, autoEncryptionSettings=null, contextProvider=null}
[2m2025-03-20T03:24:02.824+05:30[0;39m [32m INFO[0;39m [35m30098[0;39m [2m---[0;39m [2m[localhost:27017][0;39m [36morg.mongodb.driver.cluster              [0;39m [2m:[0;39m Monitor thread successfully connected to server with description ServerDescription{address=localhost:27017, type=STANDALONE, state=CONNECTED, ok=true, minWireVersion=0, maxWireVersion=25, maxDocumentSize=16777216, logicalSessionTimeoutMinutes=30, roundTripTimeNanos=28358667}
[2m2025-03-20T03:24:03.440+05:30[0;39m [32m INFO[0;39m [35m30098[0;39m [2m---[0;39m [2m[           main][0;39m [36mo.s.b.a.e.web.EndpointLinksResolver     [0;39m [2m:[0;39m Exposing 23 endpoint(s) beneath base path '/actuator'
[2m2025-03-20T03:24:03.997+05:30[0;39m [33m WARN[0;39m [35m30098[0;39m [2m---[0;39m [2m[           main][0;39m [36mConfigServletWebServerApplicationContext[0;39m [2m:[0;39m Exception encountered during context initialization - cancelling refresh attempt: org.springframework.context.ApplicationContextException: Failed to start bean 'webServerStartStop'
[2m2025-03-20T03:24:04.003+05:30[0;39m [32m INFO[0;39m [35m30098[0;39m [2m---[0;39m [2m[           main][0;39m [36mo.apache.catalina.core.StandardService  [0;39m [2m:[0;39m Stopping service [Tomcat]
[2m2025-03-20T03:24:04.015+05:30[0;39m [32m INFO[0;39m [35m30098[0;39m [2m---[0;39m [2m[           main][0;39m [36m.s.b.a.l.ConditionEvaluationReportLogger[0;39m [2m:[0;39m 

Error starting ApplicationContext. To display the condition evaluation report re-run your application with 'debug' enabled.
[2m2025-03-20T03:24:04.022+05:30[0;39m [31mERROR[0;39m [35m30098[0;39m [2m---[0;39m [2m[           main][0;39m [36mo.s.b.d.LoggingFailureAnalysisReporter  [0;39m [2m:[0;39m 

***************************
APPLICATION FAILED TO START
***************************

Description:

Web server failed to start. Port 8086 was already in use.

Action:

Identify and stop the process that's listening on port 8086 or configure this application to listen on another port.

