Standard Commons Logging discovery in action with spring-jcl: please remove commons-logging.jar from classpath in order to avoid potential conflicts

  .   ____          _            __ _ _
 /\\ / ___'_ __ _ _(_)_ __  __ _ \ \ \ \
( ( )\___ | '_ | '_| | '_ \/ _` | \ \ \ \
 \\/  ___)| |_)| | | | | || (_| |  ) ) ) )
  '  |____| .__|_| |_|_| |_\__, | / / / /
 =========|_|==============|___/=/_/_/_/
[32m :: Spring Boot :: [39m              [2m (v3.1.6)[0;39m

[2m2025-03-20T04:06:36.626+05:30[0;39m [32m INFO[0;39m [35m97772[0;39m [2m---[0;39m [2m[           main][0;39m [36mc.n.p.channel.ChannelServiceApplication [0;39m [2m:[0;39m Starting ChannelServiceApplication v0.0.1-SNAPSHOT using Java 23 with PID 97772 (/Users/pponali/Library/CloudStorage/OneDrive-TataCLiQ/practice/catalog-sql/channel-service/target/channel-service-0.0.1-SNAPSHOT.jar started by pponali in /Users/pponali/Library/CloudStorage/OneDrive-TataCLiQ/practice/catalog-sql/channel-service)
[2m2025-03-20T04:06:36.627+05:30[0;39m [32mDEBUG[0;39m [35m97772[0;39m [2m---[0;39m [2m[           main][0;39m [36mc.n.p.channel.ChannelServiceApplication [0;39m [2m:[0;39m Running with Spring Boot v3.1.6, Spring v6.0.14
[2m2025-03-20T04:06:36.628+05:30[0;39m [32m INFO[0;39m [35m97772[0;39m [2m---[0;39m [2m[           main][0;39m [36mc.n.p.channel.ChannelServiceApplication [0;39m [2m:[0;39m No active profile set, falling back to 1 default profile: "default"
[2m2025-03-20T04:06:37.416+05:30[0;39m [32m INFO[0;39m [35m97772[0;39m [2m---[0;39m [2m[           main][0;39m [36m.s.d.r.c.RepositoryConfigurationDelegate[0;39m [2m:[0;39m Bootstrapping Spring Data MongoDB repositories in DEFAULT mode.
[2m2025-03-20T04:06:37.506+05:30[0;39m [32m INFO[0;39m [35m97772[0;39m [2m---[0;39m [2m[           main][0;39m [36m.s.d.r.c.RepositoryConfigurationDelegate[0;39m [2m:[0;39m Finished Spring Data repository scanning in 87 ms. Found 2 MongoDB repository interfaces.
[2m2025-03-20T04:06:37.737+05:30[0;39m [32m INFO[0;39m [35m97772[0;39m [2m---[0;39m [2m[           main][0;39m [36mo.s.cloud.context.scope.GenericScope    [0;39m [2m:[0;39m BeanFactory id=b6417d3e-c937-304c-bfef-dd6d627376d8
[2m2025-03-20T04:06:38.135+05:30[0;39m [32m INFO[0;39m [35m97772[0;39m [2m---[0;39m [2m[           main][0;39m [36mo.s.b.w.embedded.tomcat.TomcatWebServer [0;39m [2m:[0;39m Tomcat initialized with port(s): 8087 (http)
[2m2025-03-20T04:06:38.140+05:30[0;39m [32m INFO[0;39m [35m97772[0;39m [2m---[0;39m [2m[           main][0;39m [36mo.apache.catalina.core.StandardService  [0;39m [2m:[0;39m Starting service [Tomcat]
[2m2025-03-20T04:06:38.141+05:30[0;39m [32m INFO[0;39m [35m97772[0;39m [2m---[0;39m [2m[           main][0;39m [36mo.apache.catalina.core.StandardEngine   [0;39m [2m:[0;39m Starting Servlet engine: [Apache Tomcat/10.1.16]
[2m2025-03-20T04:06:38.186+05:30[0;39m [32m INFO[0;39m [35m97772[0;39m [2m---[0;39m [2m[           main][0;39m [36mo.a.c.c.C.[Tomcat].[localhost].[/]      [0;39m [2m:[0;39m Initializing Spring embedded WebApplicationContext
[2m2025-03-20T04:06:38.187+05:30[0;39m [32m INFO[0;39m [35m97772[0;39m [2m---[0;39m [2m[           main][0;39m [36mw.s.c.ServletWebServerApplicationContext[0;39m [2m:[0;39m Root WebApplicationContext: initialization completed in 1508 ms
Standard Commons Logging discovery in action with spring-jcl: please remove commons-logging.jar from classpath in order to avoid potential conflicts
[2m2025-03-20T04:06:38.444+05:30[0;39m [32m INFO[0;39m [35m97772[0;39m [2m---[0;39m [2m[           main][0;39m [36morg.mongodb.driver.client               [0;39m [2m:[0;39m MongoClient with metadata {"driver": {"name": "mongo-java-driver|sync|spring-boot", "version": "4.9.1"}, "os": {"type": "Darwin", "name": "Mac OS X", "architecture": "aarch64", "version": "15.3.1"}, "platform": "Java/Oracle Corporation/23+37-2369"} created with settings MongoClientSettings{readPreference=primary, writeConcern=WriteConcern{w=null, wTimeout=null ms, journal=null}, retryWrites=true, retryReads=true, readConcern=ReadConcern{level=null}, credential=null, streamFactoryFactory=null, commandListeners=[io.micrometer.core.instrument.binder.mongodb.MongoMetricsCommandListener@2764c546], codecRegistry=ProvidersCodecRegistry{codecProviders=[ValueCodecProvider{}, BsonValueCodecProvider{}, DBRefCodecProvider{}, DBObjectCodecProvider{}, DocumentCodecProvider{}, CollectionCodecProvider{}, IterableCodecProvider{}, MapCodecProvider{}, GeoJsonCodecProvider{}, GridFSFileCodecProvider{}, Jsr310CodecProvider{}, JsonObjectCodecProvider{}, BsonCodecProvider{}, EnumCodecProvider{}, com.mongodb.client.model.mql.ExpressionCodecProvider@59496961, com.mongodb.Jep395RecordCodecProvider@408b87aa]}, loggerSettings=LoggerSettings{maxDocumentLength=1000}, clusterSettings={hosts=[localhost:27017], srvServiceName=mongodb, mode=SINGLE, requiredClusterType=UNKNOWN, requiredReplicaSetName='null', serverSelector='null', clusterListeners='[]', serverSelectionTimeout='30000 ms', localThreshold='30000 ms'}, socketSettings=SocketSettings{connectTimeoutMS=10000, readTimeoutMS=0, receiveBufferSize=0, sendBufferSize=0}, heartbeatSocketSettings=SocketSettings{connectTimeoutMS=10000, readTimeoutMS=10000, receiveBufferSize=0, sendBufferSize=0}, connectionPoolSettings=ConnectionPoolSettings{maxSize=100, minSize=0, maxWaitTimeMS=120000, maxConnectionLifeTimeMS=0, maxConnectionIdleTimeMS=0, maintenanceInitialDelayMS=0, maintenanceFrequencyMS=60000, connectionPoolListeners=[io.micrometer.core.instrument.binder.mongodb.MongoMetricsConnectionPoolListener@79b08632], maxConnecting=2}, serverSettings=ServerSettings{heartbeatFrequencyMS=10000, minHeartbeatFrequencyMS=500, serverListeners='[]', serverMonitorListeners='[]'}, sslSettings=SslSettings{enabled=false, invalidHostNameAllowed=false, context=null}, applicationName='null', compressorList=[], uuidRepresentation=JAVA_LEGACY, serverApi=null, autoEncryptionSettings=null, contextProvider=null}
[2m2025-03-20T04:06:38.498+05:30[0;39m [32m INFO[0;39m [35m97772[0;39m [2m---[0;39m [2m[localhost:27017][0;39m [36morg.mongodb.driver.cluster              [0;39m [2m:[0;39m Monitor thread successfully connected to server with description ServerDescription{address=localhost:27017, type=STANDALONE, state=CONNECTED, ok=true, minWireVersion=0, maxWireVersion=25, maxDocumentSize=16777216, logicalSessionTimeoutMinutes=30, roundTripTimeNanos=33925833}
[2m2025-03-20T04:06:38.962+05:30[0;39m [32m INFO[0;39m [35m97772[0;39m [2m---[0;39m [2m[           main][0;39m [36mo.s.c.openfeign.FeignClientFactoryBean  [0;39m [2m:[0;39m For 'catalog-service' URL not provided. Will try picking an instance via load-balancing.
[2m2025-03-20T04:06:39.056+05:30[0;39m [33m WARN[0;39m [35m97772[0;39m [2m---[0;39m [2m[           main][0;39m [36mConfigServletWebServerApplicationContext[0;39m [2m:[0;39m Exception encountered during context initialization - cancelling refresh attempt: org.springframework.beans.factory.UnsatisfiedDependencyException: Error creating bean with name 'channelProductController' defined in URL [jar:file:/Users/pponali/Library/CloudStorage/OneDrive-TataCLiQ/practice/catalog-sql/channel-service/target/channel-service-0.0.1-SNAPSHOT.jar!/BOOT-INF/classes!/com/nosql/poc/channel/controller/ChannelProductController.class]: Unsatisfied dependency expressed through constructor parameter 0: Error creating bean with name 'channelProductService' defined in URL [jar:file:/Users/pponali/Library/CloudStorage/OneDrive-TataCLiQ/practice/catalog-sql/channel-service/target/channel-service-0.0.1-SNAPSHOT.jar!/BOOT-INF/classes!/com/nosql/poc/channel/service/ChannelProductService.class]: Unsatisfied dependency expressed through constructor parameter 0: Error creating bean with name 'com.nosql.poc.channel.client.CatalogServiceClient': Post-processing of FactoryBean's singleton object failed
[2m2025-03-20T04:06:39.059+05:30[0;39m [32m INFO[0;39m [35m97772[0;39m [2m---[0;39m [2m[           main][0;39m [36mo.apache.catalina.core.StandardService  [0;39m [2m:[0;39m Stopping service [Tomcat]
[2m2025-03-20T04:06:39.084+05:30[0;39m [32m INFO[0;39m [35m97772[0;39m [2m---[0;39m [2m[           main][0;39m [36m.s.b.a.l.ConditionEvaluationReportLogger[0;39m [2m:[0;39m 

Error starting ApplicationContext. To display the condition evaluation report re-run your application with 'debug' enabled.
[2m2025-03-20T04:06:39.093+05:30[0;39m [31mERROR[0;39m [35m97772[0;39m [2m---[0;39m [2m[           main][0;39m [36mo.s.b.d.LoggingFailureAnalysisReporter  [0;39m [2m:[0;39m 

***************************
APPLICATION FAILED TO START
***************************

Description:

An attempt was made to call a method that does not exist. The attempt was made from the following location:

    io.github.resilience4j.circuitbreaker.CircuitBreakerConfig$Builder.createRecordExceptionPredicate(CircuitBreakerConfig.java:820)

The following method did not exist:

    'java.util.Optional io.github.resilience4j.core.predicate.PredicateCreator.createExceptionsPredicate(java.util.function.Predicate, java.lang.Class[])'

The calling method's class, io.github.resilience4j.circuitbreaker.CircuitBreakerConfig$Builder, was loaded from the following location:

    jar:file:/Users/pponali/Library/CloudStorage/OneDrive-TataCLiQ/practice/catalog-sql/channel-service/target/channel-service-0.0.1-SNAPSHOT.jar!/BOOT-INF/lib/resilience4j-circuitbreaker-2.1.0.jar!/io/github/resilience4j/circuitbreaker/CircuitBreakerConfig$Builder.class

The called method's class, io.github.resilience4j.core.predicate.PredicateCreator, is available from the following locations:

    jar:file:/Users/pponali/Library/CloudStorage/OneDrive-TataCLiQ/practice/catalog-sql/channel-service/target/channel-service-0.0.1-SNAPSHOT.jar!/BOOT-INF/lib/resilience4j-core-2.0.2.jar!/io/github/resilience4j/core/predicate/PredicateCreator.class

The called method's class hierarchy was loaded from the following locations:

    io.github.resilience4j.core.predicate.PredicateCreator: jar:file:/Users/pponali/Library/CloudStorage/OneDrive-TataCLiQ/practice/catalog-sql/channel-service/target/channel-service-0.0.1-SNAPSHOT.jar!/BOOT-INF/lib/resilience4j-core-2.0.2.jar!/


Action:

Correct the classpath of your application so that it contains compatible versions of the classes io.github.resilience4j.circuitbreaker.CircuitBreakerConfig$Builder and io.github.resilience4j.core.predicate.PredicateCreator

