[INFO] Scanning for projects...
[INFO] ------------------------------------------------------------------------
[INFO] Detecting the operating system and CPU architecture
[INFO] ------------------------------------------------------------------------
[INFO] os.detected.name: osx
[INFO] os.detected.arch: aarch_64
[INFO] os.detected.version: 15.3
[INFO] os.detected.version.major: 15
[INFO] os.detected.version.minor: 3
[INFO] os.detected.classifier: osx-aarch_64
[INFO] 
[INFO] ---------------------< com.scaler:channel-service >---------------------
[INFO] Building channel-service 0.0.1-SNAPSHOT
[INFO]   from pom.xml
[INFO] --------------------------------[ jar ]---------------------------------
[INFO] 
[INFO] --- clean:3.2.0:clean (default-clean) @ channel-service ---
[INFO] Deleting /Users/pponali/Library/CloudStorage/OneDrive-TataCLiQ/practice/catalog-sql/channel-service/target
[INFO] 
[INFO] --- os:1.6.0:detect (default) @ channel-service ---
[INFO] ------------------------------------------------------------------------
[INFO] Detecting the operating system and CPU architecture
[INFO] ------------------------------------------------------------------------
[INFO] os.detected.name: osx
[INFO] os.detected.arch: aarch_64
[INFO] os.detected.version: 15.3
[INFO] os.detected.version.major: 15
[INFO] os.detected.version.minor: 3
[INFO] os.detected.classifier: osx-aarch_64
[INFO] 
[INFO] --- protobuf:0.6.1:compile (default) @ channel-service ---
[INFO] Compiling 1 proto file(s) to /Users/pponali/Library/CloudStorage/OneDrive-TataCLiQ/practice/catalog-sql/channel-service/target/generated-sources/protobuf/java
[INFO] 
[INFO] --- protobuf:0.6.1:compile-custom (default) @ channel-service ---
[INFO] Compiling 1 proto file(s) to /Users/pponali/Library/CloudStorage/OneDrive-TataCLiQ/practice/catalog-sql/channel-service/target/generated-sources/protobuf/grpc-java
[INFO] 
[INFO] --- resources:3.3.1:resources (default-resources) @ channel-service ---
[INFO] Copying 2 resources from src/main/resources to target/classes
[INFO] Copying 4 resources from src/main/resources to target/classes
[INFO] Copying 1 resource from src/main/proto to target/classes
[INFO] Copying 1 resource from src/main/proto to target/classes
[INFO] 
[INFO] --- compiler:3.11.0:compile (default-compile) @ channel-service ---
[INFO] Changes detected - recompiling the module! :source
[INFO] Compiling 118 source files with javac [debug release 17] to target/classes
[WARNING] The following options were not recognized by any processor: '[mapstruct.verbose, mapstruct.unmappedTargetPolicy, mapstruct.defaultComponentModel]'
[INFO] 
[INFO] --- resources:3.3.1:testResources (default-testResources) @ channel-service ---
[INFO] skip non existing resourceDirectory /Users/pponali/Library/CloudStorage/OneDrive-TataCLiQ/practice/catalog-sql/channel-service/src/test/resources
[INFO] 
[INFO] --- compiler:3.11.0:testCompile (default-testCompile) @ channel-service ---
[INFO] No sources to compile
[INFO] 
[INFO] --- surefire:3.0.0:test (default-test) @ channel-service ---
[INFO] Tests are skipped.
[INFO] 
[INFO] --- jar:3.3.0:jar (default-jar) @ channel-service ---
[INFO] Building jar: /Users/pponali/Library/CloudStorage/OneDrive-TataCLiQ/practice/catalog-sql/channel-service/target/channel-service-0.0.1-SNAPSHOT.jar
[INFO] 
[INFO] --- spring-boot:3.1.6:repackage (repackage) @ channel-service ---
[INFO] Replacing main artifact /Users/pponali/Library/CloudStorage/OneDrive-TataCLiQ/practice/catalog-sql/channel-service/target/channel-service-0.0.1-SNAPSHOT.jar with repackaged archive, adding nested dependencies in BOOT-INF/.
[INFO] The original artifact has been renamed to /Users/pponali/Library/CloudStorage/OneDrive-TataCLiQ/practice/catalog-sql/channel-service/target/channel-service-0.0.1-SNAPSHOT.jar.original
[INFO] ------------------------------------------------------------------------
[INFO] BUILD SUCCESS
[INFO] ------------------------------------------------------------------------
[INFO] Total time:  6.408 s
[INFO] Finished at: 2025-03-20T04:06:35+05:30
[INFO] ------------------------------------------------------------------------
